24071 1649613672.085912 execve("/bin/as", ["as", "--64", "-o", "/tmp/cczaCFuy.o"], ["MODULEPATH=/usr/share/Modules/mo"..., "SHELL=/bin/tcsh", "MACHTYPE=x86_64", "QT_PLUGIN_PATH=/usr/lib64/kde4/p"..., "LESSOPEN=||/usr/bin/lesspipe.sh "..., "SSH_CONNECTION=98.230.12.81 4272"..., "PATH=/home/majors/vthomas/.bin:/"..., "QT_GRAPHICSSYSTEM_CHECKED=1", "DOMAINNAME=cs.fsu.edu", "SSH_TTY=/dev/pts/6", "XDG_RUNTIME_DIR=/run/user/90458", "VENDOR=unknown", "LS_COLORS=rs=0:di=38;5;27:ln=38;"..., "NEWSHEADER=Newsgroups: %(%F=^$?%"..., "KDEDIRS=/usr", "PWD=/home/majors/vthomas/cop5570"..., "MANPATH=/usr/man:/usr/bin/man:/u"..., "HOME=/home/majors/vthomas", "LD_LIBRARY_PATH=/usr/local/lib:/"..., "MODULESHOME=/usr/share/Modules", "LOGNAME=vthomas", "MAILHEADER=Newsgroups: %(%n=^$?%"..., "HOSTNAME=linprog1.cs.fsu.edu", "OSTYPE=linux", "SHLVL=1", "XDG_SESSION_ID=25751", "USER=vthomas", "QTLIB=/usr/lib64/qt-3.3/lib", "REMOTEHOST=c-98-230-12-81.hsd1.f"..., "MAKEFLAGS=", "MFLAGS=", "SSH_CLIENT=98.230.12.81 42724 22", "MAIL=/var/spool/mail/vthomas", "LOADEDMODULES=", "OPENWINHOME=/usr/openwin", "EDITOR=nano", "HOSTTYPE=x86_64", "GROUP=CS-Majors", "MACHINE=linprog1.cs.fsu.edu", "QTINC=/usr/lib64/qt-3.3/include", "QTDIR=/usr/lib64/qt-3.3", "NNTPSERVER=news.fsu.edu", "ORGANIZATION=FSU Computer Scienc"..., "LANG=en_US.UTF-8", "_pam_krb5_stash_vthomas_CS.FSU.E"..., "TERM=xterm-256color", "HOST=linprog1.cs.fsu.edu", "MAKELEVEL=1", "COLLECT_GCC=gcc", "COLLECT_LTO_WRAPPER=/usr/libexec"..., "COLLECT_GCC_OPTIONS='-pipe' '-st"...] <unfinished ...>
24070 1649613672.086176 open("/usr/local/lib/x86_64/libdl.so.2", O_RDONLY|O_CLOEXEC) = -1 ENOENT (No such file or directory)
24070 1649613672.086293 open("/usr/local/lib/libdl.so.2", O_RDONLY|O_CLOEXEC <unfinished ...>
24069 1649613672.086318 close(3<pipe:[15304742]> <unfinished ...>
24070 1649613672.086363 <... open resumed>) = -1 ENOENT (No such file or directory)
24069 1649613672.086380 <... close resumed>) = 0
24071 1649613672.086394 <... execve resumed>) = 0
24070 1649613672.086441 open("/usr/lib/tls/x86_64/libdl.so.2", O_RDONLY|O_CLOEXEC) = -1 ENOENT (No such file or directory)
24070 1649613672.086528 open("/usr/lib/tls/libdl.so.2", O_RDONLY|O_CLOEXEC <unfinished ...>
24071 1649613672.086551 mmap(NULL, 4096, PROT_READ|PROT_WRITE, MAP_PRIVATE|MAP_ANONYMOUS, -1, 0 <unfinished ...>
24070 1649613672.086569 <... open resumed>) = -1 ENOENT (No such file or directory)
24071 1649613672.086586 <... mmap resumed>) = 0x7f7109d8a000
24070 1649613672.086640 open("/usr/lib/x86_64/libdl.so.2", O_RDONLY|O_CLOEXEC) = -1 ENOENT (No such file or directory)
24071 1649613672.086698 open("/usr/local/lib/tls/x86_64/libopcodes-2.27-44.base.el7_9.1.so", O_RDONLY|O_CLOEXEC) = -1 ENOENT (No such file or directory)
24070 1649613672.086755 open("/usr/lib/libdl.so.2", O_RDONLY|O_CLOEXEC <unfinished ...>
24071 1649613672.086787 open("/usr/local/lib/tls/libopcodes-2.27-44.base.el7_9.1.so", O_RDONLY|O_CLOEXEC <unfinished ...>
24070 1649613672.086800 <... open resumed>) = 3</usr/lib/libdl-2.17.so>
24071 1649613672.086826 <... open resumed>) = -1 ENOENT (No such file or directory)
24070 1649613672.086843 read(3</usr/lib/libdl-2.17.so>, "\177ELF\1\1\1\0\0\0\0\0\0\0\0\0\3\0\3\0\1\0\0\0000\n\0\0004\0\0\0"..., 832) = 832
24070 1649613672.086895 close(3</usr/lib/libdl-2.17.so> <unfinished ...>
24071 1649613672.086913 open("/usr/local/lib/x86_64/libopcodes-2.27-44.base.el7_9.1.so", O_RDONLY|O_CLOEXEC <unfinished ...>
24070 1649613672.086946 <... close resumed>) = 0
24071 1649613672.086959 <... open resumed>) = -1 ENOENT (No such file or directory)
24070 1649613672.087005 open("/opt/sfw/lib/tls/x86_64/libdl.so.2", O_RDONLY|O_CLOEXEC <unfinished ...>
24071 1649613672.087022 open("/usr/local/lib/libopcodes-2.27-44.base.el7_9.1.so", O_RDONLY|O_CLOEXEC <unfinished ...>
24070 1649613672.087037 <... open resumed>) = -1 ENOENT (No such file or directory)
24071 1649613672.087053 <... open resumed>) = -1 ENOENT (No such file or directory)
24070 1649613672.087095 open("/opt/sfw/lib/tls/libdl.so.2", O_RDONLY|O_CLOEXEC <unfinished ...>
24071 1649613672.087112 open("/usr/lib/tls/x86_64/libopcodes-2.27-44.base.el7_9.1.so", O_RDONLY|O_CLOEXEC <unfinished ...>
24070 1649613672.087128 <... open resumed>) = -1 ENOENT (No such file or directory)
24071 1649613672.087142 <... open resumed>) = -1 ENOENT (No such file or directory)
24070 1649613672.087184 open("/opt/sfw/lib/x86_64/libdl.so.2", O_RDONLY|O_CLOEXEC <unfinished ...>
24071 1649613672.087200 open("/usr/lib/tls/libopcodes-2.27-44.base.el7_9.1.so", O_RDONLY|O_CLOEXEC <unfinished ...>
24070 1649613672.087216 <... open resumed>) = -1 ENOENT (No such file or directory)
24071 1649613672.087231 <... open resumed>) = -1 ENOENT (No such file or directory)
24070 1649613672.087273 open("/opt/sfw/lib/libdl.so.2", O_RDONLY|O_CLOEXEC <unfinished ...>
24071 1649613672.087289 open("/usr/lib/x86_64/libopcodes-2.27-44.base.el7_9.1.so", O_RDONLY|O_CLOEXEC <unfinished ...>
24070 1649613672.087305 <... open resumed>) = -1 ENOENT (No such file or directory)
24071 1649613672.087319 <... open resumed>) = -1 ENOENT (No such file or directory)
24070 1649613672.087363 open("/usr/sfw/lib/tls/x86_64/libdl.so.2", O_RDONLY|O_CLOEXEC <unfinished ...>
24071 1649613672.087378 open("/usr/lib/libopcodes-2.27-44.base.el7_9.1.so", O_RDONLY|O_CLOEXEC <unfinished ...>
24070 1649613672.087394 <... open resumed>) = -1 ENOENT (No such file or directory)
24071 1649613672.087409 <... open resumed>) = -1 ENOENT (No such file or directory)
24070 1649613672.087451 open("/usr/sfw/lib/tls/libdl.so.2", O_RDONLY|O_CLOEXEC <unfinished ...>
24071 1649613672.087473 open("/opt/sfw/lib/tls/x86_64/libopcodes-2.27-44.base.el7_9.1.so", O_RDONLY|O_CLOEXEC <unfinished ...>
24070 1649613672.087489 <... open resumed>) = -1 ENOENT (No such file or directory)
24071 1649613672.087504 <... open resumed>) = -1 ENOENT (No such file or directory)
24070 1649613672.087548 open("/usr/sfw/lib/x86_64/libdl.so.2", O_RDONLY|O_CLOEXEC <unfinished ...>
24071 1649613672.087563 open("/opt/sfw/lib/tls/libopcodes-2.27-44.base.el7_9.1.so", O_RDONLY|O_CLOEXEC <unfinished ...>
24070 1649613672.087579 <... open resumed>) = -1 ENOENT (No such file or directory)
24071 1649613672.087593 <... open resumed>) = -1 ENOENT (No such file or directory)
24070 1649613672.087637 open("/usr/sfw/lib/libdl.so.2", O_RDONLY|O_CLOEXEC <unfinished ...>
24071 1649613672.087652 open("/opt/sfw/lib/x86_64/libopcodes-2.27-44.base.el7_9.1.so", O_RDONLY|O_CLOEXEC <unfinished ...>
24070 1649613672.087668 <... open resumed>) = -1 ENOENT (No such file or directory)
24071 1649613672.087682 <... open resumed>) = -1 ENOENT (No such file or directory)
24070 1649613672.087726 open("/usr/ccs/lib/tls/x86_64/libdl.so.2", O_RDONLY|O_CLOEXEC <unfinished ...>
24071 1649613672.087741 open("/opt/sfw/lib/libopcodes-2.27-44.base.el7_9.1.so", O_RDONLY|O_CLOEXEC <unfinished ...>
24070 1649613672.087757 <... open resumed>) = -1 ENOENT (No such file or directory)
24071 1649613672.087771 <... open resumed>) = -1 ENOENT (No such file or directory)
24070 1649613672.087814 open("/usr/ccs/lib/tls/libdl.so.2", O_RDONLY|O_CLOEXEC <unfinished ...>
24071 1649613672.087829 open("/usr/sfw/lib/tls/x86_64/libopcodes-2.27-44.base.el7_9.1.so", O_RDONLY|O_CLOEXEC <unfinished ...>
24070 1649613672.087845 <... open resumed>) = -1 ENOENT (No such file or directory)
24071 1649613672.087859 <... open resumed>) = -1 ENOENT (No such file or directory)
24070 1649613672.087902 open("/usr/ccs/lib/x86_64/libdl.so.2", O_RDONLY|O_CLOEXEC <unfinished ...>
24071 1649613672.087928 open("/usr/sfw/lib/tls/libopcodes-2.27-44.base.el7_9.1.so", O_RDONLY|O_CLOEXEC <unfinished ...>
24070 1649613672.087946 <... open resumed>) = -1 ENOENT (No such file or directory)
24071 1649613672.087961 <... open resumed>) = -1 ENOENT (No such file or directory)
24070 1649613672.088003 open("/usr/ccs/lib/libdl.so.2", O_RDONLY|O_CLOEXEC <unfinished ...>
24071 1649613672.088020 open("/usr/sfw/lib/x86_64/libopcodes-2.27-44.base.el7_9.1.so", O_RDONLY|O_CLOEXEC <unfinished ...>
24070 1649613672.088035 <... open resumed>) = -1 ENOENT (No such file or directory)
24071 1649613672.088050 <... open resumed>) = -1 ENOENT (No such file or directory)
24070 1649613672.088094 open("/etc/ld.so.cache", O_RDONLY|O_CLOEXEC <unfinished ...>
24071 1649613672.088110 open("/usr/sfw/lib/libopcodes-2.27-44.base.el7_9.1.so", O_RDONLY|O_CLOEXEC <unfinished ...>
24070 1649613672.088125 <... open resumed>) = 3</etc/ld.so.cache>
24071 1649613672.088147 <... open resumed>) = -1 ENOENT (No such file or directory)
24070 1649613672.088190 mmap(NULL, 201154, PROT_READ, MAP_PRIVATE, 3</etc/ld.so.cache>, 0 <unfinished ...>
24071 1649613672.088211 open("/usr/ccs/lib/tls/x86_64/libopcodes-2.27-44.base.el7_9.1.so", O_RDONLY|O_CLOEXEC <unfinished ...>
24070 1649613672.088228 <... mmap resumed>) = 0x7f3f425d4000
24071 1649613672.088242 <... open resumed>) = -1 ENOENT (No such file or directory)
24070 1649613672.088257 close(3</etc/ld.so.cache>) = 0
24071 1649613672.088308 open("/usr/ccs/lib/tls/libopcodes-2.27-44.base.el7_9.1.so", O_RDONLY|O_CLOEXEC) = -1 ENOENT (No such file or directory)
24070 1649613672.088346 open("/lib64/libdl.so.2", O_RDONLY|O_CLOEXEC) = 3</usr/lib64/libdl-2.17.so>
24070 1649613672.088398 read(3</usr/lib64/libdl-2.17.so>,  <unfinished ...>
24071 1649613672.088416 open("/usr/ccs/lib/x86_64/libopcodes-2.27-44.base.el7_9.1.so", O_RDONLY|O_CLOEXEC <unfinished ...>
24070 1649613672.088433 <... read resumed>"\177ELF\2\1\1\0\0\0\0\0\0\0\0\0\3\0>\0\1\0\0\0P\16\0\0\0\0\0\0"..., 832) = 832
24071 1649613672.088449 <... open resumed>) = -1 ENOENT (No such file or directory)
24070 1649613672.088500 mmap(NULL, 2109744, PROT_READ|PROT_EXEC, MAP_PRIVATE|MAP_DENYWRITE, 3</usr/lib64/libdl-2.17.so>, 0 <unfinished ...>
24071 1649613672.088518 open("/usr/ccs/lib/libopcodes-2.27-44.base.el7_9.1.so", O_RDONLY|O_CLOEXEC <unfinished ...>
24070 1649613672.088535 <... mmap resumed>) = 0x7f3f421e2000
24071 1649613672.088548 <... open resumed>) = -1 ENOENT (No such file or directory)
24071 1649613672.088605 open("/etc/ld.so.cache", O_RDONLY|O_CLOEXEC <unfinished ...>
24070 1649613672.088620 mmap(0x7f3f423e4000, 8192, PROT_READ|PROT_WRITE, MAP_PRIVATE|MAP_FIXED|MAP_DENYWRITE, 3</usr/lib64/libdl-2.17.so>, 0x2000 <unfinished ...>
24071 1649613672.088646 <... open resumed>) = 3</etc/ld.so.cache>
24070 1649613672.088666 <... mmap resumed>) = 0x7f3f423e4000
24070 1649613672.088699 close(3</usr/lib64/libdl-2.17.so> <unfinished ...>
24071 1649613672.088721 mmap(NULL, 201154, PROT_READ, MAP_PRIVATE, 3</etc/ld.so.cache>, 0 <unfinished ...>
24070 1649613672.088737 <... close resumed>) = 0
24071 1649613672.088751 <... mmap resumed>) = 0x7f7109d58000
24070 1649613672.088766 open("/usr/local/lib/libmpc.so.3", O_RDONLY|O_CLOEXEC <unfinished ...>
24071 1649613672.088782 close(3</etc/ld.so.cache> <unfinished ...>
24070 1649613672.088801 <... open resumed>) = -1 ENOENT (No such file or directory)
24071 1649613672.088816 <... close resumed>) = 0
24070 1649613672.088830 open("/usr/lib/libmpc.so.3", O_RDONLY|O_CLOEXEC) = -1 ENOENT (No such file or directory)
24071 1649613672.088876 open("/lib64/libopcodes-2.27-44.base.el7_9.1.so", O_RDONLY|O_CLOEXEC <unfinished ...>
24070 1649613672.088900 open("/lib64/libmpc.so.3", O_RDONLY|O_CLOEXEC <unfinished ...>
24071 1649613672.088926 <... open resumed>) = 3</usr/lib64/libopcodes-2.27-44.base.el7_9.1.so>
24070 1649613672.088951 <... open resumed>) = 3</usr/lib64/libmpc.so.3.0.0>
24071 1649613672.088970 read(3</usr/lib64/libopcodes-2.27-44.base.el7_9.1.so>,  <unfinished ...>
24070 1649613672.088989 read(3</usr/lib64/libmpc.so.3.0.0>,  <unfinished ...>
24071 1649613672.089007 <... read resumed>"\177ELF\2\1\1\0\0\0\0\0\0\0\0\0\3\0>\0\1\0\0\0`\234\4\0\0\0\0\0"..., 832) = 832
24070 1649613672.089025 <... read resumed>"\177ELF\2\1\1\0\0\0\0\0\0\0\0\0\3\0>\0\1\0\0\0@L\0\0\0\0\0\0"..., 832) = 832
24071 1649613672.089079 mmap(NULL, 3781280, PROT_READ|PROT_EXEC, MAP_PRIVATE|MAP_DENYWRITE, 3</usr/lib64/libopcodes-2.27-44.base.el7_9.1.so>, 0 <unfinished ...>
24070 1649613672.089100 mmap(NULL, 4096, PROT_READ|PROT_WRITE, MAP_PRIVATE|MAP_ANONYMOUS, -1, 0 <unfinished ...>
24071 1649613672.089117 <... mmap resumed>) = 0x7f71097ce000
24070 1649613672.089131 <... mmap resumed>) = 0x7f3f425d3000
24070 1649613672.089159 mmap(NULL, 2192896, PROT_READ|PROT_EXEC, MAP_PRIVATE|MAP_DENYWRITE, 3</usr/lib64/libmpc.so.3.0.0>, 0) = 0x7f3f41fca000
24071 1649613672.089199 mmap(0x7f7109a3a000, 1241088, PROT_READ|PROT_WRITE, MAP_PRIVATE|MAP_FIXED|MAP_DENYWRITE, 3</usr/lib64/libopcodes-2.27-44.base.el7_9.1.so>, 0x6c000) = 0x7f7109a3a000
24070 1649613672.089266 mmap(0x7f3f421e0000, 8192, PROT_READ|PROT_WRITE, MAP_PRIVATE|MAP_FIXED|MAP_DENYWRITE, 3</usr/lib64/libmpc.so.3.0.0>, 0x16000 <unfinished ...>
24071 1649613672.089289 mmap(0x7f7109b69000, 672, PROT_READ|PROT_WRITE, MAP_PRIVATE|MAP_FIXED|MAP_ANONYMOUS, -1, 0 <unfinished ...>
24070 1649613672.089304 <... mmap resumed>) = 0x7f3f421e0000
24071 1649613672.089318 <... mmap resumed>) = 0x7f7109b69000
24070 1649613672.089342 close(3</usr/lib64/libmpc.so.3.0.0> <unfinished ...>
24071 1649613672.089365 close(3</usr/lib64/libopcodes-2.27-44.base.el7_9.1.so> <unfinished ...>
24070 1649613672.089380 <... close resumed>) = 0
24071 1649613672.089393 <... close resumed>) = 0
24070 1649613672.089406 open("/usr/local/lib/libmpfr.so.4", O_RDONLY|O_CLOEXEC <unfinished ...>
24071 1649613672.089427 open("/usr/local/lib/libbfd-2.27-44.base.el7_9.1.so", O_RDONLY|O_CLOEXEC <unfinished ...>
24070 1649613672.089443 <... open resumed>) = -1 ENOENT (No such file or directory)
24071 1649613672.089460 <... open resumed>) = -1 ENOENT (No such file or directory)
24070 1649613672.089475 open("/usr/lib/libmpfr.so.4", O_RDONLY|O_CLOEXEC <unfinished ...>
24071 1649613672.089495 open("/usr/lib/libbfd-2.27-44.base.el7_9.1.so", O_RDONLY|O_CLOEXEC <unfinished ...>
24070 1649613672.089511 <... open resumed>) = -1 ENOENT (No such file or directory)
24071 1649613672.089526 <... open resumed>) = -1 ENOENT (No such file or directory)
24070 1649613672.089542 open("/lib64/libmpfr.so.4", O_RDONLY|O_CLOEXEC <unfinished ...>
24071 1649613672.089574 open("/lib64/libbfd-2.27-44.base.el7_9.1.so", O_RDONLY|O_CLOEXEC <unfinished ...>
24070 1649613672.089587 <... open resumed>) = 3</usr/lib64/libmpfr.so.4.1.1>
24071 1649613672.089611 <... open resumed>) = 3</usr/lib64/libbfd-2.27-44.base.el7_9.1.so>
24070 1649613672.089630 read(3</usr/lib64/libmpfr.so.4.1.1>,  <unfinished ...>
24071 1649613672.089648 read(3</usr/lib64/libbfd-2.27-44.base.el7_9.1.so>,  <unfinished ...>
24070 1649613672.089667 <... read resumed>"\177ELF\2\1\1\0\0\0\0\0\0\0\0\0\3\0>\0\1\0\0\0\300\252\0\0\0\0\0\0"..., 832) = 832
24071 1649613672.089683 <... read resumed>"\177ELF\2\1\1\0\0\0\0\0\0\0\0\0\3\0>\0\1\0\0\0 +\4\0\0\0\0\0"..., 832) = 832
24070 1649613672.089728 mmap(NULL, 2468096, PROT_READ|PROT_EXEC, MAP_PRIVATE|MAP_DENYWRITE, 3</usr/lib64/libmpfr.so.4.1.1>, 0 <unfinished ...>
24071 1649613672.089749 mmap(NULL, 4096, PROT_READ|PROT_WRITE, MAP_PRIVATE|MAP_ANONYMOUS, -1, 0 <unfinished ...>
24070 1649613672.089764 <... mmap resumed>) = 0x7f3f41d6f000
24071 1649613672.089778 <... mmap resumed>) = 0x7f7109d57000
24071 1649613672.089809 mmap(NULL, 3442752, PROT_READ|PROT_EXEC, MAP_PRIVATE|MAP_DENYWRITE, 3</usr/lib64/libbfd-2.27-44.base.el7_9.1.so>, 0) = 0x7f7109485000
24070 1649613672.089853 mmap(0x7f3f41fc7000, 12288, PROT_READ|PROT_WRITE, MAP_PRIVATE|MAP_FIXED|MAP_DENYWRITE, 3</usr/lib64/libmpfr.so.4.1.1>, 0x58000) = 0x7f3f41fc7000
24071 1649613672.089910 mmap(0x7f71097b0000, 106496, PROT_READ|PROT_WRITE, MAP_PRIVATE|MAP_FIXED|MAP_DENYWRITE, 3</usr/lib64/libbfd-2.27-44.base.el7_9.1.so>, 0x12b000 <unfinished ...>
24070 1649613672.089946 close(3</usr/lib64/libmpfr.so.4.1.1> <unfinished ...>
24071 1649613672.089970 <... mmap resumed>) = 0x7f71097b0000
24070 1649613672.089980 <... close resumed>) = 0
24071 1649613672.089996 mmap(0x7f71097ca000, 14400, PROT_READ|PROT_WRITE, MAP_PRIVATE|MAP_FIXED|MAP_ANONYMOUS, -1, 0 <unfinished ...>
24070 1649613672.090012 open("/usr/local/lib/libgmp.so.10", O_RDONLY|O_CLOEXEC <unfinished ...>
24071 1649613672.090031 <... mmap resumed>) = 0x7f71097ca000
24070 1649613672.090045 <... open resumed>) = -1 ENOENT (No such file or directory)
24071 1649613672.090064 close(3</usr/lib64/libbfd-2.27-44.base.el7_9.1.so> <unfinished ...>
24070 1649613672.090086 open("/usr/lib/libgmp.so.10", O_RDONLY|O_CLOEXEC <unfinished ...>
24071 1649613672.090102 <... close resumed>) = 0
24070 1649613672.090115 <... open resumed>) = -1 ENOENT (No such file or directory)
24071 1649613672.090134 open("/usr/local/lib/libdl.so.2", O_RDONLY|O_CLOEXEC <unfinished ...>
24070 1649613672.090151 open("/lib64/libgmp.so.10", O_RDONLY|O_CLOEXEC <unfinished ...>
24071 1649613672.090168 <... open resumed>) = -1 ENOENT (No such file or directory)
24070 1649613672.090183 <... open resumed>) = 3</usr/lib64/libgmp.so.10.2.0>
24071 1649613672.090203 open("/usr/lib/libdl.so.2", O_RDONLY|O_CLOEXEC <unfinished ...>
24070 1649613672.090220 read(3</usr/lib64/libgmp.so.10.2.0>,  <unfinished ...>
24071 1649613672.090240 <... open resumed>) = 3</usr/lib/libdl-2.17.so>
24070 1649613672.090259 <... read resumed>"\177ELF\2\1\1\0\0\0\0\0\0\0\0\0\3\0>\0\1\0\0\0\200\304\0\0\0\0\0\0"..., 832) = 832
24071 1649613672.090275 read(3</usr/lib/libdl-2.17.so>, "\177ELF\1\1\1\0\0\0\0\0\0\0\0\0\3\0\3\0\1\0\0\0000\n\0\0004\0\0\0"..., 832) = 832
24071 1649613672.090322 close(3</usr/lib/libdl-2.17.so> <unfinished ...>
24070 1649613672.090341 mmap(NULL, 2584736, PROT_READ|PROT_EXEC, MAP_PRIVATE|MAP_DENYWRITE, 3</usr/lib64/libgmp.so.10.2.0>, 0 <unfinished ...>
24071 1649613672.090361 <... close resumed>) = 0
24070 1649613672.090375 <... mmap resumed>) = 0x7f3f41af7000
24071 1649613672.090401 open("/lib64/libdl.so.2", O_RDONLY|O_CLOEXEC) = 3</usr/lib64/libdl-2.17.so>
24071 1649613672.090468 read(3</usr/lib64/libdl-2.17.so>,  <unfinished ...>
24070 1649613672.090483 mmap(0x7f3f41d6c000, 12288, PROT_READ|PROT_WRITE, MAP_PRIVATE|MAP_FIXED|MAP_DENYWRITE, 3</usr/lib64/libgmp.so.10.2.0>, 0x75000 <unfinished ...>
24071 1649613672.090505 <... read resumed>"\177ELF\2\1\1\0\0\0\0\0\0\0\0\0\3\0>\0\1\0\0\0P\16\0\0\0\0\0\0"..., 832) = 832
24070 1649613672.090523 <... mmap resumed>) = 0x7f3f41d6c000
24070 1649613672.090556 close(3</usr/lib64/libgmp.so.10.2.0> <unfinished ...>
24071 1649613672.090579 mmap(NULL, 2109744, PROT_READ|PROT_EXEC, MAP_PRIVATE|MAP_DENYWRITE, 3</usr/lib64/libdl-2.17.so>, 0 <unfinished ...>
24070 1649613672.090596 <... close resumed>) = 0
24071 1649613672.090610 <... mmap resumed>) = 0x7f7109281000
24070 1649613672.090625 open("/usr/local/lib/libz.so.1", O_RDONLY|O_CLOEXEC) = -1 ENOENT (No such file or directory)
24070 1649613672.090674 open("/usr/lib/libz.so.1", O_RDONLY|O_CLOEXEC <unfinished ...>
24071 1649613672.090689 mmap(0x7f7109483000, 8192, PROT_READ|PROT_WRITE, MAP_PRIVATE|MAP_FIXED|MAP_DENYWRITE, 3</usr/lib64/libdl-2.17.so>, 0x2000 <unfinished ...>
24070 1649613672.090712 <... open resumed>) = 3</usr/lib/libz.so.1.2.7>
24071 1649613672.090733 <... mmap resumed>) = 0x7f7109483000
24070 1649613672.090748 read(3</usr/lib/libz.so.1.2.7>,  <unfinished ...>
24071 1649613672.090774 close(3</usr/lib64/libdl-2.17.so> <unfinished ...>
24070 1649613672.090789 <... read resumed>"\177ELF\1\1\1\0\0\0\0\0\0\0\0\0\3\0\3\0\1\0\0\0@\30\0\0004\0\0\0"..., 832) = 832
24071 1649613672.090806 <... close resumed>) = 0
24070 1649613672.090820 close(3</usr/lib/libz.so.1.2.7> <unfinished ...>
24071 1649613672.090842 open("/usr/local/lib/libc.so.6", O_RDONLY|O_CLOEXEC <unfinished ...>
24070 1649613672.090858 <... close resumed>) = 0
24071 1649613672.090872 <... open resumed>) = -1 ENOENT (No such file or directory)
24071 1649613672.090897 open("/usr/lib/libc.so.6", O_RDONLY|O_CLOEXEC <unfinished ...>
24070 1649613672.090911 open("/lib64/libz.so.1", O_RDONLY|O_CLOEXEC <unfinished ...>
24071 1649613672.090939 <... open resumed>) = 3</usr/lib/libc-2.17.so>
24070 1649613672.090961 <... open resumed>) = 3</usr/lib64/libz.so.1.2.7>
24071 1649613672.090979 read(3</usr/lib/libc-2.17.so>,  <unfinished ...>
24070 1649613672.090997 read(3</usr/lib64/libz.so.1.2.7>,  <unfinished ...>
24071 1649613672.091015 <... read resumed>"\177ELF\1\1\1\3\0\0\0\0\0\0\0\0\3\0\3\0\1\0\0\0000\244\1\0004\0\0\0"..., 832) = 832
24070 1649613672.091033 <... read resumed>"\177ELF\2\1\1\0\0\0\0\0\0\0\0\0\3\0>\0\1\0\0\0P!\0\0\0\0\0\0"..., 832) = 832
24071 1649613672.091048 close(3</usr/lib/libc-2.17.so>) = 0
24071 1649613672.091102 open("/lib64/libc.so.6", O_RDONLY|O_CLOEXEC <unfinished ...>
24070 1649613672.091116 mmap(NULL, 4096, PROT_READ|PROT_WRITE, MAP_PRIVATE|MAP_ANONYMOUS, -1, 0 <unfinished ...>
24071 1649613672.091134 <... open resumed>) = 3</usr/lib64/libc-2.17.so>
24070 1649613672.091156 <... mmap resumed>) = 0x7f3f425d2000
24071 1649613672.091168 read(3</usr/lib64/libc-2.17.so>,  <unfinished ...>
24070 1649613672.091187 mmap(NULL, 2183272, PROT_READ|PROT_EXEC, MAP_PRIVATE|MAP_DENYWRITE, 3</usr/lib64/libz.so.1.2.7>, 0 <unfinished ...>
24071 1649613672.091206 <... read resumed>"\177ELF\2\1\1\3\0\0\0\0\0\0\0\0\3\0>\0\1\0\0\0`&\2\0\0\0\0\0"..., 832) = 832
24070 1649613672.091223 <... mmap resumed>) = 0x7f3f418e1000
24071 1649613672.091268 mmap(NULL, 3985920, PROT_READ|PROT_EXEC, MAP_PRIVATE|MAP_DENYWRITE, 3</usr/lib64/libc-2.17.so>, 0) = 0x7f7108eb3000
24070 1649613672.091321 mmap(0x7f3f41af5000, 8192, PROT_READ|PROT_WRITE, MAP_PRIVATE|MAP_FIXED|MAP_DENYWRITE, 3</usr/lib64/libz.so.1.2.7>, 0x14000) = 0x7f3f41af5000
24071 1649613672.091375 mmap(0x7f7109276000, 24576, PROT_READ|PROT_WRITE, MAP_PRIVATE|MAP_FIXED|MAP_DENYWRITE, 3</usr/lib64/libc-2.17.so>, 0x1c3000 <unfinished ...>
24070 1649613672.091396 close(3</usr/lib64/libz.so.1.2.7> <unfinished ...>
24071 1649613672.091419 <... mmap resumed>) = 0x7f7109276000
24070 1649613672.091428 <... close resumed>) = 0
24071 1649613672.091446 mmap(0x7f710927c000, 16896, PROT_READ|PROT_WRITE, MAP_PRIVATE|MAP_FIXED|MAP_ANONYMOUS, -1, 0 <unfinished ...>
24070 1649613672.091462 open("/usr/local/lib/libm.so.6", O_RDONLY|O_CLOEXEC <unfinished ...>
24071 1649613672.091480 <... mmap resumed>) = 0x7f710927c000
24070 1649613672.091493 <... open resumed>) = -1 ENOENT (No such file or directory)
24071 1649613672.091512 close(3</usr/lib64/libc-2.17.so> <unfinished ...>
24070 1649613672.091532 open("/usr/lib/libm.so.6", O_RDONLY|O_CLOEXEC <unfinished ...>
24071 1649613672.091547 <... close resumed>) = 0
24070 1649613672.091560 <... open resumed>) = 3</usr/lib/libm-2.17.so>
24071 1649613672.091583 open("/usr/local/lib/libz.so.1", O_RDONLY|O_CLOEXEC <unfinished ...>
24070 1649613672.091599 read(3</usr/lib/libm-2.17.so>,  <unfinished ...>
24071 1649613672.091617 <... open resumed>) = -1 ENOENT (No such file or directory)
24070 1649613672.091632 <... read resumed>"\177ELF\1\1\1\3\0\0\0\0\0\0\0\0\3\0\3\0\1\0\0\0\220D\0\0004\0\0\0"..., 832) = 832
24071 1649613672.091647 open("/usr/lib/libz.so.1", O_RDONLY|O_CLOEXEC <unfinished ...>
24070 1649613672.091663 close(3</usr/lib/libm-2.17.so> <unfinished ...>
24071 1649613672.091682 <... open resumed>) = 3</usr/lib/libz.so.1.2.7>
24070 1649613672.091700 <... close resumed>) = 0
24071 1649613672.091711 read(3</usr/lib/libz.so.1.2.7>,  <unfinished ...>
24070 1649613672.091728 open("/lib64/libm.so.6", O_RDONLY|O_CLOEXEC <unfinished ...>
24071 1649613672.091743 <... read resumed>"\177ELF\1\1\1\0\0\0\0\0\0\0\0\0\3\0\3\0\1\0\0\0@\30\0\0004\0\0\0"..., 832) = 832
24070 1649613672.091759 <... open resumed>) = 3</usr/lib64/libm-2.17.so>
24071 1649613672.091777 close(3</usr/lib/libz.so.1.2.7> <unfinished ...>
24070 1649613672.091794 read(3</usr/lib64/libm-2.17.so>,  <unfinished ...>
24071 1649613672.091810 <... close resumed>) = 0
24070 1649613672.091823 <... read resumed>"\177ELF\2\1\1\3\0\0\0\0\0\0\0\0\3\0>\0\1\0\0\0PS\0\0\0\0\0\0"..., 832) = 832
24071 1649613672.091843 open("/lib64/libz.so.1", O_RDONLY|O_CLOEXEC) = 3</usr/lib64/libz.so.1.2.7>
24071 1649613672.091890 read(3</usr/lib64/libz.so.1.2.7>,  <unfinished ...>
24070 1649613672.091908 mmap(NULL, 3150136, PROT_READ|PROT_EXEC, MAP_PRIVATE|MAP_DENYWRITE, 3</usr/lib64/libm-2.17.so>, 0 <unfinished ...>
24071 1649613672.091938 <... read resumed>"\177ELF\2\1\1\0\0\0\0\0\0\0\0\0\3\0>\0\1\0\0\0P!\0\0\0\0\0\0"..., 832) = 832
24070 1649613672.091955 <... mmap resumed>) = 0x7f3f415df000
24071 1649613672.091996 mmap(NULL, 4096, PROT_READ|PROT_WRITE, MAP_PRIVATE|MAP_ANONYMOUS, -1, 0) = 0x7f7109d56000
24070 1649613672.092030 mmap(0x7f3f418df000, 8192, PROT_READ|PROT_WRITE, MAP_PRIVATE|MAP_FIXED|MAP_DENYWRITE, 3</usr/lib64/libm-2.17.so>, 0x100000 <unfinished ...>
24071 1649613672.092055 mmap(NULL, 2183272, PROT_READ|PROT_EXEC, MAP_PRIVATE|MAP_DENYWRITE, 3</usr/lib64/libz.so.1.2.7>, 0 <unfinished ...>
24070 1649613672.092073 <... mmap resumed>) = 0x7f3f418df000
24071 1649613672.092087 <... mmap resumed>) = 0x7f7108c9d000
24070 1649613672.092111 close(3</usr/lib64/libm-2.17.so>) = 0
24071 1649613672.092150 mmap(0x7f7108eb1000, 8192, PROT_READ|PROT_WRITE, MAP_PRIVATE|MAP_FIXED|MAP_DENYWRITE, 3</usr/lib64/libz.so.1.2.7>, 0x14000 <unfinished ...>
24070 1649613672.092170 open("/usr/local/lib/libc.so.6", O_RDONLY|O_CLOEXEC <unfinished ...>
24071 1649613672.092188 <... mmap resumed>) = 0x7f7108eb1000
24070 1649613672.092201 <... open resumed>) = -1 ENOENT (No such file or directory)
24071 1649613672.092221 close(3</usr/lib64/libz.so.1.2.7> <unfinished ...>
24070 1649613672.092241 open("/usr/lib/libc.so.6", O_RDONLY|O_CLOEXEC <unfinished ...>
24071 1649613672.092256 <... close resumed>) = 0
24070 1649613672.092269 <... open resumed>) = 3</usr/lib/libc-2.17.so>
24070 1649613672.092303 read(3</usr/lib/libc-2.17.so>,  <unfinished ...>
24071 1649613672.092323 mmap(NULL, 4096, PROT_READ|PROT_WRITE, MAP_PRIVATE|MAP_ANONYMOUS, -1, 0 <unfinished ...>
24070 1649613672.092337 <... read resumed>"\177ELF\1\1\1\3\0\0\0\0\0\0\0\0\3\0\3\0\1\0\0\0000\244\1\0004\0\0\0"..., 832) = 832
24071 1649613672.092354 <... mmap resumed>) = 0x7f7109d55000
24070 1649613672.092370 close(3</usr/lib/libc-2.17.so> <unfinished ...>
24071 1649613672.092390 mmap(NULL, 8192, PROT_READ|PROT_WRITE, MAP_PRIVATE|MAP_ANONYMOUS, -1, 0 <unfinished ...>
24070 1649613672.092404 <... close resumed>) = 0
24071 1649613672.092416 <... mmap resumed>) = 0x7f7109d53000
24070 1649613672.092441 open("/lib64/libc.so.6", O_RDONLY|O_CLOEXEC) = 3</usr/lib64/libc-2.17.so>
24070 1649613672.092507 read(3</usr/lib64/libc-2.17.so>, "\177ELF\2\1\1\3\0\0\0\0\0\0\0\0\3\0>\0\1\0\0\0`&\2\0\0\0\0\0"..., 832) = 832
24070 1649613672.092600 mmap(NULL, 3985920, PROT_READ|PROT_EXEC, MAP_PRIVATE|MAP_DENYWRITE, 3</usr/lib64/libc-2.17.so>, 0) = 0x7f3f41211000
24070 1649613672.092700 mmap(0x7f3f415d4000, 24576, PROT_READ|PROT_WRITE, MAP_PRIVATE|MAP_FIXED|MAP_DENYWRITE, 3</usr/lib64/libc-2.17.so>, 0x1c3000) = 0x7f3f415d4000
24070 1649613672.092765 mmap(0x7f3f415da000, 16896, PROT_READ|PROT_WRITE, MAP_PRIVATE|MAP_FIXED|MAP_ANONYMOUS, -1, 0) = 0x7f3f415da000
24070 1649613672.092827 close(3</usr/lib64/libc-2.17.so>) = 0
24070 1649613672.092895 mmap(NULL, 4096, PROT_READ|PROT_WRITE, MAP_PRIVATE|MAP_ANONYMOUS, -1, 0) = 0x7f3f425d1000
24070 1649613672.092996 mmap(NULL, 8192, PROT_READ|PROT_WRITE, MAP_PRIVATE|MAP_ANONYMOUS, -1, 0) = 0x7f3f425cf000
24070 1649613672.094735 open("/usr/lib/locale/locale-archive", O_RDONLY|O_CLOEXEC) = 3</usr/lib/locale/locale-archive>
24070 1649613672.094857 mmap(NULL, 106176928, PROT_READ, MAP_PRIVATE, 3</usr/lib/locale/locale-archive>, 0) = 0x7f3f3acce000
24070 1649613672.094928 close(3</usr/lib/locale/locale-archive>) = 0
24070 1649613672.095052 open("/usr/share/locale/locale.alias", O_RDONLY|O_CLOEXEC) = 3</usr/share/locale/locale.alias>
24070 1649613672.095172 mmap(NULL, 4096, PROT_READ|PROT_WRITE, MAP_PRIVATE|MAP_ANONYMOUS, -1, 0) = 0x7f3f42605000
24070 1649613672.095220 read(3</usr/share/locale/locale.alias>, "# Locale name alias data base.\n#"..., 4096) = 2502
24070 1649613672.095314 read(3</usr/share/locale/locale.alias>, "", 4096) = 0
24070 1649613672.095389 close(3</usr/share/locale/locale.alias>) = 0
24071 1649613672.095468 open("/usr/lib/locale/locale-archive", O_RDONLY|O_CLOEXEC) = 3</usr/lib/locale/locale-archive>
24070 1649613672.095521 open("/usr/share/locale/en_US.UTF-8/LC_MESSAGES/gcc.mo", O_RDONLY) = -1 ENOENT (No such file or directory)
24070 1649613672.095569 open("/usr/share/locale/en_US.utf8/LC_MESSAGES/gcc.mo", O_RDONLY <unfinished ...>
24071 1649613672.095586 mmap(NULL, 106176928, PROT_READ, MAP_PRIVATE, 3</usr/lib/locale/locale-archive>, 0 <unfinished ...>
24070 1649613672.095606 <... open resumed>) = -1 ENOENT (No such file or directory)
24071 1649613672.095622 <... mmap resumed>) = 0x7f710275a000
24070 1649613672.095636 open("/usr/share/locale/en_US/LC_MESSAGES/gcc.mo", O_RDONLY <unfinished ...>
24071 1649613672.095653 close(3</usr/lib/locale/locale-archive> <unfinished ...>
24070 1649613672.095672 <... open resumed>) = -1 ENOENT (No such file or directory)
24071 1649613672.095686 <... close resumed>) = 0
24070 1649613672.095699 open("/usr/share/locale/en.UTF-8/LC_MESSAGES/gcc.mo", O_RDONLY) = -1 ENOENT (No such file or directory)
24070 1649613672.095755 open("/usr/share/locale/en.utf8/LC_MESSAGES/gcc.mo", O_RDONLY) = -1 ENOENT (No such file or directory)
24070 1649613672.095802 open("/usr/share/locale/en/LC_MESSAGES/gcc.mo", O_RDONLY) = -1 ENOENT (No such file or directory)
24071 1649613672.095924 mmap(NULL, 528384, PROT_READ|PROT_WRITE, MAP_PRIVATE|MAP_ANONYMOUS, -1, 0) = 0x7f7109cd2000
24070 1649613672.096183 mmap(NULL, 4096, PROT_READ|PROT_WRITE, MAP_PRIVATE|MAP_ANONYMOUS, -1, 0) = 0x7f3f42605000
24070 1649613672.096271 mmap(NULL, 135168, PROT_READ|PROT_WRITE, MAP_PRIVATE|MAP_ANONYMOUS, -1, 0) = 0x7f3f425e4000
24070 1649613672.096381 mmap(NULL, 8192, PROT_READ|PROT_WRITE, MAP_PRIVATE|MAP_ANONYMOUS, -1, 0) = 0x7f3f425e2000
24071 1649613672.096437 mmap(NULL, 528384, PROT_READ|PROT_WRITE, MAP_PRIVATE|MAP_ANONYMOUS, -1, 0 <unfinished ...>
24070 1649613672.096449 mmap(NULL, 8192, PROT_READ|PROT_WRITE, MAP_PRIVATE|MAP_ANONYMOUS, -1, 0 <unfinished ...>
24071 1649613672.096469 <... mmap resumed>) = 0x7f7109c51000
24070 1649613672.096482 <... mmap resumed>) = 0x7f3f425e0000
24070 1649613672.096515 mmap(NULL, 8192, PROT_READ|PROT_WRITE, MAP_PRIVATE|MAP_ANONYMOUS, -1, 0) = 0x7f3f425de000
24070 1649613672.096572 mmap(NULL, 8192, PROT_READ|PROT_WRITE, MAP_PRIVATE|MAP_ANONYMOUS, -1, 0) = 0x7f3f425dc000
24070 1649613672.096629 mmap(NULL, 16384, PROT_READ|PROT_WRITE, MAP_PRIVATE|MAP_ANONYMOUS, -1, 0) = 0x7f3f425d8000
24070 1649613672.096703 mmap(NULL, 2097152, PROT_READ|PROT_WRITE, MAP_PRIVATE|MAP_ANONYMOUS, -1, 0) = 0x7f3f3aace000
24071 1649613672.096950 mmap(NULL, 528384, PROT_READ|PROT_WRITE, MAP_PRIVATE|MAP_ANONYMOUS, -1, 0) = 0x7f7109bd0000
24070 1649613672.097020 open("/proc/meminfo", O_RDONLY|O_CLOEXEC) = 3</proc/meminfo>
24070 1649613672.097123 mmap(NULL, 4096, PROT_READ|PROT_WRITE, MAP_PRIVATE|MAP_ANONYMOUS, -1, 0) = 0x7f3f425d7000
24070 1649613672.097168 read(3</proc/meminfo>, "MemTotal:       263873548 kB\nMem"..., 1024) = 1024
24071 1649613672.097411 mmap(NULL, 528384, PROT_READ|PROT_WRITE, MAP_PRIVATE|MAP_ANONYMOUS, -1, 0 <unfinished ...>
24070 1649613672.097424 close(3</proc/meminfo> <unfinished ...>
24071 1649613672.097443 <... mmap resumed>) = 0x7f71026d9000
24070 1649613672.097454 <... close resumed>) = 0
24070 1649613672.097553 open("/proc/meminfo", O_RDONLY|O_CLOEXEC) = 3</proc/meminfo>
24070 1649613672.097644 mmap(NULL, 4096, PROT_READ|PROT_WRITE, MAP_PRIVATE|MAP_ANONYMOUS, -1, 0) = 0x7f3f425d7000
24070 1649613672.097689 read(3</proc/meminfo>, "MemTotal:       263873548 kB\nMem"..., 1024) = 1024
24070 1649613672.097900 close(3</proc/meminfo>) = 0
24071 1649613672.097952 open("/tmp/cczaCFuy.o", O_RDWR|O_CREAT|O_TRUNC, 0666) = 3</tmp/cczaCFuy.o>
24070 1649613672.098072 open("/proc/meminfo", O_RDONLY|O_CLOEXEC) = 3</proc/meminfo>
24070 1649613672.098160 mmap(NULL, 4096, PROT_READ|PROT_WRITE, MAP_PRIVATE|MAP_ANONYMOUS, -1, 0) = 0x7f3f425d7000
24070 1649613672.098200 read(3</proc/meminfo>,  <unfinished ...>
24071 1649613672.098247 mmap(NULL, 528384, PROT_READ|PROT_WRITE, MAP_PRIVATE|MAP_ANONYMOUS, -1, 0) = 0x7f7102658000
24070 1649613672.098366 <... read resumed>"MemTotal:       263873548 kB\nMem"..., 1024) = 1024
24070 1649613672.098395 close(3</proc/meminfo>) = 0
24071 1649613672.099136 mmap(NULL, 528384, PROT_READ|PROT_WRITE, MAP_PRIVATE|MAP_ANONYMOUS, -1, 0) = 0x7f71025d7000
24071 1649613672.099588 open("/usr/share/locale/locale.alias", O_RDONLY|O_CLOEXEC) = 4</usr/share/locale/locale.alias>
24071 1649613672.099680 mmap(NULL, 4096, PROT_READ|PROT_WRITE, MAP_PRIVATE|MAP_ANONYMOUS, -1, 0) = 0x7f7109d89000
24071 1649613672.099717 read(4</usr/share/locale/locale.alias>, "# Locale name alias data base.\n#"..., 4096) = 2502
24070 1649613672.099760 open("/dev/urandom", O_RDONLY) = 3</dev/urandom>
24071 1649613672.099811 read(4</usr/share/locale/locale.alias>,  <unfinished ...>
24070 1649613672.099826 read(3</dev/urandom>,  <unfinished ...>
24071 1649613672.099840 <... read resumed>"", 4096) = 0
24070 1649613672.099853 <... read resumed>"\235>W3r\22\0\334", 8) = 8
24071 1649613672.099868 close(4</usr/share/locale/locale.alias> <unfinished ...>
24070 1649613672.099884 close(3</dev/urandom> <unfinished ...>
24071 1649613672.099899 <... close resumed>) = 0
24070 1649613672.099910 <... close resumed>) = 0
24071 1649613672.099991 open("/usr/share/locale/en_US.UTF-8/LC_MESSAGES/gas.mo", O_RDONLY) = -1 ENOENT (No such file or directory)
24071 1649613672.100039 open("/usr/share/locale/en_US.utf8/LC_MESSAGES/gas.mo", O_RDONLY) = -1 ENOENT (No such file or directory)
24071 1649613672.100077 open("/usr/share/locale/en_US/LC_MESSAGES/gas.mo", O_RDONLY) = -1 ENOENT (No such file or directory)
24071 1649613672.100114 open("/usr/share/locale/en.UTF-8/LC_MESSAGES/gas.mo", O_RDONLY) = -1 ENOENT (No such file or directory)
24071 1649613672.100151 open("/usr/share/locale/en.utf8/LC_MESSAGES/gas.mo", O_RDONLY) = -1 ENOENT (No such file or directory)
24071 1649613672.100187 open("/usr/share/locale/en/LC_MESSAGES/gas.mo", O_RDONLY) = -1 ENOENT (No such file or directory)
24071 1649613672.100251 mmap(NULL, 4096, PROT_READ|PROT_WRITE, MAP_PRIVATE|MAP_ANONYMOUS, -1, 0) = 0x7f7109d89000
24071 1649613672.100289 read(0<pipe:[15304742]>,  <unfinished ...>
24070 1649613672.100326 open("mytree.c", O_RDONLY|O_NOCTTY) = 3</home/majors/vthomas/cop5570/finish/mytree.c>
24070 1649613672.100454 read(3</home/majors/vthomas/cop5570/finish/mytree.c>, "/*\n\tName: Vinson Thomas (vdt16)\n"..., 2552) = 2552
24070 1649613672.100499 close(3</home/majors/vthomas/cop5570/finish/mytree.c>) = 0
24070 1649613672.100549 mmap(NULL, 16384, PROT_READ|PROT_WRITE, MAP_PRIVATE|MAP_ANONYMOUS, -1, 0) = 0x7f3f425d4000
24070 1649613672.100812 mmap(NULL, 8192, PROT_READ|PROT_WRITE, MAP_PRIVATE|MAP_ANONYMOUS, -1, 0) = 0x7f3f425cd000
24070 1649613672.105888 mmap(NULL, 4096, PROT_READ|PROT_WRITE, MAP_PRIVATE|MAP_ANONYMOUS, -1, 0) = 0x7f3f425cc000
24070 1649613672.109424 open("/usr/lib/gcc/x86_64-redhat-linux/4.8.5/include/stdc-predef.h", O_RDONLY|O_NOCTTY) = -1 ENOENT (No such file or directory)
24070 1649613672.109583 open("/usr/local/include/stdc-predef.h", O_RDONLY|O_NOCTTY) = -1 ENOENT (No such file or directory)
24070 1649613672.109710 open("/usr/include/stdc-predef.h", O_RDONLY|O_NOCTTY) = 3</usr/include/stdc-predef.h>
24070 1649613672.109779 read(3</usr/include/stdc-predef.h>, "/* Copyright (C) 1991-2012 Free "..., 1629) = 1629
24070 1649613672.109820 close(3</usr/include/stdc-predef.h>) = 0
24070 1649613672.110251 open("/usr/lib/gcc/x86_64-redhat-linux/4.8.5/include/stdio.h", O_RDONLY|O_NOCTTY) = -1 ENOENT (No such file or directory)
24070 1649613672.110402 open("/usr/local/include/stdio.h", O_RDONLY|O_NOCTTY) = -1 ENOENT (No such file or directory)
24070 1649613672.110528 open("/usr/include/stdio.h", O_RDONLY|O_NOCTTY) = 3</usr/include/stdio.h>
24070 1649613672.110648 read(3</usr/include/stdio.h>, "/* Define ISO C stdio on top of "..., 31641) = 31641
24070 1649613672.110708 close(3</usr/include/stdio.h>) = 0
24070 1649613672.110984 open("/usr/lib/gcc/x86_64-redhat-linux/4.8.5/include/features.h", O_RDONLY|O_NOCTTY) = -1 ENOENT (No such file or directory)
24070 1649613672.111113 open("/usr/local/include/features.h", O_RDONLY|O_NOCTTY) = -1 ENOENT (No such file or directory)
24070 1649613672.111217 open("/usr/include/features.h", O_RDONLY|O_NOCTTY) = 3</usr/include/features.h>
24070 1649613672.111294 read(3</usr/include/features.h>, "/* Copyright (C) 1991-2012 Free "..., 13182) = 13182
24070 1649613672.111338 close(3</usr/include/features.h>) = 0
24070 1649613672.111458 mmap(NULL, 16384, PROT_READ|PROT_WRITE, MAP_PRIVATE|MAP_ANONYMOUS, -1, 0) = 0x7f3f425c8000
24070 1649613672.111824 open("/usr/lib/gcc/x86_64-redhat-linux/4.8.5/include/sys/cdefs.h", O_RDONLY|O_NOCTTY) = -1 ENOENT (No such file or directory)
24070 1649613672.111953 open("/usr/local/include/sys/cdefs.h", O_RDONLY|O_NOCTTY) = -1 ENOENT (No such file or directory)
24070 1649613672.112074 open("/usr/include/sys/cdefs.h", O_RDONLY|O_NOCTTY) = 3</usr/include/sys/cdefs.h>
24070 1649613672.112139 read(3</usr/include/sys/cdefs.h>, "/* Copyright (C) 1992-2002, 2004"..., 14738) = 14738
24070 1649613672.112178 close(3</usr/include/sys/cdefs.h>) = 0
24070 1649613672.112781 open("/usr/lib/gcc/x86_64-redhat-linux/4.8.5/include/bits/wordsize.h", O_RDONLY|O_NOCTTY) = -1 ENOENT (No such file or directory)
24070 1649613672.112904 open("/usr/local/include/bits/wordsize.h", O_RDONLY|O_NOCTTY) = -1 ENOENT (No such file or directory)
24070 1649613672.113027 open("/usr/include/bits/wordsize.h", O_RDONLY|O_NOCTTY) = 3</usr/include/bits/wordsize.h>
24070 1649613672.113088 read(3</usr/include/bits/wordsize.h>, "/* Determine the wordsize from t"..., 327) = 327
24070 1649613672.113125 close(3</usr/include/bits/wordsize.h>) = 0
24070 1649613672.113433 open("/usr/lib/gcc/x86_64-redhat-linux/4.8.5/include/gnu/stubs.h", O_RDONLY|O_NOCTTY) = -1 ENOENT (No such file or directory)
24070 1649613672.113555 open("/usr/local/include/gnu/stubs.h", O_RDONLY|O_NOCTTY) = -1 ENOENT (No such file or directory)
24070 1649613672.113675 open("/usr/include/gnu/stubs.h", O_RDONLY|O_NOCTTY) = 3</usr/include/gnu/stubs.h>
24070 1649613672.113739 read(3</usr/include/gnu/stubs.h>, "/* This file is automatically ge"..., 384) = 384
24070 1649613672.113775 close(3</usr/include/gnu/stubs.h>) = 0
24070 1649613672.114017 open("/usr/lib/gcc/x86_64-redhat-linux/4.8.5/include/gnu/stubs-64.h", O_RDONLY|O_NOCTTY) = -1 ENOENT (No such file or directory)
24070 1649613672.114138 open("/usr/local/include/gnu/stubs-64.h", O_RDONLY|O_NOCTTY) = -1 ENOENT (No such file or directory)
24070 1649613672.114258 open("/usr/include/gnu/stubs-64.h", O_RDONLY|O_NOCTTY) = 3</usr/include/gnu/stubs-64.h>
24070 1649613672.114317 read(3</usr/include/gnu/stubs-64.h>, "/* This file is automatically ge"..., 604) = 604
24070 1649613672.114354 close(3</usr/include/gnu/stubs-64.h>) = 0
24070 1649613672.114607 open("/usr/lib/gcc/x86_64-redhat-linux/4.8.5/include/stddef.h", O_RDONLY|O_NOCTTY) = 3</usr/lib/gcc/x86_64-redhat-linux/4.8.2/include/stddef.h>
24070 1649613672.114668 read(3</usr/lib/gcc/x86_64-redhat-linux/4.8.2/include/stddef.h>, "/* Copyright (C) 1989-2013 Free "..., 13619) = 13619
24070 1649613672.114708 close(3</usr/lib/gcc/x86_64-redhat-linux/4.8.2/include/stddef.h>) = 0
24070 1649613672.115180 open("/usr/lib/gcc/x86_64-redhat-linux/4.8.5/include/bits/types.h", O_RDONLY|O_NOCTTY) = -1 ENOENT (No such file or directory)
24070 1649613672.115302 open("/usr/local/include/bits/types.h", O_RDONLY|O_NOCTTY) = -1 ENOENT (No such file or directory)
24070 1649613672.115423 open("/usr/include/bits/types.h", O_RDONLY|O_NOCTTY) = 3</usr/include/bits/types.h>
24070 1649613672.115483 read(3</usr/include/bits/types.h>, "/* bits/types.h -- definitions o"..., 7729) = 7729
24070 1649613672.115521 close(3</usr/include/bits/types.h>) = 0
24070 1649613672.115564 open("/usr/include/bits/wordsize.h", O_RDONLY|O_NOCTTY) = 3</usr/include/bits/wordsize.h>
24070 1649613672.115623 read(3</usr/include/bits/wordsize.h>, "/* Determine the wordsize from t"..., 327) = 327
24070 1649613672.115659 close(3</usr/include/bits/wordsize.h>) = 0
24070 1649613672.115989 open("/usr/lib/gcc/x86_64-redhat-linux/4.8.5/include/bits/typesizes.h", O_RDONLY|O_NOCTTY) = -1 ENOENT (No such file or directory)
24070 1649613672.116112 open("/usr/local/include/bits/typesizes.h", O_RDONLY|O_NOCTTY) = -1 ENOENT (No such file or directory)
24070 1649613672.116233 open("/usr/include/bits/typesizes.h", O_RDONLY|O_NOCTTY) = 3</usr/include/bits/typesizes.h>
24070 1649613672.116294 read(3</usr/include/bits/typesizes.h>, "/* bits/typesizes.h -- underlyin"..., 3225) = 3225
24070 1649613672.116332 close(3</usr/include/bits/typesizes.h>) = 0
24070 1649613672.116893 open("/usr/lib/gcc/x86_64-redhat-linux/4.8.5/include/libio.h", O_RDONLY|O_NOCTTY) = -1 ENOENT (No such file or directory)
24070 1649613672.117023 open("/usr/local/include/libio.h", O_RDONLY|O_NOCTTY) = -1 ENOENT (No such file or directory)
24070 1649613672.117122 open("/usr/include/libio.h", O_RDONLY|O_NOCTTY) = 3</usr/include/libio.h>
24070 1649613672.117184 read(3</usr/include/libio.h>, "/* Copyright (C) 1991-1995,1997-"..., 17276) = 17276
24070 1649613672.117225 close(3</usr/include/libio.h>) = 0
24070 1649613672.117462 open("/usr/lib/gcc/x86_64-redhat-linux/4.8.5/include/_G_config.h", O_RDONLY|O_NOCTTY) = -1 ENOENT (No such file or directory)
24070 1649613672.117583 open("/usr/local/include/_G_config.h", O_RDONLY|O_NOCTTY) = -1 ENOENT (No such file or directory)
24070 1649613672.117681 open("/usr/include/_G_config.h", O_RDONLY|O_NOCTTY) = 3</usr/include/_G_config.h>
24070 1649613672.117741 read(3</usr/include/_G_config.h>, "/* This file is needed by libio "..., 1287) = 1287
24070 1649613672.117778 close(3</usr/include/_G_config.h>) = 0
24070 1649613672.117826 open("/usr/lib/gcc/x86_64-redhat-linux/4.8.5/include/stddef.h", O_RDONLY|O_NOCTTY) = 3</usr/lib/gcc/x86_64-redhat-linux/4.8.2/include/stddef.h>
24070 1649613672.117888 read(3</usr/lib/gcc/x86_64-redhat-linux/4.8.2/include/stddef.h>, "/* Copyright (C) 1989-2013 Free "..., 13619) = 13619
24070 1649613672.117935 close(3</usr/lib/gcc/x86_64-redhat-linux/4.8.2/include/stddef.h>) = 0
24070 1649613672.118333 open("/usr/lib/gcc/x86_64-redhat-linux/4.8.5/include/wchar.h", O_RDONLY|O_NOCTTY) = -1 ENOENT (No such file or directory)
24070 1649613672.118457 open("/usr/local/include/wchar.h", O_RDONLY|O_NOCTTY) = -1 ENOENT (No such file or directory)
24070 1649613672.118555 open("/usr/include/wchar.h", O_RDONLY|O_NOCTTY) = 3</usr/include/wchar.h>
24070 1649613672.118619 read(3</usr/include/wchar.h>, "/* Copyright (C) 1995-2008, 2009"..., 32119) = 32119
24070 1649613672.118668 close(3</usr/include/wchar.h>) = 0
24070 1649613672.119384 open("/usr/lib/gcc/x86_64-redhat-linux/4.8.5/include/stdarg.h", O_RDONLY|O_NOCTTY) = 3</usr/lib/gcc/x86_64-redhat-linux/4.8.2/include/stdarg.h>
24070 1649613672.119448 read(3</usr/lib/gcc/x86_64-redhat-linux/4.8.2/include/stdarg.h>, "/* Copyright (C) 1989-2013 Free "..., 4075) = 4075
24070 1649613672.119486 close(3</usr/lib/gcc/x86_64-redhat-linux/4.8.2/include/stdarg.h>) = 0
24070 1649613672.120458 open("/usr/lib/gcc/x86_64-redhat-linux/4.8.5/include/bits/stdio_lim.h", O_RDONLY|O_NOCTTY) = -1 ENOENT (No such file or directory)
24070 1649613672.120582 open("/usr/local/include/bits/stdio_lim.h", O_RDONLY|O_NOCTTY) = -1 ENOENT (No such file or directory)
24070 1649613672.120703 open("/usr/include/bits/stdio_lim.h", O_RDONLY|O_NOCTTY) = 3</usr/include/bits/stdio_lim.h>
24070 1649613672.120764 read(3</usr/include/bits/stdio_lim.h>, "/* Copyright (C) 1994, 1997, 199"..., 1373) = 1373
24070 1649613672.120802 close(3</usr/include/bits/stdio_lim.h>) = 0
24070 1649613672.122329 open("/usr/lib/gcc/x86_64-redhat-linux/4.8.5/include/bits/sys_errlist.h", O_RDONLY|O_NOCTTY) = -1 ENOENT (No such file or directory)
24070 1649613672.122435 open("/usr/local/include/bits/sys_errlist.h", O_RDONLY|O_NOCTTY) = -1 ENOENT (No such file or directory)
24070 1649613672.122537 open("/usr/include/bits/sys_errlist.h", O_RDONLY|O_NOCTTY) = 3</usr/include/bits/sys_errlist.h>
24070 1649613672.122589 read(3</usr/include/bits/sys_errlist.h>, "/* Declare sys_errlist and sys_n"..., 1215) = 1215
24070 1649613672.122619 close(3</usr/include/bits/sys_errlist.h>) = 0
24070 1649613672.122951 open("/usr/lib/gcc/x86_64-redhat-linux/4.8.5/include/stdlib.h", O_RDONLY|O_NOCTTY) = -1 ENOENT (No such file or directory)
24070 1649613672.123057 open("/usr/local/include/stdlib.h", O_RDONLY|O_NOCTTY) = -1 ENOENT (No such file or directory)
24070 1649613672.123141 open("/usr/include/stdlib.h", O_RDONLY|O_NOCTTY) = 3</usr/include/stdlib.h>
24070 1649613672.123194 read(3</usr/include/stdlib.h>, "/* Copyright (C) 1991-2007, 2009"..., 34030) = 34030
24070 1649613672.123230 close(3</usr/include/stdlib.h>) = 0
24070 1649613672.123281 open("/usr/lib/gcc/x86_64-redhat-linux/4.8.5/include/stddef.h", O_RDONLY|O_NOCTTY) = 3</usr/lib/gcc/x86_64-redhat-linux/4.8.2/include/stddef.h>
24070 1649613672.123332 read(3</usr/lib/gcc/x86_64-redhat-linux/4.8.2/include/stddef.h>, "/* Copyright (C) 1989-2013 Free "..., 13619) = 13619
24070 1649613672.123364 close(3</usr/lib/gcc/x86_64-redhat-linux/4.8.2/include/stddef.h>) = 0
24070 1649613672.123561 mmap(NULL, 65536, PROT_READ|PROT_WRITE, MAP_PRIVATE|MAP_ANONYMOUS, -1, 0) = 0x7f3f425b8000
24070 1649613672.123812 open("/usr/lib/gcc/x86_64-redhat-linux/4.8.5/include/bits/waitflags.h", O_RDONLY|O_NOCTTY) = -1 ENOENT (No such file or directory)
24070 1649613672.123921 open("/usr/local/include/bits/waitflags.h", O_RDONLY|O_NOCTTY) = -1 ENOENT (No such file or directory)
24070 1649613672.124036 open("/usr/include/bits/waitflags.h", O_RDONLY|O_NOCTTY) = 3</usr/include/bits/waitflags.h>
24070 1649613672.124087 read(3</usr/include/bits/waitflags.h>, "/* Definitions of flag bits for "..., 1648) = 1648
24070 1649613672.124119 close(3</usr/include/bits/waitflags.h>) = 0
24070 1649613672.124346 open("/usr/lib/gcc/x86_64-redhat-linux/4.8.5/include/bits/waitstatus.h", O_RDONLY|O_NOCTTY) = -1 ENOENT (No such file or directory)
24070 1649613672.124448 open("/usr/local/include/bits/waitstatus.h", O_RDONLY|O_NOCTTY) = -1 ENOENT (No such file or directory)
24070 1649613672.124549 open("/usr/include/bits/waitstatus.h", O_RDONLY|O_NOCTTY) = 3</usr/include/bits/waitstatus.h>
24070 1649613672.124601 read(3</usr/include/bits/waitstatus.h>, "/* Definitions of status bits fo"..., 3572) = 3572
24070 1649613672.124630 close(3</usr/include/bits/waitstatus.h>) = 0
24070 1649613672.124857 open("/usr/lib/gcc/x86_64-redhat-linux/4.8.5/include/endian.h", O_RDONLY|O_NOCTTY) = -1 ENOENT (No such file or directory)
24070 1649613672.124968 open("/usr/local/include/endian.h", O_RDONLY|O_NOCTTY) = -1 ENOENT (No such file or directory)
24070 1649613672.125052 open("/usr/include/endian.h", O_RDONLY|O_NOCTTY) = 3</usr/include/endian.h>
24070 1649613672.125103 read(3</usr/include/endian.h>, "/* Copyright (C) 1992-2012 Free "..., 3021) = 3021
24070 1649613672.125133 close(3</usr/include/endian.h>) = 0
24070 1649613672.125336 open("/usr/lib/gcc/x86_64-redhat-linux/4.8.5/include/bits/endian.h", O_RDONLY|O_NOCTTY) = -1 ENOENT (No such file or directory)
24070 1649613672.125439 open("/usr/local/include/bits/endian.h", O_RDONLY|O_NOCTTY) = -1 ENOENT (No such file or directory)
24070 1649613672.125538 open("/usr/include/bits/endian.h", O_RDONLY|O_NOCTTY) = 3</usr/include/bits/endian.h>
24070 1649613672.125587 read(3</usr/include/bits/endian.h>, "/* i386/x86_64 are little-endian"..., 176) = 176
24070 1649613672.125616 close(3</usr/include/bits/endian.h>) = 0
24070 1649613672.125836 open("/usr/lib/gcc/x86_64-redhat-linux/4.8.5/include/bits/byteswap.h", O_RDONLY|O_NOCTTY) = -1 ENOENT (No such file or directory)
24070 1649613672.125941 open("/usr/local/include/bits/byteswap.h", O_RDONLY|O_NOCTTY) = -1 ENOENT (No such file or directory)
24070 1649613672.126043 open("/usr/include/bits/byteswap.h", O_RDONLY|O_NOCTTY) = 3</usr/include/bits/byteswap.h>
24070 1649613672.126094 read(3</usr/include/bits/byteswap.h>, "/* Macros to swap the order of b"..., 5689) = 5689
24070 1649613672.126124 close(3</usr/include/bits/byteswap.h>) = 0
24070 1649613672.126163 open("/usr/include/bits/wordsize.h", O_RDONLY|O_NOCTTY) = 3</usr/include/bits/wordsize.h>
24070 1649613672.126212 read(3</usr/include/bits/wordsize.h>, "/* Determine the wordsize from t"..., 327) = 327
24070 1649613672.126241 close(3</usr/include/bits/wordsize.h>) = 0
24070 1649613672.126448 open("/usr/lib/gcc/x86_64-redhat-linux/4.8.5/include/bits/byteswap-16.h", O_RDONLY|O_NOCTTY) = -1 ENOENT (No such file or directory)
24070 1649613672.126551 open("/usr/local/include/bits/byteswap-16.h", O_RDONLY|O_NOCTTY) = -1 ENOENT (No such file or directory)
24070 1649613672.126651 open("/usr/include/bits/byteswap-16.h", O_RDONLY|O_NOCTTY) = 3</usr/include/bits/byteswap-16.h>
24070 1649613672.126701 read(3</usr/include/bits/byteswap-16.h>, "/* Macros to swap the order of b"..., 1726) = 1726
24070 1649613672.126731 close(3</usr/include/bits/byteswap-16.h>) = 0
24070 1649613672.127746 open("/usr/lib/gcc/x86_64-redhat-linux/4.8.5/include/sys/types.h", O_RDONLY|O_NOCTTY) = -1 ENOENT (No such file or directory)
24070 1649613672.127851 open("/usr/local/include/sys/types.h", O_RDONLY|O_NOCTTY) = -1 ENOENT (No such file or directory)
24070 1649613672.127960 open("/usr/include/sys/types.h", O_RDONLY|O_NOCTTY) = 3</usr/include/sys/types.h>
24070 1649613672.128013 read(3</usr/include/sys/types.h>, "/* Copyright (C) 1991,1992,1994-"..., 6771) = 6771
24070 1649613672.128044 close(3</usr/include/sys/types.h>) = 0
24070 1649613672.128331 open("/usr/lib/gcc/x86_64-redhat-linux/4.8.5/include/time.h", O_RDONLY|O_NOCTTY) = -1 ENOENT (No such file or directory)
