24075 1649613672.225567 open("/usr/local/lib/libdl.so.2", O_RDONLY|O_CLOEXEC) = -1 ENOENT (No such file or directory)
24074 1649613672.225612 close(3<pipe:[15267634]>) = 0
24075 1649613672.225673 open("/usr/lib/tls/x86_64/libdl.so.2", O_RDONLY|O_CLOEXEC <unfinished ...>
24076 1649613672.225699 <... execve resumed>) = 0
24075 1649613672.225709 <... open resumed>) = -1 ENOENT (No such file or directory)
24075 1649613672.225763 open("/usr/lib/tls/libdl.so.2", O_RDONLY|O_CLOEXEC) = -1 ENOENT (No such file or directory)
24075 1649613672.225828 open("/usr/lib/x86_64/libdl.so.2", O_RDONLY|O_CLOEXEC <unfinished ...>
24076 1649613672.225847 mmap(NULL, 4096, PROT_READ|PROT_WRITE, MAP_PRIVATE|MAP_ANONYMOUS, -1, 0 <unfinished ...>
24075 1649613672.225861 <... open resumed>) = -1 ENOENT (No such file or directory)
24076 1649613672.225879 <... mmap resumed>) = 0x7fe60a2bd000
24075 1649613672.225913 open("/usr/lib/libdl.so.2", O_RDONLY|O_CLOEXEC) = 3</usr/lib/libdl-2.17.so>
24076 1649613672.225990 open("/usr/local/lib/tls/x86_64/libopcodes-2.27-44.base.el7_9.1.so", O_RDONLY|O_CLOEXEC <unfinished ...>
24075 1649613672.226010 read(3</usr/lib/libdl-2.17.so>,  <unfinished ...>
24076 1649613672.226030 <... open resumed>) = -1 ENOENT (No such file or directory)
24075 1649613672.226046 <... read resumed>"\177ELF\1\1\1\0\0\0\0\0\0\0\0\0\3\0\3\0\1\0\0\0000\n\0\0004\0\0\0"..., 832) = 832
24075 1649613672.226071 close(3</usr/lib/libdl-2.17.so>) = 0
24076 1649613672.226112 open("/usr/local/lib/tls/libopcodes-2.27-44.base.el7_9.1.so", O_RDONLY|O_CLOEXEC) = -1 ENOENT (No such file or directory)
24075 1649613672.226185 open("/opt/sfw/lib/tls/x86_64/libdl.so.2", O_RDONLY|O_CLOEXEC) = -1 ENOENT (No such file or directory)
24076 1649613672.226241 open("/usr/local/lib/x86_64/libopcodes-2.27-44.base.el7_9.1.so", O_RDONLY|O_CLOEXEC) = -1 ENOENT (No such file or directory)
24075 1649613672.226302 open("/opt/sfw/lib/tls/libdl.so.2", O_RDONLY|O_CLOEXEC) = -1 ENOENT (No such file or directory)
24076 1649613672.226337 open("/usr/local/lib/libopcodes-2.27-44.base.el7_9.1.so", O_RDONLY|O_CLOEXEC) = -1 ENOENT (No such file or directory)
24075 1649613672.226394 open("/opt/sfw/lib/x86_64/libdl.so.2", O_RDONLY|O_CLOEXEC) = -1 ENOENT (No such file or directory)
24076 1649613672.226433 open("/usr/lib/tls/x86_64/libopcodes-2.27-44.base.el7_9.1.so", O_RDONLY|O_CLOEXEC) = -1 ENOENT (No such file or directory)
24075 1649613672.226490 open("/opt/sfw/lib/libdl.so.2", O_RDONLY|O_CLOEXEC) = -1 ENOENT (No such file or directory)
24076 1649613672.226524 open("/usr/lib/tls/libopcodes-2.27-44.base.el7_9.1.so", O_RDONLY|O_CLOEXEC) = -1 ENOENT (No such file or directory)
24075 1649613672.226580 open("/usr/sfw/lib/tls/x86_64/libdl.so.2", O_RDONLY|O_CLOEXEC) = -1 ENOENT (No such file or directory)
24076 1649613672.226614 open("/usr/lib/x86_64/libopcodes-2.27-44.base.el7_9.1.so", O_RDONLY|O_CLOEXEC) = -1 ENOENT (No such file or directory)
24075 1649613672.226673 open("/usr/sfw/lib/tls/libdl.so.2", O_RDONLY|O_CLOEXEC) = -1 ENOENT (No such file or directory)
24076 1649613672.226707 open("/usr/lib/libopcodes-2.27-44.base.el7_9.1.so", O_RDONLY|O_CLOEXEC) = -1 ENOENT (No such file or directory)
24075 1649613672.226774 open("/usr/sfw/lib/x86_64/libdl.so.2", O_RDONLY|O_CLOEXEC) = -1 ENOENT (No such file or directory)
24076 1649613672.226808 open("/opt/sfw/lib/tls/x86_64/libopcodes-2.27-44.base.el7_9.1.so", O_RDONLY|O_CLOEXEC) = -1 ENOENT (No such file or directory)
24075 1649613672.226868 open("/usr/sfw/lib/libdl.so.2", O_RDONLY|O_CLOEXEC) = -1 ENOENT (No such file or directory)
24076 1649613672.226901 open("/opt/sfw/lib/tls/libopcodes-2.27-44.base.el7_9.1.so", O_RDONLY|O_CLOEXEC) = -1 ENOENT (No such file or directory)
24075 1649613672.226986 open("/usr/ccs/lib/tls/x86_64/libdl.so.2", O_RDONLY|O_CLOEXEC) = -1 ENOENT (No such file or directory)
24076 1649613672.227021 open("/opt/sfw/lib/x86_64/libopcodes-2.27-44.base.el7_9.1.so", O_RDONLY|O_CLOEXEC) = -1 ENOENT (No such file or directory)
24075 1649613672.227077 open("/usr/ccs/lib/tls/libdl.so.2", O_RDONLY|O_CLOEXEC) = -1 ENOENT (No such file or directory)
24076 1649613672.227111 open("/opt/sfw/lib/libopcodes-2.27-44.base.el7_9.1.so", O_RDONLY|O_CLOEXEC) = -1 ENOENT (No such file or directory)
24075 1649613672.227170 open("/usr/ccs/lib/x86_64/libdl.so.2", O_RDONLY|O_CLOEXEC) = -1 ENOENT (No such file or directory)
24076 1649613672.227203 open("/usr/sfw/lib/tls/x86_64/libopcodes-2.27-44.base.el7_9.1.so", O_RDONLY|O_CLOEXEC) = -1 ENOENT (No such file or directory)
24075 1649613672.227261 open("/usr/ccs/lib/libdl.so.2", O_RDONLY|O_CLOEXEC) = -1 ENOENT (No such file or directory)
24076 1649613672.227295 open("/usr/sfw/lib/tls/libopcodes-2.27-44.base.el7_9.1.so", O_RDONLY|O_CLOEXEC) = -1 ENOENT (No such file or directory)
24075 1649613672.227366 open("/etc/ld.so.cache", O_RDONLY|O_CLOEXEC <unfinished ...>
24076 1649613672.227385 open("/usr/sfw/lib/x86_64/libopcodes-2.27-44.base.el7_9.1.so", O_RDONLY|O_CLOEXEC <unfinished ...>
24075 1649613672.227406 <... open resumed>) = 3</etc/ld.so.cache>
24076 1649613672.227431 <... open resumed>) = -1 ENOENT (No such file or directory)
24075 1649613672.227476 mmap(NULL, 201154, PROT_READ, MAP_PRIVATE, 3</etc/ld.so.cache>, 0 <unfinished ...>
24076 1649613672.227500 open("/usr/sfw/lib/libopcodes-2.27-44.base.el7_9.1.so", O_RDONLY|O_CLOEXEC <unfinished ...>
24075 1649613672.227520 <... mmap resumed>) = 0x7fafc5130000
24076 1649613672.227531 <... open resumed>) = -1 ENOENT (No such file or directory)
24075 1649613672.227548 close(3</etc/ld.so.cache>) = 0
24076 1649613672.227603 open("/usr/ccs/lib/tls/x86_64/libopcodes-2.27-44.base.el7_9.1.so", O_RDONLY|O_CLOEXEC <unfinished ...>
24075 1649613672.227624 open("/lib64/libdl.so.2", O_RDONLY|O_CLOEXEC <unfinished ...>
24076 1649613672.227639 <... open resumed>) = -1 ENOENT (No such file or directory)
24075 1649613672.227658 <... open resumed>) = 3</usr/lib64/libdl-2.17.so>
24075 1649613672.227687 read(3</usr/lib64/libdl-2.17.so>, "\177ELF\2\1\1\0\0\0\0\0\0\0\0\0\3\0>\0\1\0\0\0P\16\0\0\0\0\0\0"..., 832) = 832
24076 1649613672.227728 open("/usr/ccs/lib/tls/libopcodes-2.27-44.base.el7_9.1.so", O_RDONLY|O_CLOEXEC) = -1 ENOENT (No such file or directory)
24075 1649613672.227787 mmap(NULL, 2109744, PROT_READ|PROT_EXEC, MAP_PRIVATE|MAP_DENYWRITE, 3</usr/lib64/libdl-2.17.so>, 0 <unfinished ...>
24076 1649613672.227874 open("/usr/ccs/lib/x86_64/libopcodes-2.27-44.base.el7_9.1.so", O_RDONLY|O_CLOEXEC <unfinished ...>
24075 1649613672.227909 <... mmap resumed>) = 0x7fafc4d3e000
24076 1649613672.227945 <... open resumed>) = -1 ENOENT (No such file or directory)
24075 1649613672.227994 mmap(0x7fafc4f40000, 8192, PROT_READ|PROT_WRITE, MAP_PRIVATE|MAP_FIXED|MAP_DENYWRITE, 3</usr/lib64/libdl-2.17.so>, 0x2000 <unfinished ...>
24076 1649613672.228042 open("/usr/ccs/lib/libopcodes-2.27-44.base.el7_9.1.so", O_RDONLY|O_CLOEXEC <unfinished ...>
24075 1649613672.228063 <... mmap resumed>) = 0x7fafc4f40000
24076 1649613672.228078 <... open resumed>) = -1 ENOENT (No such file or directory)
24075 1649613672.228095 close(3</usr/lib64/libdl-2.17.so>) = 0
24076 1649613672.228155 open("/etc/ld.so.cache", O_RDONLY|O_CLOEXEC <unfinished ...>
24075 1649613672.228171 open("/usr/local/lib/libmpc.so.3", O_RDONLY|O_CLOEXEC <unfinished ...>
24076 1649613672.228197 <... open resumed>) = 3</etc/ld.so.cache>
24075 1649613672.228222 <... open resumed>) = -1 ENOENT (No such file or directory)
24075 1649613672.228257 open("/usr/lib/libmpc.so.3", O_RDONLY|O_CLOEXEC) = -1 ENOENT (No such file or directory)
24076 1649613672.228293 mmap(NULL, 201154, PROT_READ, MAP_PRIVATE, 3</etc/ld.so.cache>, 0 <unfinished ...>
24075 1649613672.228315 open("/lib64/libmpc.so.3", O_RDONLY|O_CLOEXEC <unfinished ...>
24076 1649613672.228332 <... mmap resumed>) = 0x7fe60a28b000
24075 1649613672.228345 <... open resumed>) = 3</usr/lib64/libmpc.so.3.0.0>
24076 1649613672.228367 close(3</etc/ld.so.cache> <unfinished ...>
24075 1649613672.228382 read(3</usr/lib64/libmpc.so.3.0.0>,  <unfinished ...>
24076 1649613672.228404 <... close resumed>) = 0
24075 1649613672.228413 <... read resumed>"\177ELF\2\1\1\0\0\0\0\0\0\0\0\0\3\0>\0\1\0\0\0@L\0\0\0\0\0\0"..., 832) = 832
24076 1649613672.228453 open("/lib64/libopcodes-2.27-44.base.el7_9.1.so", O_RDONLY|O_CLOEXEC) = 3</usr/lib64/libopcodes-2.27-44.base.el7_9.1.so>
24075 1649613672.228500 mmap(NULL, 4096, PROT_READ|PROT_WRITE, MAP_PRIVATE|MAP_ANONYMOUS, -1, 0 <unfinished ...>
24076 1649613672.228517 read(3</usr/lib64/libopcodes-2.27-44.base.el7_9.1.so>,  <unfinished ...>
24075 1649613672.228537 <... mmap resumed>) = 0x7fafc512f000
24076 1649613672.228550 <... read resumed>"\177ELF\2\1\1\0\0\0\0\0\0\0\0\0\3\0>\0\1\0\0\0`\234\4\0\0\0\0\0"..., 832) = 832
24075 1649613672.228567 mmap(NULL, 2192896, PROT_READ|PROT_EXEC, MAP_PRIVATE|MAP_DENYWRITE, 3</usr/lib64/libmpc.so.3.0.0>, 0) = 0x7fafc4b26000
24076 1649613672.228638 mmap(NULL, 3781280, PROT_READ|PROT_EXEC, MAP_PRIVATE|MAP_DENYWRITE, 3</usr/lib64/libopcodes-2.27-44.base.el7_9.1.so>, 0) = 0x7fe609d01000
24075 1649613672.228690 mmap(0x7fafc4d3c000, 8192, PROT_READ|PROT_WRITE, MAP_PRIVATE|MAP_FIXED|MAP_DENYWRITE, 3</usr/lib64/libmpc.so.3.0.0>, 0x16000) = 0x7fafc4d3c000
24076 1649613672.228758 mmap(0x7fe609f6d000, 1241088, PROT_READ|PROT_WRITE, MAP_PRIVATE|MAP_FIXED|MAP_DENYWRITE, 3</usr/lib64/libopcodes-2.27-44.base.el7_9.1.so>, 0x6c000 <unfinished ...>
24075 1649613672.228781 close(3</usr/lib64/libmpc.so.3.0.0> <unfinished ...>
24076 1649613672.228805 <... mmap resumed>) = 0x7fe609f6d000
24075 1649613672.228815 <... close resumed>) = 0
24076 1649613672.228829 mmap(0x7fe60a09c000, 672, PROT_READ|PROT_WRITE, MAP_PRIVATE|MAP_FIXED|MAP_ANONYMOUS, -1, 0 <unfinished ...>
24075 1649613672.228846 open("/usr/local/lib/libmpfr.so.4", O_RDONLY|O_CLOEXEC <unfinished ...>
24076 1649613672.228867 <... mmap resumed>) = 0x7fe60a09c000
24075 1649613672.228881 <... open resumed>) = -1 ENOENT (No such file or directory)
24076 1649613672.228899 close(3</usr/lib64/libopcodes-2.27-44.base.el7_9.1.so> <unfinished ...>
24075 1649613672.228929 open("/usr/lib/libmpfr.so.4", O_RDONLY|O_CLOEXEC <unfinished ...>
24076 1649613672.228944 <... close resumed>) = 0
24075 1649613672.228958 <... open resumed>) = -1 ENOENT (No such file or directory)
24076 1649613672.228974 open("/usr/local/lib/libbfd-2.27-44.base.el7_9.1.so", O_RDONLY|O_CLOEXEC <unfinished ...>
24075 1649613672.228994 open("/lib64/libmpfr.so.4", O_RDONLY|O_CLOEXEC <unfinished ...>
24076 1649613672.229012 <... open resumed>) = -1 ENOENT (No such file or directory)
24075 1649613672.229028 <... open resumed>) = 3</usr/lib64/libmpfr.so.4.1.1>
24076 1649613672.229050 open("/usr/lib/libbfd-2.27-44.base.el7_9.1.so", O_RDONLY|O_CLOEXEC <unfinished ...>
24075 1649613672.229068 read(3</usr/lib64/libmpfr.so.4.1.1>,  <unfinished ...>
24076 1649613672.229088 <... open resumed>) = -1 ENOENT (No such file or directory)
24075 1649613672.229105 <... read resumed>"\177ELF\2\1\1\0\0\0\0\0\0\0\0\0\3\0>\0\1\0\0\0\300\252\0\0\0\0\0\0"..., 832) = 832
24076 1649613672.229135 open("/lib64/libbfd-2.27-44.base.el7_9.1.so", O_RDONLY|O_CLOEXEC) = 3</usr/lib64/libbfd-2.27-44.base.el7_9.1.so>
24076 1649613672.229193 read(3</usr/lib64/libbfd-2.27-44.base.el7_9.1.so>,  <unfinished ...>
24075 1649613672.229217 mmap(NULL, 2468096, PROT_READ|PROT_EXEC, MAP_PRIVATE|MAP_DENYWRITE, 3</usr/lib64/libmpfr.so.4.1.1>, 0 <unfinished ...>
24076 1649613672.229241 <... read resumed>"\177ELF\2\1\1\0\0\0\0\0\0\0\0\0\3\0>\0\1\0\0\0 +\4\0\0\0\0\0"..., 832) = 832
24075 1649613672.229260 <... mmap resumed>) = 0x7fafc48cb000
24076 1649613672.229307 mmap(NULL, 4096, PROT_READ|PROT_WRITE, MAP_PRIVATE|MAP_ANONYMOUS, -1, 0) = 0x7fe60a28a000
24075 1649613672.229345 mmap(0x7fafc4b23000, 12288, PROT_READ|PROT_WRITE, MAP_PRIVATE|MAP_FIXED|MAP_DENYWRITE, 3</usr/lib64/libmpfr.so.4.1.1>, 0x58000 <unfinished ...>
24076 1649613672.229369 mmap(NULL, 3442752, PROT_READ|PROT_EXEC, MAP_PRIVATE|MAP_DENYWRITE, 3</usr/lib64/libbfd-2.27-44.base.el7_9.1.so>, 0 <unfinished ...>
24075 1649613672.229392 <... mmap resumed>) = 0x7fafc4b23000
24076 1649613672.229406 <... mmap resumed>) = 0x7fe6099b8000
24075 1649613672.229423 close(3</usr/lib64/libmpfr.so.4.1.1>) = 0
24076 1649613672.229478 mmap(0x7fe609ce3000, 106496, PROT_READ|PROT_WRITE, MAP_PRIVATE|MAP_FIXED|MAP_DENYWRITE, 3</usr/lib64/libbfd-2.27-44.base.el7_9.1.so>, 0x12b000 <unfinished ...>
24075 1649613672.229499 open("/usr/local/lib/libgmp.so.10", O_RDONLY|O_CLOEXEC <unfinished ...>
24076 1649613672.229518 <... mmap resumed>) = 0x7fe609ce3000
24075 1649613672.229533 <... open resumed>) = -1 ENOENT (No such file or directory)
24076 1649613672.229549 mmap(0x7fe609cfd000, 14400, PROT_READ|PROT_WRITE, MAP_PRIVATE|MAP_FIXED|MAP_ANONYMOUS, -1, 0 <unfinished ...>
24075 1649613672.229567 open("/usr/lib/libgmp.so.10", O_RDONLY|O_CLOEXEC <unfinished ...>
24076 1649613672.229584 <... mmap resumed>) = 0x7fe609cfd000
24075 1649613672.229599 <... open resumed>) = -1 ENOENT (No such file or directory)
24076 1649613672.229614 close(3</usr/lib64/libbfd-2.27-44.base.el7_9.1.so> <unfinished ...>
24075 1649613672.229637 open("/lib64/libgmp.so.10", O_RDONLY|O_CLOEXEC <unfinished ...>
24076 1649613672.229652 <... close resumed>) = 0
24075 1649613672.229666 <... open resumed>) = 3</usr/lib64/libgmp.so.10.2.0>
24076 1649613672.229687 open("/usr/local/lib/libdl.so.2", O_RDONLY|O_CLOEXEC <unfinished ...>
24075 1649613672.229705 read(3</usr/lib64/libgmp.so.10.2.0>,  <unfinished ...>
24076 1649613672.229725 <... open resumed>) = -1 ENOENT (No such file or directory)
24075 1649613672.229741 <... read resumed>"\177ELF\2\1\1\0\0\0\0\0\0\0\0\0\3\0>\0\1\0\0\0\200\304\0\0\0\0\0\0"..., 832) = 832
24076 1649613672.229759 open("/usr/lib/libdl.so.2", O_RDONLY|O_CLOEXEC) = 3</usr/lib/libdl-2.17.so>
24076 1649613672.229811 read(3</usr/lib/libdl-2.17.so>,  <unfinished ...>
24075 1649613672.229834 mmap(NULL, 2584736, PROT_READ|PROT_EXEC, MAP_PRIVATE|MAP_DENYWRITE, 3</usr/lib64/libgmp.so.10.2.0>, 0 <unfinished ...>
24076 1649613672.229852 <... read resumed>"\177ELF\1\1\1\0\0\0\0\0\0\0\0\0\3\0\3\0\1\0\0\0000\n\0\0004\0\0\0"..., 832) = 832
24075 1649613672.229871 <... mmap resumed>) = 0x7fafc4653000
24076 1649613672.229885 close(3</usr/lib/libdl-2.17.so>) = 0
24076 1649613672.229984 open("/lib64/libdl.so.2", O_RDONLY|O_CLOEXEC <unfinished ...>
24075 1649613672.230017 mmap(0x7fafc48c8000, 12288, PROT_READ|PROT_WRITE, MAP_PRIVATE|MAP_FIXED|MAP_DENYWRITE, 3</usr/lib64/libgmp.so.10.2.0>, 0x75000 <unfinished ...>
24076 1649613672.230055 <... open resumed>) = 3</usr/lib64/libdl-2.17.so>
24075 1649613672.230078 <... mmap resumed>) = 0x7fafc48c8000
24076 1649613672.230092 read(3</usr/lib64/libdl-2.17.so>,  <unfinished ...>
24075 1649613672.230111 close(3</usr/lib64/libgmp.so.10.2.0> <unfinished ...>
24076 1649613672.230133 <... read resumed>"\177ELF\2\1\1\0\0\0\0\0\0\0\0\0\3\0>\0\1\0\0\0P\16\0\0\0\0\0\0"..., 832) = 832
24075 1649613672.230148 <... close resumed>) = 0
24075 1649613672.230169 open("/usr/local/lib/libz.so.1", O_RDONLY|O_CLOEXEC) = -1 ENOENT (No such file or directory)
24076 1649613672.230216 mmap(NULL, 2109744, PROT_READ|PROT_EXEC, MAP_PRIVATE|MAP_DENYWRITE, 3</usr/lib64/libdl-2.17.so>, 0 <unfinished ...>
24075 1649613672.230235 open("/usr/lib/libz.so.1", O_RDONLY|O_CLOEXEC <unfinished ...>
24076 1649613672.230253 <... mmap resumed>) = 0x7fe6097b4000
24075 1649613672.230267 <... open resumed>) = 3</usr/lib/libz.so.1.2.7>
24075 1649613672.230299 read(3</usr/lib/libz.so.1.2.7>, "\177ELF\1\1\1\0\0\0\0\0\0\0\0\0\3\0\3\0\1\0\0\0@\30\0\0004\0\0\0"..., 832) = 832
24076 1649613672.230341 mmap(0x7fe6099b6000, 8192, PROT_READ|PROT_WRITE, MAP_PRIVATE|MAP_FIXED|MAP_DENYWRITE, 3</usr/lib64/libdl-2.17.so>, 0x2000 <unfinished ...>
24075 1649613672.230360 close(3</usr/lib/libz.so.1.2.7> <unfinished ...>
24076 1649613672.230381 <... mmap resumed>) = 0x7fe6099b6000
24075 1649613672.230390 <... close resumed>) = 0
24076 1649613672.230424 close(3</usr/lib64/libdl-2.17.so> <unfinished ...>
24075 1649613672.230446 open("/lib64/libz.so.1", O_RDONLY|O_CLOEXEC <unfinished ...>
24076 1649613672.230464 <... close resumed>) = 0
24075 1649613672.230479 <... open resumed>) = 3</usr/lib64/libz.so.1.2.7>
24076 1649613672.230500 open("/usr/local/lib/libc.so.6", O_RDONLY|O_CLOEXEC <unfinished ...>
24075 1649613672.230518 read(3</usr/lib64/libz.so.1.2.7>,  <unfinished ...>
24076 1649613672.230542 <... open resumed>) = -1 ENOENT (No such file or directory)
24075 1649613672.230555 <... read resumed>"\177ELF\2\1\1\0\0\0\0\0\0\0\0\0\3\0>\0\1\0\0\0P!\0\0\0\0\0\0"..., 832) = 832
24076 1649613672.230574 open("/usr/lib/libc.so.6", O_RDONLY|O_CLOEXEC) = 3</usr/lib/libc-2.17.so>
24076 1649613672.230627 read(3</usr/lib/libc-2.17.so>,  <unfinished ...>
24075 1649613672.230644 mmap(NULL, 4096, PROT_READ|PROT_WRITE, MAP_PRIVATE|MAP_ANONYMOUS, -1, 0 <unfinished ...>
24076 1649613672.230660 <... read resumed>"\177ELF\1\1\1\3\0\0\0\0\0\0\0\0\3\0\3\0\1\0\0\0000\244\1\0004\0\0\0"..., 832) = 832
24075 1649613672.230679 <... mmap resumed>) = 0x7fafc512e000
24076 1649613672.230693 close(3</usr/lib/libc-2.17.so> <unfinished ...>
24075 1649613672.230715 mmap(NULL, 2183272, PROT_READ|PROT_EXEC, MAP_PRIVATE|MAP_DENYWRITE, 3</usr/lib64/libz.so.1.2.7>, 0 <unfinished ...>
24076 1649613672.230734 <... close resumed>) = 0
24075 1649613672.230748 <... mmap resumed>) = 0x7fafc443d000
24076 1649613672.230763 open("/lib64/libc.so.6", O_RDONLY|O_CLOEXEC) = 3</usr/lib64/libc-2.17.so>
24076 1649613672.230814 read(3</usr/lib64/libc-2.17.so>,  <unfinished ...>
24075 1649613672.230836 mmap(0x7fafc4651000, 8192, PROT_READ|PROT_WRITE, MAP_PRIVATE|MAP_FIXED|MAP_DENYWRITE, 3</usr/lib64/libz.so.1.2.7>, 0x14000 <unfinished ...>
24076 1649613672.230856 <... read resumed>"\177ELF\2\1\1\3\0\0\0\0\0\0\0\0\3\0>\0\1\0\0\0`&\2\0\0\0\0\0"..., 832) = 832
24075 1649613672.230874 <... mmap resumed>) = 0x7fafc4651000
24075 1649613672.230908 close(3</usr/lib64/libz.so.1.2.7> <unfinished ...>
24076 1649613672.230940 mmap(NULL, 3985920, PROT_READ|PROT_EXEC, MAP_PRIVATE|MAP_DENYWRITE, 3</usr/lib64/libc-2.17.so>, 0 <unfinished ...>
24075 1649613672.230959 <... close resumed>) = 0
24076 1649613672.230973 <... mmap resumed>) = 0x7fe6093e6000
24075 1649613672.230990 open("/usr/local/lib/libm.so.6", O_RDONLY|O_CLOEXEC) = -1 ENOENT (No such file or directory)
24075 1649613672.231039 open("/usr/lib/libm.so.6", O_RDONLY|O_CLOEXEC <unfinished ...>
24076 1649613672.231053 mmap(0x7fe6097a9000, 24576, PROT_READ|PROT_WRITE, MAP_PRIVATE|MAP_FIXED|MAP_DENYWRITE, 3</usr/lib64/libc-2.17.so>, 0x1c3000 <unfinished ...>
24075 1649613672.231077 <... open resumed>) = 3</usr/lib/libm-2.17.so>
24076 1649613672.231098 <... mmap resumed>) = 0x7fe6097a9000
24075 1649613672.231112 read(3</usr/lib/libm-2.17.so>,  <unfinished ...>
24076 1649613672.231132 mmap(0x7fe6097af000, 16896, PROT_READ|PROT_WRITE, MAP_PRIVATE|MAP_FIXED|MAP_ANONYMOUS, -1, 0 <unfinished ...>
24075 1649613672.231148 <... read resumed>"\177ELF\1\1\1\3\0\0\0\0\0\0\0\0\3\0\3\0\1\0\0\0\220D\0\0004\0\0\0"..., 832) = 832
24076 1649613672.231166 <... mmap resumed>) = 0x7fe6097af000
24075 1649613672.231181 close(3</usr/lib/libm-2.17.so> <unfinished ...>
24076 1649613672.231201 close(3</usr/lib64/libc-2.17.so> <unfinished ...>
24075 1649613672.231223 <... close resumed>) = 0
24076 1649613672.231232 <... close resumed>) = 0
24075 1649613672.231246 open("/lib64/libm.so.6", O_RDONLY|O_CLOEXEC <unfinished ...>
24076 1649613672.231265 open("/usr/local/lib/libz.so.1", O_RDONLY|O_CLOEXEC <unfinished ...>
24075 1649613672.231287 <... open resumed>) = 3</usr/lib64/libm-2.17.so>
24076 1649613672.231308 <... open resumed>) = -1 ENOENT (No such file or directory)
24075 1649613672.231324 read(3</usr/lib64/libm-2.17.so>,  <unfinished ...>
24076 1649613672.231348 open("/usr/lib/libz.so.1", O_RDONLY|O_CLOEXEC <unfinished ...>
24075 1649613672.231362 <... read resumed>"\177ELF\2\1\1\3\0\0\0\0\0\0\0\0\3\0>\0\1\0\0\0PS\0\0\0\0\0\0"..., 832) = 832
24076 1649613672.231380 <... open resumed>) = 3</usr/lib/libz.so.1.2.7>
24076 1649613672.231408 read(3</usr/lib/libz.so.1.2.7>, "\177ELF\1\1\1\0\0\0\0\0\0\0\0\0\3\0\3\0\1\0\0\0@\30\0\0004\0\0\0"..., 832) = 832
24075 1649613672.231452 mmap(NULL, 3150136, PROT_READ|PROT_EXEC, MAP_PRIVATE|MAP_DENYWRITE, 3</usr/lib64/libm-2.17.so>, 0 <unfinished ...>
24076 1649613672.231474 close(3</usr/lib/libz.so.1.2.7> <unfinished ...>
24075 1649613672.231497 <... mmap resumed>) = 0x7fafc413b000
24076 1649613672.231507 <... close resumed>) = 0
24076 1649613672.231588 open("/lib64/libz.so.1", O_RDONLY|O_CLOEXEC) = 3</usr/lib64/libz.so.1.2.7>
24075 1649613672.231663 mmap(0x7fafc443b000, 8192, PROT_READ|PROT_WRITE, MAP_PRIVATE|MAP_FIXED|MAP_DENYWRITE, 3</usr/lib64/libm-2.17.so>, 0x100000 <unfinished ...>
24076 1649613672.231687 read(3</usr/lib64/libz.so.1.2.7>,  <unfinished ...>
24075 1649613672.231709 <... mmap resumed>) = 0x7fafc443b000
24076 1649613672.231719 <... read resumed>"\177ELF\2\1\1\0\0\0\0\0\0\0\0\0\3\0>\0\1\0\0\0P!\0\0\0\0\0\0"..., 832) = 832
24075 1649613672.231738 close(3</usr/lib64/libm-2.17.so>) = 0
24076 1649613672.231795 mmap(NULL, 4096, PROT_READ|PROT_WRITE, MAP_PRIVATE|MAP_ANONYMOUS, -1, 0 <unfinished ...>
24075 1649613672.231807 open("/usr/local/lib/libc.so.6", O_RDONLY|O_CLOEXEC <unfinished ...>
24076 1649613672.231826 <... mmap resumed>) = 0x7fe60a289000
24075 1649613672.231841 <... open resumed>) = -1 ENOENT (No such file or directory)
24076 1649613672.231858 mmap(NULL, 2183272, PROT_READ|PROT_EXEC, MAP_PRIVATE|MAP_DENYWRITE, 3</usr/lib64/libz.so.1.2.7>, 0 <unfinished ...>
24075 1649613672.231881 open("/usr/lib/libc.so.6", O_RDONLY|O_CLOEXEC <unfinished ...>
24076 1649613672.231899 <... mmap resumed>) = 0x7fe6091d0000
24075 1649613672.231925 <... open resumed>) = 3</usr/lib/libc-2.17.so>
24075 1649613672.231953 read(3</usr/lib/libc-2.17.so>, "\177ELF\1\1\1\3\0\0\0\0\0\0\0\0\3\0\3\0\1\0\0\0000\244\1\0004\0\0\0"..., 832) = 832
24076 1649613672.231997 mmap(0x7fe6093e4000, 8192, PROT_READ|PROT_WRITE, MAP_PRIVATE|MAP_FIXED|MAP_DENYWRITE, 3</usr/lib64/libz.so.1.2.7>, 0x14000 <unfinished ...>
24075 1649613672.232020 close(3</usr/lib/libc-2.17.so> <unfinished ...>
24076 1649613672.232041 <... mmap resumed>) = 0x7fe6093e4000
24075 1649613672.232055 <... close resumed>) = 0
24076 1649613672.232075 close(3</usr/lib64/libz.so.1.2.7> <unfinished ...>
24075 1649613672.232098 open("/lib64/libc.so.6", O_RDONLY|O_CLOEXEC <unfinished ...>
24076 1649613672.232112 <... close resumed>) = 0
24075 1649613672.232127 <... open resumed>) = 3</usr/lib64/libc-2.17.so>
24076 1649613672.232201 mmap(NULL, 4096, PROT_READ|PROT_WRITE, MAP_PRIVATE|MAP_ANONYMOUS, -1, 0 <unfinished ...>
24075 1649613672.232229 read(3</usr/lib64/libc-2.17.so>,  <unfinished ...>
24076 1649613672.232266 <... mmap resumed>) = 0x7fe60a288000
24075 1649613672.232278 <... read resumed>"\177ELF\2\1\1\3\0\0\0\0\0\0\0\0\3\0>\0\1\0\0\0`&\2\0\0\0\0\0"..., 832) = 832
24076 1649613672.232304 mmap(NULL, 8192, PROT_READ|PROT_WRITE, MAP_PRIVATE|MAP_ANONYMOUS, -1, 0) = 0x7fe60a286000
24075 1649613672.232362 mmap(NULL, 3985920, PROT_READ|PROT_EXEC, MAP_PRIVATE|MAP_DENYWRITE, 3</usr/lib64/libc-2.17.so>, 0) = 0x7fafc3d6d000
24075 1649613672.232451 mmap(0x7fafc4130000, 24576, PROT_READ|PROT_WRITE, MAP_PRIVATE|MAP_FIXED|MAP_DENYWRITE, 3</usr/lib64/libc-2.17.so>, 0x1c3000) = 0x7fafc4130000
24075 1649613672.232518 mmap(0x7fafc4136000, 16896, PROT_READ|PROT_WRITE, MAP_PRIVATE|MAP_FIXED|MAP_ANONYMOUS, -1, 0) = 0x7fafc4136000
24075 1649613672.232565 close(3</usr/lib64/libc-2.17.so>) = 0
24075 1649613672.232643 mmap(NULL, 4096, PROT_READ|PROT_WRITE, MAP_PRIVATE|MAP_ANONYMOUS, -1, 0) = 0x7fafc512d000
24075 1649613672.232721 mmap(NULL, 8192, PROT_READ|PROT_WRITE, MAP_PRIVATE|MAP_ANONYMOUS, -1, 0) = 0x7fafc512b000
24075 1649613672.233986 open("/usr/lib/locale/locale-archive", O_RDONLY|O_CLOEXEC) = 3</usr/lib/locale/locale-archive>
24075 1649613672.234075 mmap(NULL, 106176928, PROT_READ, MAP_PRIVATE, 3</usr/lib/locale/locale-archive>, 0) = 0x7fafbd82a000
24075 1649613672.234128 close(3</usr/lib/locale/locale-archive>) = 0
24075 1649613672.234217 open("/usr/share/locale/locale.alias", O_RDONLY|O_CLOEXEC) = 3</usr/share/locale/locale.alias>
24075 1649613672.234304 mmap(NULL, 4096, PROT_READ|PROT_WRITE, MAP_PRIVATE|MAP_ANONYMOUS, -1, 0) = 0x7fafc5161000
24075 1649613672.234345 read(3</usr/share/locale/locale.alias>, "# Locale name alias data base.\n#"..., 4096) = 2502
24075 1649613672.234416 read(3</usr/share/locale/locale.alias>, "", 4096) = 0
24075 1649613672.234466 close(3</usr/share/locale/locale.alias>) = 0
24075 1649613672.234568 open("/usr/share/locale/en_US.UTF-8/LC_MESSAGES/gcc.mo", O_RDONLY) = -1 ENOENT (No such file or directory)
24075 1649613672.234619 open("/usr/share/locale/en_US.utf8/LC_MESSAGES/gcc.mo", O_RDONLY) = -1 ENOENT (No such file or directory)
24075 1649613672.234664 open("/usr/share/locale/en_US/LC_MESSAGES/gcc.mo", O_RDONLY) = -1 ENOENT (No such file or directory)
24075 1649613672.234709 open("/usr/share/locale/en.UTF-8/LC_MESSAGES/gcc.mo", O_RDONLY) = -1 ENOENT (No such file or directory)
24075 1649613672.234752 open("/usr/share/locale/en.utf8/LC_MESSAGES/gcc.mo", O_RDONLY) = -1 ENOENT (No such file or directory)
24075 1649613672.234794 open("/usr/share/locale/en/LC_MESSAGES/gcc.mo", O_RDONLY) = -1 ENOENT (No such file or directory)
24075 1649613672.235121 mmap(NULL, 4096, PROT_READ|PROT_WRITE, MAP_PRIVATE|MAP_ANONYMOUS, -1, 0) = 0x7fafc5161000
24075 1649613672.235201 mmap(NULL, 135168, PROT_READ|PROT_WRITE, MAP_PRIVATE|MAP_ANONYMOUS, -1, 0) = 0x7fafc5140000
24075 1649613672.235284 mmap(NULL, 8192, PROT_READ|PROT_WRITE, MAP_PRIVATE|MAP_ANONYMOUS, -1, 0) = 0x7fafc513e000
24075 1649613672.235332 mmap(NULL, 8192, PROT_READ|PROT_WRITE, MAP_PRIVATE|MAP_ANONYMOUS, -1, 0) = 0x7fafc513c000
24075 1649613672.235377 mmap(NULL, 8192, PROT_READ|PROT_WRITE, MAP_PRIVATE|MAP_ANONYMOUS, -1, 0) = 0x7fafc513a000
24075 1649613672.235419 mmap(NULL, 8192, PROT_READ|PROT_WRITE, MAP_PRIVATE|MAP_ANONYMOUS, -1, 0) = 0x7fafc5138000
24075 1649613672.235461 mmap(NULL, 16384, PROT_READ|PROT_WRITE, MAP_PRIVATE|MAP_ANONYMOUS, -1, 0) = 0x7fafc5134000
24075 1649613672.235570 mmap(NULL, 2097152, PROT_READ|PROT_WRITE, MAP_PRIVATE|MAP_ANONYMOUS, -1, 0) = 0x7fafbd62a000
24076 1649613672.235669 open("/usr/lib/locale/locale-archive", O_RDONLY|O_CLOEXEC) = 3</usr/lib/locale/locale-archive>
24076 1649613672.235785 mmap(NULL, 106176928, PROT_READ, MAP_PRIVATE, 3</usr/lib/locale/locale-archive>, 0) = 0x7fe602c8d000
24076 1649613672.235849 close(3</usr/lib/locale/locale-archive> <unfinished ...>
24075 1649613672.235877 open("/proc/meminfo", O_RDONLY|O_CLOEXEC <unfinished ...>
24076 1649613672.235894 <... close resumed>) = 0
24075 1649613672.235909 <... open resumed>) = 3</proc/meminfo>
24075 1649613672.235989 mmap(NULL, 4096, PROT_READ|PROT_WRITE, MAP_PRIVATE|MAP_ANONYMOUS, -1, 0) = 0x7fafc5133000
24075 1649613672.236031 read(3</proc/meminfo>,  <unfinished ...>
24076 1649613672.236102 mmap(NULL, 528384, PROT_READ|PROT_WRITE, MAP_PRIVATE|MAP_ANONYMOUS, -1, 0) = 0x7fe60a205000
24075 1649613672.236183 <... read resumed>"MemTotal:       263873548 kB\nMem"..., 1024) = 1024
24075 1649613672.236228 close(3</proc/meminfo>) = 0
24075 1649613672.236338 open("/proc/meminfo", O_RDONLY|O_CLOEXEC) = 3</proc/meminfo>
24075 1649613672.236418 mmap(NULL, 4096, PROT_READ|PROT_WRITE, MAP_PRIVATE|MAP_ANONYMOUS, -1, 0) = 0x7fafc5133000
24075 1649613672.236458 read(3</proc/meminfo>,  <unfinished ...>
24076 1649613672.236596 mmap(NULL, 528384, PROT_READ|PROT_WRITE, MAP_PRIVATE|MAP_ANONYMOUS, -1, 0 <unfinished ...>
24075 1649613672.236607 <... read resumed>"MemTotal:       263873548 kB\nMem"..., 1024) = 1024
24076 1649613672.236631 <... mmap resumed>) = 0x7fe60a184000
24075 1649613672.236644 close(3</proc/meminfo>) = 0
24075 1649613672.236768 open("/proc/meminfo", O_RDONLY|O_CLOEXEC) = 3</proc/meminfo>
24075 1649613672.236844 mmap(NULL, 4096, PROT_READ|PROT_WRITE, MAP_PRIVATE|MAP_ANONYMOUS, -1, 0) = 0x7fafc5133000
24075 1649613672.236884 read(3</proc/meminfo>, "MemTotal:       263873548 kB\nMem"..., 1024) = 1024
24075 1649613672.237050 close(3</proc/meminfo>) = 0
24076 1649613672.237105 mmap(NULL, 528384, PROT_READ|PROT_WRITE, MAP_PRIVATE|MAP_ANONYMOUS, -1, 0) = 0x7fe60a103000
24076 1649613672.237692 mmap(NULL, 528384, PROT_READ|PROT_WRITE, MAP_PRIVATE|MAP_ANONYMOUS, -1, 0) = 0x7fe602c0c000
24075 1649613672.237970 open("/dev/urandom", O_RDONLY) = 3</dev/urandom>
24075 1649613672.238033 read(3</dev/urandom>, "\335G\226.\227@v\347", 8) = 8
24075 1649613672.238085 close(3</dev/urandom>) = 0
24076 1649613672.238307 open("/tmp/ccI4QTtH.o", O_RDWR|O_CREAT|O_TRUNC, 0666) = 3</tmp/ccI4QTtH.o>
24075 1649613672.238497 open("mytime.c", O_RDONLY|O_NOCTTY) = 3</home/majors/vthomas/cop5570/finish/mytime.c>
24075 1649613672.238624 read(3</home/majors/vthomas/cop5570/finish/mytime.c>, "/*\n        Name: Vinson Thomas ("..., 2373) = 2373
24076 1649613672.238667 mmap(NULL, 528384, PROT_READ|PROT_WRITE, MAP_PRIVATE|MAP_ANONYMOUS, -1, 0 <unfinished ...>
24075 1649613672.238682 close(3</home/majors/vthomas/cop5570/finish/mytime.c> <unfinished ...>
24076 1649613672.238702 <... mmap resumed>) = 0x7fe602b8b000
24075 1649613672.238715 <... close resumed>) = 0
24075 1649613672.238748 mmap(NULL, 16384, PROT_READ|PROT_WRITE, MAP_PRIVATE|MAP_ANONYMOUS, -1, 0) = 0x7fafc5130000
24075 1649613672.238963 mmap(NULL, 8192, PROT_READ|PROT_WRITE, MAP_PRIVATE|MAP_ANONYMOUS, -1, 0) = 0x7fafc5129000
24076 1649613672.239879 mmap(NULL, 528384, PROT_READ|PROT_WRITE, MAP_PRIVATE|MAP_ANONYMOUS, -1, 0) = 0x7fe602b0a000
24076 1649613672.240588 open("/usr/share/locale/locale.alias", O_RDONLY|O_CLOEXEC) = 4</usr/share/locale/locale.alias>
24076 1649613672.240726 mmap(NULL, 4096, PROT_READ|PROT_WRITE, MAP_PRIVATE|MAP_ANONYMOUS, -1, 0) = 0x7fe60a2bc000
24076 1649613672.240784 read(4</usr/share/locale/locale.alias>, "# Locale name alias data base.\n#"..., 4096) = 2502
24076 1649613672.240872 read(4</usr/share/locale/locale.alias>, "", 4096) = 0
24076 1649613672.240939 close(4</usr/share/locale/locale.alias>) = 0
24076 1649613672.241052 open("/usr/share/locale/en_US.UTF-8/LC_MESSAGES/gas.mo", O_RDONLY) = -1 ENOENT (No such file or directory)
24076 1649613672.241106 open("/usr/share/locale/en_US.utf8/LC_MESSAGES/gas.mo", O_RDONLY) = -1 ENOENT (No such file or directory)
24076 1649613672.241153 open("/usr/share/locale/en_US/LC_MESSAGES/gas.mo", O_RDONLY) = -1 ENOENT (No such file or directory)
24076 1649613672.241199 open("/usr/share/locale/en.UTF-8/LC_MESSAGES/gas.mo", O_RDONLY) = -1 ENOENT (No such file or directory)
24076 1649613672.241243 open("/usr/share/locale/en.utf8/LC_MESSAGES/gas.mo", O_RDONLY) = -1 ENOENT (No such file or directory)
24076 1649613672.241288 open("/usr/share/locale/en/LC_MESSAGES/gas.mo", O_RDONLY) = -1 ENOENT (No such file or directory)
24076 1649613672.241362 mmap(NULL, 4096, PROT_READ|PROT_WRITE, MAP_PRIVATE|MAP_ANONYMOUS, -1, 0) = 0x7fe60a2bc000
24076 1649613672.241405 read(0<pipe:[15267634]>,  <unfinished ...>
24075 1649613672.242018 mmap(NULL, 4096, PROT_READ|PROT_WRITE, MAP_PRIVATE|MAP_ANONYMOUS, -1, 0) = 0x7fafc5128000
24075 1649613672.243952 open("/usr/lib/gcc/x86_64-redhat-linux/4.8.5/include/stdc-predef.h", O_RDONLY|O_NOCTTY) = -1 ENOENT (No such file or directory)
24075 1649613672.244120 open("/usr/local/include/stdc-predef.h", O_RDONLY|O_NOCTTY) = -1 ENOENT (No such file or directory)
24075 1649613672.244263 open("/usr/include/stdc-predef.h", O_RDONLY|O_NOCTTY) = 3</usr/include/stdc-predef.h>
24075 1649613672.244347 read(3</usr/include/stdc-predef.h>, "/* Copyright (C) 1991-2012 Free "..., 1629) = 1629
24075 1649613672.244393 close(3</usr/include/stdc-predef.h>) = 0
24075 1649613672.244757 open("/usr/lib/gcc/x86_64-redhat-linux/4.8.5/include/stdint.h", O_RDONLY|O_NOCTTY) = 3</usr/lib/gcc/x86_64-redhat-linux/4.8.2/include/stdint.h>
24075 1649613672.244836 read(3</usr/lib/gcc/x86_64-redhat-linux/4.8.2/include/stdint.h>, "#ifndef _GCC_WRAP_STDINT_H\n#if _"..., 328) = 328
24075 1649613672.244882 close(3</usr/lib/gcc/x86_64-redhat-linux/4.8.2/include/stdint.h>) = 0
24075 1649613672.244943 mmap(NULL, 16384, PROT_READ|PROT_WRITE, MAP_PRIVATE|MAP_ANONYMOUS, -1, 0) = 0x7fafc5124000
24075 1649613672.245090 open("/usr/local/include/stdint.h", O_RDONLY|O_NOCTTY) = -1 ENOENT (No such file or directory)
24075 1649613672.245202 open("/usr/include/stdint.h", O_RDONLY|O_NOCTTY) = 3</usr/include/stdint.h>
24075 1649613672.245275 read(3</usr/include/stdint.h>, "/* Copyright (C) 1997,1998,1999,"..., 8135) = 8135
24075 1649613672.245325 close(3</usr/include/stdint.h>) = 0
24075 1649613672.245579 open("/usr/lib/gcc/x86_64-redhat-linux/4.8.5/include/features.h", O_RDONLY|O_NOCTTY) = -1 ENOENT (No such file or directory)
24075 1649613672.245714 open("/usr/local/include/features.h", O_RDONLY|O_NOCTTY) = -1 ENOENT (No such file or directory)
24075 1649613672.245822 open("/usr/include/features.h", O_RDONLY|O_NOCTTY) = 3</usr/include/features.h>
24075 1649613672.245951 read(3</usr/include/features.h>, "/* Copyright (C) 1991-2012 Free "..., 13182) = 13182
24075 1649613672.246002 close(3</usr/include/features.h>) = 0
24075 1649613672.246353 open("/usr/lib/gcc/x86_64-redhat-linux/4.8.5/include/sys/cdefs.h", O_RDONLY|O_NOCTTY) = -1 ENOENT (No such file or directory)
24075 1649613672.246487 open("/usr/local/include/sys/cdefs.h", O_RDONLY|O_NOCTTY) = -1 ENOENT (No such file or directory)
24075 1649613672.246619 open("/usr/include/sys/cdefs.h", O_RDONLY|O_NOCTTY) = 3</usr/include/sys/cdefs.h>
24075 1649613672.246693 read(3</usr/include/sys/cdefs.h>, "/* Copyright (C) 1992-2002, 2004"..., 14738) = 14738
24075 1649613672.246742 close(3</usr/include/sys/cdefs.h>) = 0
24075 1649613672.247213 open("/usr/lib/gcc/x86_64-redhat-linux/4.8.5/include/bits/wordsize.h", O_RDONLY|O_NOCTTY) = -1 ENOENT (No such file or directory)
24075 1649613672.247350 open("/usr/local/include/bits/wordsize.h", O_RDONLY|O_NOCTTY) = -1 ENOENT (No such file or directory)
24075 1649613672.247483 open("/usr/include/bits/wordsize.h", O_RDONLY|O_NOCTTY) = 3</usr/include/bits/wordsize.h>
24075 1649613672.247555 read(3</usr/include/bits/wordsize.h>, "/* Determine the wordsize from t"..., 327) = 327
24075 1649613672.247600 close(3</usr/include/bits/wordsize.h>) = 0
24075 1649613672.247885 open("/usr/lib/gcc/x86_64-redhat-linux/4.8.5/include/gnu/stubs.h", O_RDONLY|O_NOCTTY) = -1 ENOENT (No such file or directory)
24075 1649613672.248029 open("/usr/local/include/gnu/stubs.h", O_RDONLY|O_NOCTTY) = -1 ENOENT (No such file or directory)
24075 1649613672.248166 open("/usr/include/gnu/stubs.h", O_RDONLY|O_NOCTTY) = 3</usr/include/gnu/stubs.h>
24075 1649613672.248235 read(3</usr/include/gnu/stubs.h>, "/* This file is automatically ge"..., 384) = 384
24075 1649613672.248277 close(3</usr/include/gnu/stubs.h>) = 0
24075 1649613672.248513 open("/usr/lib/gcc/x86_64-redhat-linux/4.8.5/include/gnu/stubs-64.h", O_RDONLY|O_NOCTTY) = -1 ENOENT (No such file or directory)
24075 1649613672.248640 open("/usr/local/include/gnu/stubs-64.h", O_RDONLY|O_NOCTTY) = -1 ENOENT (No such file or directory)
24075 1649613672.248764 open("/usr/include/gnu/stubs-64.h", O_RDONLY|O_NOCTTY) = 3</usr/include/gnu/stubs-64.h>
24075 1649613672.248831 read(3</usr/include/gnu/stubs-64.h>, "/* This file is automatically ge"..., 604) = 604
24075 1649613672.248873 close(3</usr/include/gnu/stubs-64.h>) = 0
24075 1649613672.249118 open("/usr/lib/gcc/x86_64-redhat-linux/4.8.5/include/bits/wchar.h", O_RDONLY|O_NOCTTY) = -1 ENOENT (No such file or directory)
24075 1649613672.249244 open("/usr/local/include/bits/wchar.h", O_RDONLY|O_NOCTTY) = -1 ENOENT (No such file or directory)
24075 1649613672.249370 open("/usr/include/bits/wchar.h", O_RDONLY|O_NOCTTY) = 3</usr/include/bits/wchar.h>
24075 1649613672.249438 read(3</usr/include/bits/wchar.h>, "/* wchar_t type related definiti"..., 1133) = 1133
24075 1649613672.249484 close(3</usr/include/bits/wchar.h>) = 0
24075 1649613672.249528 open("/usr/include/bits/wordsize.h", O_RDONLY|O_NOCTTY) = 3</usr/include/bits/wordsize.h>
24075 1649613672.249594 read(3</usr/include/bits/wordsize.h>, "/* Determine the wordsize from t"..., 327) = 327
24075 1649613672.249635 close(3</usr/include/bits/wordsize.h>) = 0
24075 1649613672.249687 open("/usr/include/bits/wordsize.h", O_RDONLY|O_NOCTTY) = 3</usr/include/bits/wordsize.h>
24075 1649613672.249755 read(3</usr/include/bits/wordsize.h>, "/* Determine the wordsize from t"..., 327) = 327
24075 1649613672.249797 close(3</usr/include/bits/wordsize.h>) = 0
24075 1649613672.250195 open("/usr/lib/gcc/x86_64-redhat-linux/4.8.5/include/stdio.h", O_RDONLY|O_NOCTTY) = -1 ENOENT (No such file or directory)
24075 1649613672.250334 open("/usr/local/include/stdio.h", O_RDONLY|O_NOCTTY) = -1 ENOENT (No such file or directory)
24075 1649613672.250437 open("/usr/include/stdio.h", O_RDONLY|O_NOCTTY) = 3</usr/include/stdio.h>
24075 1649613672.250505 read(3</usr/include/stdio.h>, "/* Define ISO C stdio on top of "..., 31641) = 31641
24075 1649613672.250552 close(3</usr/include/stdio.h>) = 0
24075 1649613672.250793 open("/usr/lib/gcc/x86_64-redhat-linux/4.8.5/include/stddef.h", O_RDONLY|O_NOCTTY) = 3</usr/lib/gcc/x86_64-redhat-linux/4.8.2/include/stddef.h>
24075 1649613672.250862 read(3</usr/lib/gcc/x86_64-redhat-linux/4.8.2/include/stddef.h>, "/* Copyright (C) 1989-2013 Free "..., 13619) = 13619
24075 1649613672.250907 close(3</usr/lib/gcc/x86_64-redhat-linux/4.8.2/include/stddef.h>) = 0
24075 1649613672.251294 open("/usr/lib/gcc/x86_64-redhat-linux/4.8.5/include/bits/types.h", O_RDONLY|O_NOCTTY) = -1 ENOENT (No such file or directory)
24075 1649613672.251423 open("/usr/local/include/bits/types.h", O_RDONLY|O_NOCTTY) = -1 ENOENT (No such file or directory)
24075 1649613672.251547 open("/usr/include/bits/types.h", O_RDONLY|O_NOCTTY) = 3</usr/include/bits/types.h>
24075 1649613672.251616 read(3</usr/include/bits/types.h>, "/* bits/types.h -- definitions o"..., 7729) = 7729
24075 1649613672.251660 close(3</usr/include/bits/types.h>) = 0
24075 1649613672.251705 open("/usr/include/bits/wordsize.h", O_RDONLY|O_NOCTTY) = 3</usr/include/bits/wordsize.h>
24075 1649613672.251769 read(3</usr/include/bits/wordsize.h>, "/* Determine the wordsize from t"..., 327) = 327
24075 1649613672.251810 close(3</usr/include/bits/wordsize.h>) = 0
24075 1649613672.252097 open("/usr/lib/gcc/x86_64-redhat-linux/4.8.5/include/bits/typesizes.h", O_RDONLY|O_NOCTTY) = -1 ENOENT (No such file or directory)
24075 1649613672.252224 open("/usr/local/include/bits/typesizes.h", O_RDONLY|O_NOCTTY) = -1 ENOENT (No such file or directory)
24075 1649613672.252348 open("/usr/include/bits/typesizes.h", O_RDONLY|O_NOCTTY) = 3</usr/include/bits/typesizes.h>
24075 1649613672.252416 read(3</usr/include/bits/typesizes.h>, "/* bits/typesizes.h -- underlyin"..., 3225) = 3225
24075 1649613672.252458 close(3</usr/include/bits/typesizes.h>) = 0
24075 1649613672.252879 open("/usr/lib/gcc/x86_64-redhat-linux/4.8.5/include/libio.h", O_RDONLY|O_NOCTTY) = -1 ENOENT (No such file or directory)
24075 1649613672.253020 open("/usr/local/include/libio.h", O_RDONLY|O_NOCTTY) = -1 ENOENT (No such file or directory)
24075 1649613672.253126 open("/usr/include/libio.h", O_RDONLY|O_NOCTTY) = 3</usr/include/libio.h>
24075 1649613672.253197 read(3</usr/include/libio.h>, "/* Copyright (C) 1991-1995,1997-"..., 17276) = 17276
24075 1649613672.253247 close(3</usr/include/libio.h>) = 0
24075 1649613672.253494 open("/usr/lib/gcc/x86_64-redhat-linux/4.8.5/include/_G_config.h", O_RDONLY|O_NOCTTY) = -1 ENOENT (No such file or directory)
24075 1649613672.253619 open("/usr/local/include/_G_config.h", O_RDONLY|O_NOCTTY) = -1 ENOENT (No such file or directory)
24075 1649613672.253723 open("/usr/include/_G_config.h", O_RDONLY|O_NOCTTY) = 3</usr/include/_G_config.h>
24075 1649613672.253790 read(3</usr/include/_G_config.h>, "/* This file is needed by libio "..., 1287) = 1287
24075 1649613672.253832 close(3</usr/include/_G_config.h>) = 0
24075 1649613672.253880 open("/usr/lib/gcc/x86_64-redhat-linux/4.8.5/include/stddef.h", O_RDONLY|O_NOCTTY) = 3</usr/lib/gcc/x86_64-redhat-linux/4.8.2/include/stddef.h>
24075 1649613672.253959 read(3</usr/lib/gcc/x86_64-redhat-linux/4.8.2/include/stddef.h>, "/* Copyright (C) 1989-2013 Free "..., 13619) = 13619
24075 1649613672.254004 close(3</usr/lib/gcc/x86_64-redhat-linux/4.8.2/include/stddef.h>) = 0
24075 1649613672.254357 open("/usr/lib/gcc/x86_64-redhat-linux/4.8.5/include/wchar.h", O_RDONLY|O_NOCTTY) = -1 ENOENT (No such file or directory)
24075 1649613672.254504 open("/usr/local/include/wchar.h", O_RDONLY|O_NOCTTY) = -1 ENOENT (No such file or directory)
24075 1649613672.254607 open("/usr/include/wchar.h", O_RDONLY|O_NOCTTY) = 3</usr/include/wchar.h>
24075 1649613672.254675 read(3</usr/include/wchar.h>, "/* Copyright (C) 1995-2008, 2009"..., 32119) = 32119
24075 1649613672.254729 close(3</usr/include/wchar.h>) = 0
24075 1649613672.255216 open("/usr/lib/gcc/x86_64-redhat-linux/4.8.5/include/stdarg.h", O_RDONLY|O_NOCTTY) = 3</usr/lib/gcc/x86_64-redhat-linux/4.8.2/include/stdarg.h>
24075 1649613672.255287 read(3</usr/lib/gcc/x86_64-redhat-linux/4.8.2/include/stdarg.h>, "/* Copyright (C) 1989-2013 Free "..., 4075) = 4075
24075 1649613672.255330 close(3</usr/lib/gcc/x86_64-redhat-linux/4.8.2/include/stdarg.h>) = 0
24075 1649613672.255992 open("/usr/lib/gcc/x86_64-redhat-linux/4.8.5/include/bits/stdio_lim.h", O_RDONLY|O_NOCTTY) = -1 ENOENT (No such file or directory)
24075 1649613672.256122 open("/usr/local/include/bits/stdio_lim.h", O_RDONLY|O_NOCTTY) = -1 ENOENT (No such file or directory)
24075 1649613672.256249 open("/usr/include/bits/stdio_lim.h", O_RDONLY|O_NOCTTY) = 3</usr/include/bits/stdio_lim.h>
24075 1649613672.256324 read(3</usr/include/bits/stdio_lim.h>, "/* Copyright (C) 1994, 1997, 199"..., 1373) = 1373
24075 1649613672.256366 close(3</usr/include/bits/stdio_lim.h>) = 0
24075 1649613672.257056 open("/usr/lib/gcc/x86_64-redhat-linux/4.8.5/include/bits/sys_errlist.h", O_RDONLY|O_NOCTTY) = -1 ENOENT (No such file or directory)
24075 1649613672.257187 open("/usr/local/include/bits/sys_errlist.h", O_RDONLY|O_NOCTTY) = -1 ENOENT (No such file or directory)
24075 1649613672.257311 open("/usr/include/bits/sys_errlist.h", O_RDONLY|O_NOCTTY) = 3</usr/include/bits/sys_errlist.h>
24075 1649613672.257379 read(3</usr/include/bits/sys_errlist.h>, "/* Declare sys_errlist and sys_n"..., 1215) = 1215
24075 1649613672.257421 close(3</usr/include/bits/sys_errlist.h>) = 0
24075 1649613672.257715 open("/usr/lib/gcc/x86_64-redhat-linux/4.8.5/include/stdlib.h", O_RDONLY|O_NOCTTY) = -1 ENOENT (No such file or directory)
24075 1649613672.257843 open("/usr/local/include/stdlib.h", O_RDONLY|O_NOCTTY) = -1 ENOENT (No such file or directory)
24075 1649613672.257948 open("/usr/include/stdlib.h", O_RDONLY|O_NOCTTY) = 3</usr/include/stdlib.h>
24075 1649613672.258019 read(3</usr/include/stdlib.h>, "/* Copyright (C) 1991-2007, 2009"..., 34030) = 34030
24075 1649613672.258065 close(3</usr/include/stdlib.h>) = 0
24075 1649613672.258112 open("/usr/lib/gcc/x86_64-redhat-linux/4.8.5/include/stddef.h", O_RDONLY|O_NOCTTY) = 3</usr/lib/gcc/x86_64-redhat-linux/4.8.2/include/stddef.h>
24075 1649613672.258182 read(3</usr/lib/gcc/x86_64-redhat-linux/4.8.2/include/stddef.h>, "/* Copyright (C) 1989-2013 Free "..., 13619) = 13619
24075 1649613672.258226 close(3</usr/lib/gcc/x86_64-redhat-linux/4.8.2/include/stddef.h>) = 0
24075 1649613672.258593 mmap(NULL, 65536, PROT_READ|PROT_WRITE, MAP_PRIVATE|MAP_ANONYMOUS, -1, 0) = 0x7fafc5114000
24075 1649613672.259178 open("/usr/lib/gcc/x86_64-redhat-linux/4.8.5/include/bits/stdlib-float.h", O_RDONLY|O_NOCTTY) = -1 ENOENT (No such file or directory)
24075 1649613672.259312 open("/usr/local/include/bits/stdlib-float.h", O_RDONLY|O_NOCTTY) = -1 ENOENT (No such file or directory)
24075 1649613672.259433 open("/usr/include/bits/stdlib-float.h", O_RDONLY|O_NOCTTY) = 3</usr/include/bits/stdlib-float.h>
24075 1649613672.259498 read(3</usr/include/bits/stdlib-float.h>, "/* Floating-point inline functio"..., 1151) = 1151
24075 1649613672.259541 close(3</usr/include/bits/stdlib-float.h>) = 0
24075 1649613672.259783 open("/usr/lib/gcc/x86_64-redhat-linux/4.8.5/include/sys/types.h", O_RDONLY|O_NOCTTY) = -1 ENOENT (No such file or directory)
24075 1649613672.259907 open("/usr/local/include/sys/types.h", O_RDONLY|O_NOCTTY) = -1 ENOENT (No such file or directory)
24075 1649613672.260041 open("/usr/include/sys/types.h", O_RDONLY|O_NOCTTY) = 3</usr/include/sys/types.h>
24075 1649613672.260107 read(3</usr/include/sys/types.h>, "/* Copyright (C) 1991,1992,1994-"..., 6771) = 6771
24075 1649613672.260159 close(3</usr/include/sys/types.h>) = 0
24075 1649613672.260453 open("/usr/lib/gcc/x86_64-redhat-linux/4.8.5/include/time.h", O_RDONLY|O_NOCTTY) = -1 ENOENT (No such file or directory)
24075 1649613672.260578 open("/usr/local/include/time.h", O_RDONLY|O_NOCTTY) = -1 ENOENT (No such file or directory)
24075 1649613672.260680 open("/usr/include/time.h", O_RDONLY|O_NOCTTY) = 3</usr/include/time.h>
24075 1649613672.260743 read(3</usr/include/time.h>, "/* Copyright (C) 1991-2012 Free "..., 13724) = 13724
24075 1649613672.260785 close(3</usr/include/time.h>) = 0
24075 1649613672.260939 open("/usr/lib/gcc/x86_64-redhat-linux/4.8.5/include/stddef.h", O_RDONLY|O_NOCTTY) = 3</usr/lib/gcc/x86_64-redhat-linux/4.8.2/include/stddef.h>
24075 1649613672.261006 read(3</usr/lib/gcc/x86_64-redhat-linux/4.8.2/include/stddef.h>, "/* Copyright (C) 1989-2013 Free "..., 13619) = 13619
24075 1649613672.261048 close(3</usr/lib/gcc/x86_64-redhat-linux/4.8.2/include/stddef.h>) = 0
24075 1649613672.261450 open("/usr/lib/gcc/x86_64-redhat-linux/4.8.5/include/sys/stat.h", O_RDONLY|O_NOCTTY) = -1 ENOENT (No such file or directory)
24075 1649613672.261572 open("/usr/local/include/sys/stat.h", O_RDONLY|O_NOCTTY) = -1 ENOENT (No such file or directory)
24075 1649613672.261692 open("/usr/include/sys/stat.h", O_RDONLY|O_NOCTTY) = 3</usr/include/sys/stat.h>
24075 1649613672.261756 read(3</usr/include/sys/stat.h>, "/* Copyright (C) 1991, 1992, 199"..., 16621) = 16621
24075 1649613672.261799 close(3</usr/include/sys/stat.h>) = 0
24075 1649613672.262066 open("/usr/lib/gcc/x86_64-redhat-linux/4.8.5/include/bits/stat.h", O_RDONLY|O_NOCTTY) = -1 ENOENT (No such file or directory)
24075 1649613672.262191 open("/usr/local/include/bits/stat.h", O_RDONLY|O_NOCTTY) = -1 ENOENT (No such file or directory)
24075 1649613672.262322 open("/usr/include/bits/stat.h", O_RDONLY|O_NOCTTY) = 3</usr/include/bits/stat.h>
24075 1649613672.262388 read(3</usr/include/bits/stat.h>, "/* Copyright (C) 1999-2012 Free "..., 7641) = 7641
24075 1649613672.262429 close(3</usr/include/bits/stat.h>) = 0
24075 1649613672.262991 open("/usr/lib/gcc/x86_64-redhat-linux/4.8.5/include/unistd.h", O_RDONLY|O_NOCTTY) = -1 ENOENT (No such file or directory)
24075 1649613672.263115 open("/usr/local/include/unistd.h", O_RDONLY|O_NOCTTY) = -1 ENOENT (No such file or directory)
24075 1649613672.263215 open("/usr/include/unistd.h", O_RDONLY|O_NOCTTY) = 3</usr/include/unistd.h>
24075 1649613672.263279 read(3</usr/include/unistd.h>, "/* Copyright (C) 1991-2009, 2010"..., 42780) = 42780
24075 1649613672.263325 close(3</usr/include/unistd.h>) = 0
24075 1649613672.263593 open("/usr/lib/gcc/x86_64-redhat-linux/4.8.5/include/bits/posix_opt.h", O_RDONLY|O_NOCTTY) = -1 ENOENT (No such file or directory)
24075 1649613672.263717 open("/usr/local/include/bits/posix_opt.h", O_RDONLY|O_NOCTTY) = -1 ENOENT (No such file or directory)
24075 1649613672.263837 open("/usr/include/bits/posix_opt.h", O_RDONLY|O_NOCTTY) = 3</usr/include/bits/posix_opt.h>
24075 1649613672.263901 read(3</usr/include/bits/posix_opt.h>, "/* Define POSIX options for Linu"..., 5784) = 5784
24075 1649613672.263945 close(3</usr/include/bits/posix_opt.h>) = 0
24075 1649613672.264030 open("/usr/lib/gcc/x86_64-redhat-linux/4.8.5/include/stddef.h", O_RDONLY|O_NOCTTY) = 3</usr/lib/gcc/x86_64-redhat-linux/4.8.2/include/stddef.h>
24075 1649613672.264097 read(3</usr/lib/gcc/x86_64-redhat-linux/4.8.2/include/stddef.h>, "/* Copyright (C) 1989-2013 Free "..., 13619) = 13619
24075 1649613672.264141 close(3</usr/lib/gcc/x86_64-redhat-linux/4.8.2/include/stddef.h>) = 0
24075 1649613672.264724 open("/usr/lib/gcc/x86_64-redhat-linux/4.8.5/include/bits/confname.h", O_RDONLY|O_NOCTTY) = -1 ENOENT (No such file or directory)
24075 1649613672.264850 open("/usr/local/include/bits/confname.h", O_RDONLY|O_NOCTTY) = -1 ENOENT (No such file or directory)
24075 1649613672.264989 open("/usr/include/bits/confname.h", O_RDONLY|O_NOCTTY) = 3</usr/include/bits/confname.h>
24075 1649613672.265055 read(3</usr/include/bits/confname.h>, "/* `sysconf', `pathconf', and `c"..., 23751) = 23751
24075 1649613672.265099 close(3</usr/include/bits/confname.h>) = 0
24075 1649613672.265947 open("/usr/lib/gcc/x86_64-redhat-linux/4.8.5/include/dirent.h", O_RDONLY|O_NOCTTY) = -1 ENOENT (No such file or directory)
24075 1649613672.266073 open("/usr/local/include/dirent.h", O_RDONLY|O_NOCTTY) = -1 ENOENT (No such file or directory)
24075 1649613672.266173 open("/usr/include/dirent.h", O_RDONLY|O_NOCTTY) = 3</usr/include/dirent.h>
24075 1649613672.266238 read(3</usr/include/dirent.h>, "/* Copyright (C) 1991-2000,2003-"..., 12635) = 12635
24075 1649613672.266281 close(3</usr/include/dirent.h>) = 0
24075 1649613672.266520 open("/usr/lib/gcc/x86_64-redhat-linux/4.8.5/include/bits/dirent.h", O_RDONLY|O_NOCTTY) = -1 ENOENT (No such file or directory)
24075 1649613672.266643 open("/usr/local/include/bits/dirent.h", O_RDONLY|O_NOCTTY) = -1 ENOENT (No such file or directory)
24075 1649613672.266763 open("/usr/include/bits/dirent.h", O_RDONLY|O_NOCTTY) = 3</usr/include/bits/dirent.h>
24075 1649613672.266826 read(3</usr/include/bits/dirent.h>, "/* Copyright (C) 1996-2012 Free "..., 1728) = 1728
24075 1649613672.266865 close(3</usr/include/bits/dirent.h>) = 0
