4009  1649967114.679284 execve("/usr/bin/libreoffice", ["l"...], ["S"..., "C"..., "S"..., "S"..., "S"..., "P"..., "L"..., "X"..., "H"..., "L"..., "L"..., "L"..., "T"..., "L"..., "U"..., "D"..., "S"..., "P"..., "S"..., "M"..., "_"...]) = 0
4009  1649967114.685236 openat(AT_FDCWD, "/etc/ld.so.cache", O_RDONLY|O_CLOEXEC) = 3</etc/ld.so.cache>
4009  1649967114.685337 mmap(NULL, 74378, PROT_READ, MAP_PRIVATE, 3</etc/ld.so.cache>, 0) = 0x7f21822c3000
4009  1649967114.685381 close(3</etc/ld.so.cache>) = 0
4009  1649967114.685427 openat(AT_FDCWD, "/lib/x86_64-linux-gnu/libc.so.6", O_RDONLY|O_CLOEXEC) = 3</usr/lib/x86_64-linux-gnu/libc-2.31.so>
4009  1649967114.685473 read(3</usr/lib/x86_64-linux-gnu/libc-2.31.so>, "\177"..., 832) = 832
4009  1649967114.685616 mmap(NULL, 8192, PROT_READ|PROT_WRITE, MAP_PRIVATE|MAP_ANONYMOUS, -1, 0) = 0x7f21822c1000
4009  1649967114.685717 mmap(NULL, 2037344, PROT_READ, MAP_PRIVATE|MAP_DENYWRITE, 3</usr/lib/x86_64-linux-gnu/libc-2.31.so>, 0) = 0x7f21820cf000
4009  1649967114.685759 mmap(0x7f21820f1000, 1540096, PROT_READ|PROT_EXEC, MAP_PRIVATE|MAP_FIXED|MAP_DENYWRITE, 3</usr/lib/x86_64-linux-gnu/libc-2.31.so>, 0x22000) = 0x7f21820f1000
4009  1649967114.685808 mmap(0x7f2182269000, 319488, PROT_READ, MAP_PRIVATE|MAP_FIXED|MAP_DENYWRITE, 3</usr/lib/x86_64-linux-gnu/libc-2.31.so>, 0x19a000) = 0x7f2182269000
4009  1649967114.685852 mmap(0x7f21822b7000, 24576, PROT_READ|PROT_WRITE, MAP_PRIVATE|MAP_FIXED|MAP_DENYWRITE, 3</usr/lib/x86_64-linux-gnu/libc-2.31.so>, 0x1e7000) = 0x7f21822b7000
4009  1649967114.686294 mmap(0x7f21822bd000, 13920, PROT_READ|PROT_WRITE, MAP_PRIVATE|MAP_FIXED|MAP_ANONYMOUS, -1, 0) = 0x7f21822bd000
4009  1649967114.686440 close(3</usr/lib/x86_64-linux-gnu/libc-2.31.so>) = 0
4009  1649967114.687165 openat(AT_FDCWD, "/usr/bin/libreoffice", O_RDONLY) = 3</usr/lib/libreoffice/program/soffice>
4009  1649967114.687263 close(3</usr/lib/libreoffice/program/soffice>) = 0
4009  1649967114.687476 read(10</usr/lib/libreoffice/program/soffice>, "#"..., 8192) = 6738
4009  1649967114.687612 clone(child_stack=NULL, flags=CLONE_CHILD_CLEARTID|CLONE_CHILD_SETTID|SIGCHLD, child_tidptr=0x7f21822c2850) = 4010
4009  1649967114.687792 close(4<pipe:[70631]> <unfinished ...>
4010  1649967114.687818 close(10</usr/lib/libreoffice/program/soffice> <unfinished ...>
4009  1649967114.687841 <... close resumed>) = 0
4010  1649967114.687853 <... close resumed>) = 0
4009  1649967114.687866 read(3<pipe:[70631]>,  <unfinished ...>
4010  1649967114.687883 close(3<pipe:[70631]>) = 0
4010  1649967114.687948 close(4<pipe:[70631]>) = 0
4010  1649967114.688028 write(1<pipe:[70631]>, "/"..., 10 <unfinished ...>
4009  1649967114.688062 <... read resumed>"/"..., 128) = 10
4010  1649967114.688076 <... write resumed>) = 10
4009  1649967114.688091 read(3<pipe:[70631]>, "", 128) = 0
4010  1649967114.688191 +++ exited with 0 +++
4009  1649967114.688202 --- SIGCHLD {si_signo=SIGCHLD, si_code=CLD_EXITED, si_pid=4010, si_uid=0, si_status=0, si_utime=0, si_stime=0} ---
4009  1649967114.688247 close(3<pipe:[70631]>) = 0
4009  1649967114.688415 clone(child_stack=NULL, flags=CLONE_CHILD_CLEARTID|CLONE_CHILD_SETTID|SIGCHLD, child_tidptr=0x7f21822c2850) = 4011
4009  1649967114.688526 close(4<pipe:[70632]> <unfinished ...>
4011  1649967114.688546 close(10</usr/lib/libreoffice/program/soffice> <unfinished ...>
4009  1649967114.688574 <... close resumed>) = 0
4011  1649967114.688585 <... close resumed>) = 0
4009  1649967114.688598 read(3<pipe:[70632]>,  <unfinished ...>
4011  1649967114.688615 close(3<pipe:[70632]>) = 0
4011  1649967114.688677 close(4<pipe:[70632]>) = 0
4011  1649967114.688829 execve("/usr/bin/dirname", ["d"..., "/"...], ["S"..., "L"..., "M"..., "U"..., "S"..., "H"..., "C"..., "S"..., "L"..., "_"..., "T"..., "P"..., "D"..., "L"..., "X"..., "L"..., "S"..., "S"..., "S"..., "S"..., "L"..., "P"..., "L"...]) = 0
4011  1649967114.689132 openat(AT_FDCWD, "/etc/ld.so.cache", O_RDONLY|O_CLOEXEC) = 3</etc/ld.so.cache>
4011  1649967114.689202 mmap(NULL, 74378, PROT_READ, MAP_PRIVATE, 3</etc/ld.so.cache>, 0) = 0x7f1a91982000
4011  1649967114.689244 close(3</etc/ld.so.cache>) = 0
4011  1649967114.689301 openat(AT_FDCWD, "/lib/x86_64-linux-gnu/libc.so.6", O_RDONLY|O_CLOEXEC) = 3</usr/lib/x86_64-linux-gnu/libc-2.31.so>
4011  1649967114.689348 read(3</usr/lib/x86_64-linux-gnu/libc-2.31.so>, "\177"..., 832) = 832
4011  1649967114.689470 mmap(NULL, 8192, PROT_READ|PROT_WRITE, MAP_PRIVATE|MAP_ANONYMOUS, -1, 0) = 0x7f1a91980000
4011  1649967114.689571 mmap(NULL, 2037344, PROT_READ, MAP_PRIVATE|MAP_DENYWRITE, 3</usr/lib/x86_64-linux-gnu/libc-2.31.so>, 0) = 0x7f1a9178e000
4011  1649967114.689612 mmap(0x7f1a917b0000, 1540096, PROT_READ|PROT_EXEC, MAP_PRIVATE|MAP_FIXED|MAP_DENYWRITE, 3</usr/lib/x86_64-linux-gnu/libc-2.31.so>, 0x22000) = 0x7f1a917b0000
4011  1649967114.689660 mmap(0x7f1a91928000, 319488, PROT_READ, MAP_PRIVATE|MAP_FIXED|MAP_DENYWRITE, 3</usr/lib/x86_64-linux-gnu/libc-2.31.so>, 0x19a000) = 0x7f1a91928000
4011  1649967114.689703 mmap(0x7f1a91976000, 24576, PROT_READ|PROT_WRITE, MAP_PRIVATE|MAP_FIXED|MAP_DENYWRITE, 3</usr/lib/x86_64-linux-gnu/libc-2.31.so>, 0x1e7000) = 0x7f1a91976000
4011  1649967114.689750 mmap(0x7f1a9197c000, 13920, PROT_READ|PROT_WRITE, MAP_PRIVATE|MAP_FIXED|MAP_ANONYMOUS, -1, 0) = 0x7f1a9197c000
4011  1649967114.689792 close(3</usr/lib/x86_64-linux-gnu/libc-2.31.so>) = 0
4011  1649967114.690218 write(1<pipe:[70632]>, "/"..., 9 <unfinished ...>
4009  1649967114.690259 <... read resumed>"/"..., 128) = 9
4011  1649967114.690274 <... write resumed>) = 9
4009  1649967114.690292 read(3<pipe:[70632]>,  <unfinished ...>
4011  1649967114.690309 close(1<pipe:[70632]> <unfinished ...>
4009  1649967114.690337 <... read resumed>"", 128) = 0
4011  1649967114.690347 <... close resumed>) = 0
4009  1649967114.690360 close(3<pipe:[70632]> <unfinished ...>
4011  1649967114.690376 close(2</dev/pts/0> <unfinished ...>
4009  1649967114.690397 <... close resumed>) = 0
4011  1649967114.690408 <... close resumed>) = 0
4011  1649967114.690506 +++ exited with 0 +++
4009  1649967114.690536 --- SIGCHLD {si_signo=SIGCHLD, si_code=CLD_EXITED, si_pid=4011, si_uid=0, si_status=0, si_utime=0, si_stime=0} ---
4009  1649967114.690677 clone(child_stack=NULL, flags=CLONE_CHILD_CLEARTID|CLONE_CHILD_SETTID|SIGCHLD, child_tidptr=0x7f21822c2850) = 4012
4009  1649967114.690787 close(4<pipe:[70633]> <unfinished ...>
4012  1649967114.690807 close(10</usr/lib/libreoffice/program/soffice> <unfinished ...>
4009  1649967114.690830 <... close resumed>) = 0
4012  1649967114.690840 <... close resumed>) = 0
4009  1649967114.690854 read(3<pipe:[70633]>,  <unfinished ...>
4012  1649967114.690871 close(3<pipe:[70633]>) = 0
4012  1649967114.690933 close(4<pipe:[70633]>) = 0
4012  1649967114.691086 execve("/usr/bin/basename", ["b"..., "/"...], ["S"..., "L"..., "M"..., "U"..., "S"..., "H"..., "O"..., "C"..., "S"..., "L"..., "_"..., "T"..., "P"..., "D"..., "L"..., "X"..., "L"..., "S"..., "S"..., "S"..., "S"..., "L"..., "P"..., "L"...]) = 0
4012  1649967114.691387 openat(AT_FDCWD, "/etc/ld.so.cache", O_RDONLY|O_CLOEXEC) = 3</etc/ld.so.cache>
4012  1649967114.691455 mmap(NULL, 74378, PROT_READ, MAP_PRIVATE, 3</etc/ld.so.cache>, 0) = 0x7fad634d8000
4012  1649967114.691496 close(3</etc/ld.so.cache>) = 0
4012  1649967114.691540 openat(AT_FDCWD, "/lib/x86_64-linux-gnu/libc.so.6", O_RDONLY|O_CLOEXEC) = 3</usr/lib/x86_64-linux-gnu/libc-2.31.so>
4012  1649967114.691585 read(3</usr/lib/x86_64-linux-gnu/libc-2.31.so>, "\177"..., 832) = 832
4012  1649967114.691708 mmap(NULL, 8192, PROT_READ|PROT_WRITE, MAP_PRIVATE|MAP_ANONYMOUS, -1, 0) = 0x7fad634d6000
4012  1649967114.691808 mmap(NULL, 2037344, PROT_READ, MAP_PRIVATE|MAP_DENYWRITE, 3</usr/lib/x86_64-linux-gnu/libc-2.31.so>, 0) = 0x7fad632e4000
4012  1649967114.691848 mmap(0x7fad63306000, 1540096, PROT_READ|PROT_EXEC, MAP_PRIVATE|MAP_FIXED|MAP_DENYWRITE, 3</usr/lib/x86_64-linux-gnu/libc-2.31.so>, 0x22000) = 0x7fad63306000
4012  1649967114.691893 mmap(0x7fad6347e000, 319488, PROT_READ, MAP_PRIVATE|MAP_FIXED|MAP_DENYWRITE, 3</usr/lib/x86_64-linux-gnu/libc-2.31.so>, 0x19a000) = 0x7fad6347e000
4012  1649967114.691935 mmap(0x7fad634cc000, 24576, PROT_READ|PROT_WRITE, MAP_PRIVATE|MAP_FIXED|MAP_DENYWRITE, 3</usr/lib/x86_64-linux-gnu/libc-2.31.so>, 0x1e7000) = 0x7fad634cc000
4012  1649967114.691988 mmap(0x7fad634d2000, 13920, PROT_READ|PROT_WRITE, MAP_PRIVATE|MAP_FIXED|MAP_ANONYMOUS, -1, 0) = 0x7fad634d2000
4012  1649967114.692034 close(3</usr/lib/x86_64-linux-gnu/libc-2.31.so>) = 0
4012  1649967114.692454 write(1<pipe:[70633]>, "l"..., 12 <unfinished ...>
4009  1649967114.692495 <... read resumed>"l"..., 128) = 12
4012  1649967114.692511 <... write resumed>) = 12
4009  1649967114.692526 read(3<pipe:[70633]>,  <unfinished ...>
4012  1649967114.692546 close(1<pipe:[70633]> <unfinished ...>
4009  1649967114.692577 <... read resumed>"", 128) = 0
4012  1649967114.692589 <... close resumed>) = 0
4009  1649967114.692604 close(3<pipe:[70633]> <unfinished ...>
4012  1649967114.692623 close(2</dev/pts/0> <unfinished ...>
4009  1649967114.692647 <... close resumed>) = 0
4012  1649967114.692659 <... close resumed>) = 0
4012  1649967114.692770 +++ exited with 0 +++
4009  1649967114.692804 --- SIGCHLD {si_signo=SIGCHLD, si_code=CLD_EXITED, si_pid=4012, si_uid=0, si_status=0, si_utime=0, si_stime=0} ---
4009  1649967114.692927 clone(child_stack=NULL, flags=CLONE_CHILD_CLEARTID|CLONE_CHILD_SETTID|SIGCHLD, child_tidptr=0x7f21822c2850) = 4013
4009  1649967114.693057 close(4<pipe:[70634]> <unfinished ...>
4013  1649967114.693080 close(10</usr/lib/libreoffice/program/soffice> <unfinished ...>
4009  1649967114.693107 <... close resumed>) = 0
4013  1649967114.693119 <... close resumed>) = 0
4009  1649967114.693134 read(3<pipe:[70634]>,  <unfinished ...>
4013  1649967114.693154 close(3<pipe:[70634]>) = 0
4013  1649967114.693227 close(4<pipe:[70634]>) = 0
4013  1649967114.693429 clone(child_stack=NULL, flags=CLONE_CHILD_CLEARTID|CLONE_CHILD_SETTID|SIGCHLD, child_tidptr=0x7f21822c2850) = 4014
4013  1649967114.693570 close(4<pipe:[73261]> <unfinished ...>
4014  1649967114.693598 close(3<pipe:[73261]> <unfinished ...>
4013  1649967114.693623 <... close resumed>) = 0
4014  1649967114.693637 <... close resumed>) = 0
4014  1649967114.693683 close(4<pipe:[73261]>) = 0
4014  1649967114.693775 execve("/usr/bin/ls", ["l"..., "-"..., "l"...], ["S"..., "L"..., "M"..., "U"..., "S"..., "H"..., "O"..., "C"..., "S"..., "L"..., "_"..., "T"..., "P"..., "D"..., "L"..., "X"..., "L"..., "S"..., "S"..., "S"..., "S"..., "L"..., "P"..., "L"...] <unfinished ...>
4013  1649967114.693843 clone(child_stack=NULL, flags=CLONE_CHILD_CLEARTID|CLONE_CHILD_SETTID|SIGCHLD, child_tidptr=0x7f21822c2850) = 4015
4013  1649967114.694310 close(3<pipe:[73261]> <unfinished ...>
4015  1649967114.694351 close(3<pipe:[73261]> <unfinished ...>
4013  1649967114.694376 <... close resumed>) = 0
4015  1649967114.694393 <... close resumed>) = 0
4013  1649967114.694410 close(-1 <unfinished ...>
4014  1649967114.694428 <... execve resumed>) = 0
4013  1649967114.694445 <... close resumed>) = -1 EBADF (Bad file descriptor)
4015  1649967114.694593 execve("/usr/bin/sed", ["s"..., "s"...], ["S"..., "L"..., "M"..., "U"..., "S"..., "H"..., "O"..., "C"..., "S"..., "L"..., "_"..., "T"..., "P"..., "D"..., "L"..., "X"..., "L"..., "S"..., "S"..., "S"..., "S"..., "L"..., "P"..., "L"...] <unfinished ...>
4014  1649967114.694776 openat(AT_FDCWD, "/etc/ld.so.cache", O_RDONLY|O_CLOEXEC) = 3</etc/ld.so.cache>
4015  1649967114.694848 <... execve resumed>) = 0
4014  1649967114.694874 mmap(NULL, 74378, PROT_READ, MAP_PRIVATE, 3</etc/ld.so.cache>, 0) = 0x7f62b9753000
4014  1649967114.694927 close(3</etc/ld.so.cache>) = 0
4014  1649967114.694984 openat(AT_FDCWD, "/lib/x86_64-linux-gnu/libselinux.so.1", O_RDONLY|O_CLOEXEC <unfinished ...>
4015  1649967114.695016 openat(AT_FDCWD, "/etc/ld.so.cache", O_RDONLY|O_CLOEXEC <unfinished ...>
4014  1649967114.695030 <... openat resumed>) = 3</usr/lib/x86_64-linux-gnu/libselinux.so.1>
4015  1649967114.695048 <... openat resumed>) = 3</etc/ld.so.cache>
4014  1649967114.695065 read(3</usr/lib/x86_64-linux-gnu/libselinux.so.1>, "\177"..., 832) = 832
4015  1649967114.695113 mmap(NULL, 74378, PROT_READ, MAP_PRIVATE, 3</etc/ld.so.cache>, 0) = 0x7f1a6cdbe000
4014  1649967114.695164 mmap(NULL, 8192, PROT_READ|PROT_WRITE, MAP_PRIVATE|MAP_ANONYMOUS, -1, 0 <unfinished ...>
4015  1649967114.695179 close(3</etc/ld.so.cache> <unfinished ...>
4014  1649967114.695197 <... mmap resumed>) = 0x7f62b9751000
4015  1649967114.695210 <... close resumed>) = 0
4014  1649967114.695222 mmap(NULL, 174600, PROT_READ, MAP_PRIVATE|MAP_DENYWRITE, 3</usr/lib/x86_64-linux-gnu/libselinux.so.1>, 0 <unfinished ...>
4015  1649967114.695241 openat(AT_FDCWD, "/lib/x86_64-linux-gnu/libacl.so.1", O_RDONLY|O_CLOEXEC <unfinished ...>
4014  1649967114.695258 <... mmap resumed>) = 0x7f62b9726000
4015  1649967114.695270 <... openat resumed>) = 3</usr/lib/x86_64-linux-gnu/libacl.so.1.1.2253>
4015  1649967114.695295 read(3</usr/lib/x86_64-linux-gnu/libacl.so.1.1.2253>, "\177"..., 832) = 832
4014  1649967114.695332 mmap(0x7f62b972c000, 102400, PROT_READ|PROT_EXEC, MAP_PRIVATE|MAP_FIXED|MAP_DENYWRITE, 3</usr/lib/x86_64-linux-gnu/libselinux.so.1>, 0x6000) = 0x7f62b972c000
4015  1649967114.695384 mmap(NULL, 8192, PROT_READ|PROT_WRITE, MAP_PRIVATE|MAP_ANONYMOUS, -1, 0 <unfinished ...>
4014  1649967114.695398 mmap(0x7f62b9745000, 28672, PROT_READ, MAP_PRIVATE|MAP_FIXED|MAP_DENYWRITE, 3</usr/lib/x86_64-linux-gnu/libselinux.so.1>, 0x1f000 <unfinished ...>
4015  1649967114.695418 <... mmap resumed>) = 0x7f1a6cdbc000
4014  1649967114.695430 <... mmap resumed>) = 0x7f62b9745000
4015  1649967114.695442 mmap(NULL, 41120, PROT_READ, MAP_PRIVATE|MAP_DENYWRITE, 3</usr/lib/x86_64-linux-gnu/libacl.so.1.1.2253>, 0 <unfinished ...>
4014  1649967114.695461 mmap(0x7f62b974d000, 8192, PROT_READ|PROT_WRITE, MAP_PRIVATE|MAP_FIXED|MAP_DENYWRITE, 3</usr/lib/x86_64-linux-gnu/libselinux.so.1>, 0x26000 <unfinished ...>
4015  1649967114.695480 <... mmap resumed>) = 0x7f1a6cdb1000
4015  1649967114.695503 mmap(0x7f1a6cdb3000, 20480, PROT_READ|PROT_EXEC, MAP_PRIVATE|MAP_FIXED|MAP_DENYWRITE, 3</usr/lib/x86_64-linux-gnu/libacl.so.1.1.2253>, 0x2000 <unfinished ...>
4014  1649967114.695521 <... mmap resumed>) = 0x7f62b974d000
4015  1649967114.695541 <... mmap resumed>) = 0x7f1a6cdb3000
4014  1649967114.695554 mmap(0x7f62b974f000, 6664, PROT_READ|PROT_WRITE, MAP_PRIVATE|MAP_FIXED|MAP_ANONYMOUS, -1, 0 <unfinished ...>
4015  1649967114.695568 mmap(0x7f1a6cdb8000, 8192, PROT_READ, MAP_PRIVATE|MAP_FIXED|MAP_DENYWRITE, 3</usr/lib/x86_64-linux-gnu/libacl.so.1.1.2253>, 0x7000 <unfinished ...>
4014  1649967114.695587 <... mmap resumed>) = 0x7f62b974f000
4015  1649967114.695600 <... mmap resumed>) = 0x7f1a6cdb8000
4015  1649967114.695621 mmap(0x7f1a6cdba000, 8192, PROT_READ|PROT_WRITE, MAP_PRIVATE|MAP_FIXED|MAP_DENYWRITE, 3</usr/lib/x86_64-linux-gnu/libacl.so.1.1.2253>, 0x8000 <unfinished ...>
4014  1649967114.695640 close(3</usr/lib/x86_64-linux-gnu/libselinux.so.1> <unfinished ...>
4015  1649967114.695657 <... mmap resumed>) = 0x7f1a6cdba000
4014  1649967114.695669 <... close resumed>) = 0
4015  1649967114.695691 close(3</usr/lib/x86_64-linux-gnu/libacl.so.1.1.2253> <unfinished ...>
4014  1649967114.695709 openat(AT_FDCWD, "/lib/x86_64-linux-gnu/libc.so.6", O_RDONLY|O_CLOEXEC <unfinished ...>
4015  1649967114.695726 <... close resumed>) = 0
4014  1649967114.695738 <... openat resumed>) = 3</usr/lib/x86_64-linux-gnu/libc-2.31.so>
4015  1649967114.695757 openat(AT_FDCWD, "/lib/x86_64-linux-gnu/libselinux.so.1", O_RDONLY|O_CLOEXEC <unfinished ...>
4014  1649967114.695773 read(3</usr/lib/x86_64-linux-gnu/libc-2.31.so>,  <unfinished ...>
4015  1649967114.695791 <... openat resumed>) = 3</usr/lib/x86_64-linux-gnu/libselinux.so.1>
4014  1649967114.695809 <... read resumed>"\177"..., 832) = 832
4015  1649967114.695825 read(3</usr/lib/x86_64-linux-gnu/libselinux.so.1>, "\177"..., 832) = 832
4015  1649967114.695900 mmap(NULL, 174600, PROT_READ, MAP_PRIVATE|MAP_DENYWRITE, 3</usr/lib/x86_64-linux-gnu/libselinux.so.1>, 0) = 0x7f1a6cd86000
4015  1649967114.695989 mmap(0x7f1a6cd8c000, 102400, PROT_READ|PROT_EXEC, MAP_PRIVATE|MAP_FIXED|MAP_DENYWRITE, 3</usr/lib/x86_64-linux-gnu/libselinux.so.1>, 0x6000) = 0x7f1a6cd8c000
4015  1649967114.696042 mmap(0x7f1a6cda5000, 28672, PROT_READ, MAP_PRIVATE|MAP_FIXED|MAP_DENYWRITE, 3</usr/lib/x86_64-linux-gnu/libselinux.so.1>, 0x1f000) = 0x7f1a6cda5000
4015  1649967114.696102 mmap(0x7f1a6cdad000, 8192, PROT_READ|PROT_WRITE, MAP_PRIVATE|MAP_FIXED|MAP_DENYWRITE, 3</usr/lib/x86_64-linux-gnu/libselinux.so.1>, 0x26000) = 0x7f1a6cdad000
4015  1649967114.696159 mmap(0x7f1a6cdaf000, 6664, PROT_READ|PROT_WRITE, MAP_PRIVATE|MAP_FIXED|MAP_ANONYMOUS, -1, 0 <unfinished ...>
4014  1649967114.696171 mmap(NULL, 2037344, PROT_READ, MAP_PRIVATE|MAP_DENYWRITE, 3</usr/lib/x86_64-linux-gnu/libc-2.31.so>, 0 <unfinished ...>
4015  1649967114.696189 <... mmap resumed>) = 0x7f1a6cdaf000
4014  1649967114.696201 <... mmap resumed>) = 0x7f62b9534000
4015  1649967114.696212 close(3</usr/lib/x86_64-linux-gnu/libselinux.so.1> <unfinished ...>
4014  1649967114.696229 mmap(0x7f62b9556000, 1540096, PROT_READ|PROT_EXEC, MAP_PRIVATE|MAP_FIXED|MAP_DENYWRITE, 3</usr/lib/x86_64-linux-gnu/libc-2.31.so>, 0x22000 <unfinished ...>
4015  1649967114.696247 <... close resumed>) = 0
4014  1649967114.696258 <... mmap resumed>) = 0x7f62b9556000
4015  1649967114.696270 openat(AT_FDCWD, "/lib/x86_64-linux-gnu/libc.so.6", O_RDONLY|O_CLOEXEC <unfinished ...>
4014  1649967114.696286 mmap(0x7f62b96ce000, 319488, PROT_READ, MAP_PRIVATE|MAP_FIXED|MAP_DENYWRITE, 3</usr/lib/x86_64-linux-gnu/libc-2.31.so>, 0x19a000 <unfinished ...>
4015  1649967114.696304 <... openat resumed>) = 3</usr/lib/x86_64-linux-gnu/libc-2.31.so>
4014  1649967114.696321 <... mmap resumed>) = 0x7f62b96ce000
4015  1649967114.696332 read(3</usr/lib/x86_64-linux-gnu/libc-2.31.so>,  <unfinished ...>
4014  1649967114.696349 mmap(0x7f62b971c000, 24576, PROT_READ|PROT_WRITE, MAP_PRIVATE|MAP_FIXED|MAP_DENYWRITE, 3</usr/lib/x86_64-linux-gnu/libc-2.31.so>, 0x1e7000 <unfinished ...>
4015  1649967114.696366 <... read resumed>"\177"..., 832) = 832
4014  1649967114.696381 <... mmap resumed>) = 0x7f62b971c000
4014  1649967114.696411 mmap(0x7f62b9722000, 13920, PROT_READ|PROT_WRITE, MAP_PRIVATE|MAP_FIXED|MAP_ANONYMOUS, -1, 0) = 0x7f62b9722000
4014  1649967114.696461 close(3</usr/lib/x86_64-linux-gnu/libc-2.31.so>) = 0
4014  1649967114.696516 openat(AT_FDCWD, "/lib/x86_64-linux-gnu/libpcre2-8.so.0", O_RDONLY|O_CLOEXEC) = 3</usr/lib/x86_64-linux-gnu/libpcre2-8.so.0.9.0>
4014  1649967114.696575 read(3</usr/lib/x86_64-linux-gnu/libpcre2-8.so.0.9.0>, "\177"..., 832) = 832
4015  1649967114.696632 mmap(NULL, 2037344, PROT_READ, MAP_PRIVATE|MAP_DENYWRITE, 3</usr/lib/x86_64-linux-gnu/libc-2.31.so>, 0 <unfinished ...>
4014  1649967114.696650 mmap(NULL, 586536, PROT_READ, MAP_PRIVATE|MAP_DENYWRITE, 3</usr/lib/x86_64-linux-gnu/libpcre2-8.so.0.9.0>, 0 <unfinished ...>
4015  1649967114.696668 <... mmap resumed>) = 0x7f1a6cb94000
4014  1649967114.696680 <... mmap resumed>) = 0x7f62b94a4000
4015  1649967114.696691 mmap(0x7f1a6cbb6000, 1540096, PROT_READ|PROT_EXEC, MAP_PRIVATE|MAP_FIXED|MAP_DENYWRITE, 3</usr/lib/x86_64-linux-gnu/libc-2.31.so>, 0x22000 <unfinished ...>
4014  1649967114.696709 mmap(0x7f62b94a6000, 409600, PROT_READ|PROT_EXEC, MAP_PRIVATE|MAP_FIXED|MAP_DENYWRITE, 3</usr/lib/x86_64-linux-gnu/libpcre2-8.so.0.9.0>, 0x2000 <unfinished ...>
4015  1649967114.696727 <... mmap resumed>) = 0x7f1a6cbb6000
4014  1649967114.696738 <... mmap resumed>) = 0x7f62b94a6000
4015  1649967114.696750 mmap(0x7f1a6cd2e000, 319488, PROT_READ, MAP_PRIVATE|MAP_FIXED|MAP_DENYWRITE, 3</usr/lib/x86_64-linux-gnu/libc-2.31.so>, 0x19a000 <unfinished ...>
4014  1649967114.696767 mmap(0x7f62b950a000, 163840, PROT_READ, MAP_PRIVATE|MAP_FIXED|MAP_DENYWRITE, 3</usr/lib/x86_64-linux-gnu/libpcre2-8.so.0.9.0>, 0x66000 <unfinished ...>
4015  1649967114.696785 <... mmap resumed>) = 0x7f1a6cd2e000
4014  1649967114.696796 <... mmap resumed>) = 0x7f62b950a000
4015  1649967114.696808 mmap(0x7f1a6cd7c000, 24576, PROT_READ|PROT_WRITE, MAP_PRIVATE|MAP_FIXED|MAP_DENYWRITE, 3</usr/lib/x86_64-linux-gnu/libc-2.31.so>, 0x1e7000 <unfinished ...>
4014  1649967114.696826 mmap(0x7f62b9532000, 8192, PROT_READ|PROT_WRITE, MAP_PRIVATE|MAP_FIXED|MAP_DENYWRITE, 3</usr/lib/x86_64-linux-gnu/libpcre2-8.so.0.9.0>, 0x8d000 <unfinished ...>
4015  1649967114.696849 <... mmap resumed>) = 0x7f1a6cd7c000
4014  1649967114.696860 <... mmap resumed>) = 0x7f62b9532000
4015  1649967114.696871 mmap(0x7f1a6cd82000, 13920, PROT_READ|PROT_WRITE, MAP_PRIVATE|MAP_FIXED|MAP_ANONYMOUS, -1, 0 <unfinished ...>
4014  1649967114.696894 close(3</usr/lib/x86_64-linux-gnu/libpcre2-8.so.0.9.0> <unfinished ...>
4015  1649967114.696910 <... mmap resumed>) = 0x7f1a6cd82000
4014  1649967114.696922 <... close resumed>) = 0
4015  1649967114.696933 close(3</usr/lib/x86_64-linux-gnu/libc-2.31.so> <unfinished ...>
4014  1649967114.696950 openat(AT_FDCWD, "/lib/x86_64-linux-gnu/libdl.so.2", O_RDONLY|O_CLOEXEC <unfinished ...>
4015  1649967114.696966 <... close resumed>) = 0
4014  1649967114.696977 <... openat resumed>) = 3</usr/lib/x86_64-linux-gnu/libdl-2.31.so>
4015  1649967114.696995 openat(AT_FDCWD, "/lib/x86_64-linux-gnu/libpcre2-8.so.0", O_RDONLY|O_CLOEXEC <unfinished ...>
4014  1649967114.697010 read(3</usr/lib/x86_64-linux-gnu/libdl-2.31.so>,  <unfinished ...>
4015  1649967114.697027 <... openat resumed>) = 3</usr/lib/x86_64-linux-gnu/libpcre2-8.so.0.9.0>
4014  1649967114.697043 <... read resumed>"\177"..., 832) = 832
4015  1649967114.697059 read(3</usr/lib/x86_64-linux-gnu/libpcre2-8.so.0.9.0>, "\177"..., 832) = 832
4014  1649967114.697119 mmap(NULL, 20752, PROT_READ, MAP_PRIVATE|MAP_DENYWRITE, 3</usr/lib/x86_64-linux-gnu/libdl-2.31.so>, 0 <unfinished ...>
4015  1649967114.697138 mmap(NULL, 586536, PROT_READ, MAP_PRIVATE|MAP_DENYWRITE, 3</usr/lib/x86_64-linux-gnu/libpcre2-8.so.0.9.0>, 0 <unfinished ...>
4014  1649967114.697156 <... mmap resumed>) = 0x7f62b949e000
4015  1649967114.697167 <... mmap resumed>) = 0x7f1a6cb04000
4014  1649967114.697178 mmap(0x7f62b949f000, 8192, PROT_READ|PROT_EXEC, MAP_PRIVATE|MAP_FIXED|MAP_DENYWRITE, 3</usr/lib/x86_64-linux-gnu/libdl-2.31.so>, 0x1000 <unfinished ...>
4015  1649967114.697197 mmap(0x7f1a6cb06000, 409600, PROT_READ|PROT_EXEC, MAP_PRIVATE|MAP_FIXED|MAP_DENYWRITE, 3</usr/lib/x86_64-linux-gnu/libpcre2-8.so.0.9.0>, 0x2000) = 0x7f1a6cb06000
4014  1649967114.697245 <... mmap resumed>) = 0x7f62b949f000
4015  1649967114.697256 mmap(0x7f1a6cb6a000, 163840, PROT_READ, MAP_PRIVATE|MAP_FIXED|MAP_DENYWRITE, 3</usr/lib/x86_64-linux-gnu/libpcre2-8.so.0.9.0>, 0x66000 <unfinished ...>
4014  1649967114.697274 mmap(0x7f62b94a1000, 4096, PROT_READ, MAP_PRIVATE|MAP_FIXED|MAP_DENYWRITE, 3</usr/lib/x86_64-linux-gnu/libdl-2.31.so>, 0x3000 <unfinished ...>
4015  1649967114.697292 <... mmap resumed>) = 0x7f1a6cb6a000
4014  1649967114.697304 <... mmap resumed>) = 0x7f62b94a1000
4015  1649967114.697315 mmap(0x7f1a6cb92000, 8192, PROT_READ|PROT_WRITE, MAP_PRIVATE|MAP_FIXED|MAP_DENYWRITE, 3</usr/lib/x86_64-linux-gnu/libpcre2-8.so.0.9.0>, 0x8d000 <unfinished ...>
4014  1649967114.697333 mmap(0x7f62b94a2000, 8192, PROT_READ|PROT_WRITE, MAP_PRIVATE|MAP_FIXED|MAP_DENYWRITE, 3</usr/lib/x86_64-linux-gnu/libdl-2.31.so>, 0x3000 <unfinished ...>
4015  1649967114.697351 <... mmap resumed>) = 0x7f1a6cb92000
4014  1649967114.697362 <... mmap resumed>) = 0x7f62b94a2000
4015  1649967114.697383 close(3</usr/lib/x86_64-linux-gnu/libpcre2-8.so.0.9.0> <unfinished ...>
4014  1649967114.697401 close(3</usr/lib/x86_64-linux-gnu/libdl-2.31.so> <unfinished ...>
4015  1649967114.697456 <... close resumed>) = 0
4014  1649967114.697467 <... close resumed>) = 0
4015  1649967114.697479 openat(AT_FDCWD, "/lib/x86_64-linux-gnu/libdl.so.2", O_RDONLY|O_CLOEXEC <unfinished ...>
4014  1649967114.697494 openat(AT_FDCWD, "/lib/x86_64-linux-gnu/libpthread.so.0", O_RDONLY|O_CLOEXEC <unfinished ...>
4015  1649967114.697509 <... openat resumed>) = 3</usr/lib/x86_64-linux-gnu/libdl-2.31.so>
4014  1649967114.697526 <... openat resumed>) = 3</usr/lib/x86_64-linux-gnu/libpthread-2.31.so>
4015  1649967114.697543 read(3</usr/lib/x86_64-linux-gnu/libdl-2.31.so>,  <unfinished ...>
4014  1649967114.697559 read(3</usr/lib/x86_64-linux-gnu/libpthread-2.31.so>,  <unfinished ...>
4015  1649967114.697576 <... read resumed>"\177"..., 832) = 832
4014  1649967114.697590 <... read resumed>"\177"..., 832) = 832
4015  1649967114.697631 mmap(NULL, 20752, PROT_READ, MAP_PRIVATE|MAP_DENYWRITE, 3</usr/lib/x86_64-linux-gnu/libdl-2.31.so>, 0) = 0x7f1a6cafe000
4015  1649967114.697672 mmap(0x7f1a6caff000, 8192, PROT_READ|PROT_EXEC, MAP_PRIVATE|MAP_FIXED|MAP_DENYWRITE, 3</usr/lib/x86_64-linux-gnu/libdl-2.31.so>, 0x1000) = 0x7f1a6caff000
4015  1649967114.697730 mmap(0x7f1a6cb01000, 4096, PROT_READ, MAP_PRIVATE|MAP_FIXED|MAP_DENYWRITE, 3</usr/lib/x86_64-linux-gnu/libdl-2.31.so>, 0x3000 <unfinished ...>
4014  1649967114.697748 mmap(NULL, 140408, PROT_READ, MAP_PRIVATE|MAP_DENYWRITE, 3</usr/lib/x86_64-linux-gnu/libpthread-2.31.so>, 0 <unfinished ...>
4015  1649967114.697765 <... mmap resumed>) = 0x7f1a6cb01000
4014  1649967114.697777 <... mmap resumed>) = 0x7f62b947b000
4015  1649967114.697788 mmap(0x7f1a6cb02000, 8192, PROT_READ|PROT_WRITE, MAP_PRIVATE|MAP_FIXED|MAP_DENYWRITE, 3</usr/lib/x86_64-linux-gnu/libdl-2.31.so>, 0x3000 <unfinished ...>
4014  1649967114.697806 mmap(0x7f62b9481000, 69632, PROT_READ|PROT_EXEC, MAP_PRIVATE|MAP_FIXED|MAP_DENYWRITE, 3</usr/lib/x86_64-linux-gnu/libpthread-2.31.so>, 0x6000 <unfinished ...>
4015  1649967114.697824 <... mmap resumed>) = 0x7f1a6cb02000
4014  1649967114.697835 <... mmap resumed>) = 0x7f62b9481000
4015  1649967114.697869 close(3</usr/lib/x86_64-linux-gnu/libdl-2.31.so> <unfinished ...>
4014  1649967114.697893 mmap(0x7f62b9492000, 24576, PROT_READ, MAP_PRIVATE|MAP_FIXED|MAP_DENYWRITE, 3</usr/lib/x86_64-linux-gnu/libpthread-2.31.so>, 0x17000 <unfinished ...>
4015  1649967114.697912 <... close resumed>) = 0
4014  1649967114.697923 <... mmap resumed>) = 0x7f62b9492000
4015  1649967114.697941 openat(AT_FDCWD, "/lib/x86_64-linux-gnu/libpthread.so.0", O_RDONLY|O_CLOEXEC <unfinished ...>
4014  1649967114.697957 mmap(0x7f62b9498000, 8192, PROT_READ|PROT_WRITE, MAP_PRIVATE|MAP_FIXED|MAP_DENYWRITE, 3</usr/lib/x86_64-linux-gnu/libpthread-2.31.so>, 0x1c000 <unfinished ...>
4015  1649967114.697976 <... openat resumed>) = 3</usr/lib/x86_64-linux-gnu/libpthread-2.31.so>
4014  1649967114.697993 <... mmap resumed>) = 0x7f62b9498000
4015  1649967114.698004 read(3</usr/lib/x86_64-linux-gnu/libpthread-2.31.so>,  <unfinished ...>
4014  1649967114.698021 mmap(0x7f62b949a000, 13432, PROT_READ|PROT_WRITE, MAP_PRIVATE|MAP_FIXED|MAP_ANONYMOUS, -1, 0 <unfinished ...>
4015  1649967114.698034 <... read resumed>"\177"..., 832) = 832
4014  1649967114.698049 <... mmap resumed>) = 0x7f62b949a000
4014  1649967114.698080 close(3</usr/lib/x86_64-linux-gnu/libpthread-2.31.so>) = 0
4014  1649967114.698138 mmap(NULL, 8192, PROT_READ|PROT_WRITE, MAP_PRIVATE|MAP_ANONYMOUS, -1, 0) = 0x7f62b9479000
4015  1649967114.698167 mmap(NULL, 140408, PROT_READ, MAP_PRIVATE|MAP_DENYWRITE, 3</usr/lib/x86_64-linux-gnu/libpthread-2.31.so>, 0) = 0x7f1a6cadb000
4015  1649967114.698218 mmap(0x7f1a6cae1000, 69632, PROT_READ|PROT_EXEC, MAP_PRIVATE|MAP_FIXED|MAP_DENYWRITE, 3</usr/lib/x86_64-linux-gnu/libpthread-2.31.so>, 0x6000) = 0x7f1a6cae1000
4015  1649967114.698285 mmap(0x7f1a6caf2000, 24576, PROT_READ, MAP_PRIVATE|MAP_FIXED|MAP_DENYWRITE, 3</usr/lib/x86_64-linux-gnu/libpthread-2.31.so>, 0x17000) = 0x7f1a6caf2000
4015  1649967114.698345 mmap(0x7f1a6caf8000, 8192, PROT_READ|PROT_WRITE, MAP_PRIVATE|MAP_FIXED|MAP_DENYWRITE, 3</usr/lib/x86_64-linux-gnu/libpthread-2.31.so>, 0x1c000) = 0x7f1a6caf8000
4015  1649967114.698409 mmap(0x7f1a6cafa000, 13432, PROT_READ|PROT_WRITE, MAP_PRIVATE|MAP_FIXED|MAP_ANONYMOUS, -1, 0) = 0x7f1a6cafa000
4015  1649967114.698464 close(3</usr/lib/x86_64-linux-gnu/libpthread-2.31.so>) = 0
4015  1649967114.698516 mmap(NULL, 8192, PROT_READ|PROT_WRITE, MAP_PRIVATE|MAP_ANONYMOUS, -1, 0) = 0x7f1a6cad9000
4015  1649967114.698587 mmap(NULL, 12288, PROT_READ|PROT_WRITE, MAP_PRIVATE|MAP_ANONYMOUS, -1, 0) = 0x7f1a6cad6000
4014  1649967114.699388 openat(AT_FDCWD, "/proc/filesystems", O_RDONLY|O_CLOEXEC) = 3</proc/filesystems>
4014  1649967114.699508 read(3</proc/filesystems>, "n"..., 1024) = 360
4014  1649967114.699593 read(3</proc/filesystems>, "", 1024) = 0
4014  1649967114.699648 close(3</proc/filesystems>) = 0
4015  1649967114.699804 openat(AT_FDCWD, "/proc/filesystems", O_RDONLY|O_CLOEXEC) = 3</proc/filesystems>
4015  1649967114.699904 read(3</proc/filesystems>, "n"..., 1024) = 360
4015  1649967114.699977 read(3</proc/filesystems>, "", 1024) = 0
4015  1649967114.700031 close(3</proc/filesystems>) = 0
4014  1649967114.700165 close(3<socket:[73262]>) = 0
4015  1649967114.700273 read(0<pipe:[73261]>,  <unfinished ...>
4014  1649967114.700309 close(3<socket:[73263]>) = 0
4014  1649967114.700375 openat(AT_FDCWD, "/etc/nsswitch.conf", O_RDONLY|O_CLOEXEC) = 3</etc/nsswitch.conf>
4014  1649967114.700483 read(3</etc/nsswitch.conf>, "#"..., 4096) = 542
4014  1649967114.700564 read(3</etc/nsswitch.conf>, "", 4096) = 0
4014  1649967114.700616 close(3</etc/nsswitch.conf>) = 0
4014  1649967114.700673 openat(AT_FDCWD, "/etc/ld.so.cache", O_RDONLY|O_CLOEXEC) = 3</etc/ld.so.cache>
4014  1649967114.700754 mmap(NULL, 74378, PROT_READ, MAP_PRIVATE, 3</etc/ld.so.cache>, 0) = 0x7f62b9753000
4014  1649967114.700803 close(3</etc/ld.so.cache>) = 0
4014  1649967114.700855 openat(AT_FDCWD, "/lib/x86_64-linux-gnu/libnss_files.so.2", O_RDONLY|O_CLOEXEC) = 3</usr/lib/x86_64-linux-gnu/libnss_files-2.31.so>
4014  1649967114.700910 read(3</usr/lib/x86_64-linux-gnu/libnss_files-2.31.so>, "\177"..., 832) = 832
4014  1649967114.700986 mmap(NULL, 79672, PROT_READ, MAP_PRIVATE|MAP_DENYWRITE, 3</usr/lib/x86_64-linux-gnu/libnss_files-2.31.so>, 0) = 0x7f62b9465000
4014  1649967114.701037 mmap(0x7f62b9468000, 28672, PROT_READ|PROT_EXEC, MAP_PRIVATE|MAP_FIXED|MAP_DENYWRITE, 3</usr/lib/x86_64-linux-gnu/libnss_files-2.31.so>, 0x3000) = 0x7f62b9468000
4014  1649967114.701094 mmap(0x7f62b946f000, 8192, PROT_READ, MAP_PRIVATE|MAP_FIXED|MAP_DENYWRITE, 3</usr/lib/x86_64-linux-gnu/libnss_files-2.31.so>, 0xa000) = 0x7f62b946f000
4014  1649967114.701144 mmap(0x7f62b9471000, 8192, PROT_READ|PROT_WRITE, MAP_PRIVATE|MAP_FIXED|MAP_DENYWRITE, 3</usr/lib/x86_64-linux-gnu/libnss_files-2.31.so>, 0xb000) = 0x7f62b9471000
4014  1649967114.701200 mmap(0x7f62b9473000, 22328, PROT_READ|PROT_WRITE, MAP_PRIVATE|MAP_FIXED|MAP_ANONYMOUS, -1, 0) = 0x7f62b9473000
4014  1649967114.701264 close(3</usr/lib/x86_64-linux-gnu/libnss_files-2.31.so>) = 0
4014  1649967114.701413 openat(AT_FDCWD, "/etc/passwd", O_RDONLY|O_CLOEXEC) = 3</etc/passwd>
4014  1649967114.701521 read(3</etc/passwd>, "r"..., 4096) = 2732
4014  1649967114.701571 close(3</etc/passwd>) = 0
4014  1649967114.701679 close(3<socket:[73264]>) = 0
4014  1649967114.701781 close(3<socket:[73265]>) = 0
4014  1649967114.701831 openat(AT_FDCWD, "/etc/group", O_RDONLY|O_CLOEXEC) = 3</etc/group>
4014  1649967114.701952 read(3</etc/group>, "r"..., 4096) = 1030
4014  1649967114.702004 close(3</etc/group>) = 0
4014  1649967114.702082 openat(AT_FDCWD, "/etc/localtime", O_RDONLY|O_CLOEXEC) = 3</usr/share/zoneinfo/America/New_York>
4014  1649967114.702215 read(3</usr/share/zoneinfo/America/New_York>, "T"..., 4096) = 3536
4014  1649967114.702288 read(3</usr/share/zoneinfo/America/New_York>, "T"..., 4096) = 2252
4014  1649967114.702338 close(3</usr/share/zoneinfo/America/New_York>) = 0
4014  1649967114.702449 write(1<pipe:[73261]>, "l"..., 89 <unfinished ...>
4015  1649967114.702524 <... read resumed>"l"..., 4096) = 89
4014  1649967114.702544 <... write resumed>) = 89
4014  1649967114.702571 close(1<pipe:[73261]>) = 0
4014  1649967114.702635 close(2</dev/pts/0>) = 0
4015  1649967114.702790 read(0<pipe:[73261]>, "", 4096) = 0
4015  1649967114.702861 write(1<pipe:[70634]>, "."..., 35 <unfinished ...>
4009  1649967114.702920 <... read resumed>"."..., 128) = 35
4015  1649967114.702943 <... write resumed>) = 35
4014  1649967114.702996 +++ exited with 0 +++
4015  1649967114.703015 close(1<pipe:[70634]> <unfinished ...>
4009  1649967114.703040 read(3<pipe:[70634]>,  <unfinished ...>
4015  1649967114.703062 <... close resumed>) = 0
4013  1649967114.703076 --- SIGCHLD {si_signo=SIGCHLD, si_code=CLD_EXITED, si_pid=4014, si_uid=0, si_status=0, si_utime=0, si_stime=0} ---
4015  1649967114.703318 +++ exited with 0 +++
4013  1649967114.703354 --- SIGCHLD {si_signo=SIGCHLD, si_code=CLD_EXITED, si_pid=4015, si_uid=0, si_status=0, si_utime=0, si_stime=0} ---
4009  1649967114.703537 <... read resumed>"", 128) = 0
4013  1649967114.703561 +++ exited with 0 +++
4009  1649967114.703575 --- SIGCHLD {si_signo=SIGCHLD, si_code=CLD_EXITED, si_pid=4013, si_uid=0, si_status=0, si_utime=0, si_stime=0} ---
4009  1649967114.703641 close(3<pipe:[70634]>) = 0
4009  1649967114.703875 clone(child_stack=NULL, flags=CLONE_CHILD_CLEARTID|CLONE_CHILD_SETTID|SIGCHLD, child_tidptr=0x7f21822c2850) = 4016
4009  1649967114.704050 close(4<pipe:[70642]> <unfinished ...>
4016  1649967114.704082 close(10</usr/lib/libreoffice/program/soffice> <unfinished ...>
4009  1649967114.704120 <... close resumed>) = 0
4016  1649967114.704133 <... close resumed>) = 0
4009  1649967114.704149 read(3<pipe:[70642]>,  <unfinished ...>
4016  1649967114.704176 close(3<pipe:[70642]>) = 0
4016  1649967114.704277 close(4<pipe:[70642]>) = 0
4016  1649967114.704997 execve("/usr/bin/dirname", ["d"..., "."...], ["S"..., "L"..., "M"..., "U"..., "S"..., "H"..., "O"..., "C"..., "S"..., "L"..., "_"..., "T"..., "P"..., "D"..., "L"..., "X"..., "L"..., "S"..., "S"..., "S"..., "S"..., "L"..., "P"..., "L"...]) = 0
4016  1649967114.705518 openat(AT_FDCWD, "/etc/ld.so.cache", O_RDONLY|O_CLOEXEC) = 3</etc/ld.so.cache>
4016  1649967114.705622 mmap(NULL, 74378, PROT_READ, MAP_PRIVATE, 3</etc/ld.so.cache>, 0) = 0x7feb8c55a000
4016  1649967114.705686 close(3</etc/ld.so.cache>) = 0
4016  1649967114.705749 openat(AT_FDCWD, "/lib/x86_64-linux-gnu/libc.so.6", O_RDONLY|O_CLOEXEC) = 3</usr/lib/x86_64-linux-gnu/libc-2.31.so>
4016  1649967114.705815 read(3</usr/lib/x86_64-linux-gnu/libc-2.31.so>, "\177"..., 832) = 832
4016  1649967114.706005 mmap(NULL, 8192, PROT_READ|PROT_WRITE, MAP_PRIVATE|MAP_ANONYMOUS, -1, 0) = 0x7feb8c558000
4016  1649967114.706142 mmap(NULL, 2037344, PROT_READ, MAP_PRIVATE|MAP_DENYWRITE, 3</usr/lib/x86_64-linux-gnu/libc-2.31.so>, 0) = 0x7feb8c366000
4016  1649967114.706204 mmap(0x7feb8c388000, 1540096, PROT_READ|PROT_EXEC, MAP_PRIVATE|MAP_FIXED|MAP_DENYWRITE, 3</usr/lib/x86_64-linux-gnu/libc-2.31.so>, 0x22000) = 0x7feb8c388000
4016  1649967114.706273 mmap(0x7feb8c500000, 319488, PROT_READ, MAP_PRIVATE|MAP_FIXED|MAP_DENYWRITE, 3</usr/lib/x86_64-linux-gnu/libc-2.31.so>, 0x19a000) = 0x7feb8c500000
4016  1649967114.706333 mmap(0x7feb8c54e000, 24576, PROT_READ|PROT_WRITE, MAP_PRIVATE|MAP_FIXED|MAP_DENYWRITE, 3</usr/lib/x86_64-linux-gnu/libc-2.31.so>, 0x1e7000) = 0x7feb8c54e000
4016  1649967114.706402 mmap(0x7feb8c554000, 13920, PROT_READ|PROT_WRITE, MAP_PRIVATE|MAP_FIXED|MAP_ANONYMOUS, -1, 0) = 0x7feb8c554000
4016  1649967114.706463 close(3</usr/lib/x86_64-linux-gnu/libc-2.31.so>) = 0
4016  1649967114.706993 write(1<pipe:[70642]>, "."..., 27) = 27
4009  1649967114.707066 <... read resumed>"."..., 128) = 27
4016  1649967114.707087 close(1<pipe:[70642]> <unfinished ...>
4009  1649967114.707108 read(3<pipe:[70642]>,  <unfinished ...>
4016  1649967114.707129 <... close resumed>) = 0
4009  1649967114.707142 <... read resumed>"", 128) = 0
4016  1649967114.707157 close(2</dev/pts/0> <unfinished ...>
4009  1649967114.707180 close(3<pipe:[70642]> <unfinished ...>
4016  1649967114.707199 <... close resumed>) = 0
4009  1649967114.707213 <... close resumed>) = 0
4016  1649967114.707333 +++ exited with 0 +++
4009  1649967114.707377 --- SIGCHLD {si_signo=SIGCHLD, si_code=CLD_EXITED, si_pid=4016, si_uid=0, si_status=0, si_utime=0, si_stime=0} ---
4009  1649967114.707594 clone(child_stack=NULL, flags=CLONE_CHILD_CLEARTID|CLONE_CHILD_SETTID|SIGCHLD, child_tidptr=0x7f21822c2850) = 4017
4009  1649967114.707787 close(4<pipe:[70643]> <unfinished ...>
4017  1649967114.707810 close(10</usr/lib/libreoffice/program/soffice> <unfinished ...>
4009  1649967114.707837 <... close resumed>) = 0
4017  1649967114.707851 <... close resumed>) = 0
4009  1649967114.707864 read(3<pipe:[70643]>,  <unfinished ...>
4017  1649967114.707888 close(3<pipe:[70643]>) = 0
4017  1649967114.707966 close(4<pipe:[70643]>) = 0
4017  1649967114.708075 write(1<pipe:[70643]>, "/"..., 29) = 29
4009  1649967114.708133 <... read resumed>"/"..., 128) = 29
4009  1649967114.708180 read(3<pipe:[70643]>, "", 128) = 0
4017  1649967114.708304 +++ exited with 0 +++
4009  1649967114.708314 --- SIGCHLD {si_signo=SIGCHLD, si_code=CLD_EXITED, si_pid=4017, si_uid=0, si_status=0, si_utime=0, si_stime=0} ---
4009  1649967114.708367 close(3<pipe:[70643]>) = 0
4009  1649967114.708953 clone(child_stack=NULL, flags=CLONE_CHILD_CLEARTID|CLONE_CHILD_SETTID|SIGCHLD, child_tidptr=0x7f21822c2850) = 4018
4018  1649967114.709145 close(10</usr/lib/libreoffice/program/soffice> <unfinished ...>
4009  1649967114.709207 close(4<pipe:[70644]> <unfinished ...>
4018  1649967114.709230 <... close resumed>) = 0
4009  1649967114.709243 <... close resumed>) = 0
4018  1649967114.709267 close(3<pipe:[70644]>) = 0
4018  1649967114.709342 close(4<pipe:[70644]>) = 0
4009  1649967114.709444 clone(child_stack=NULL, flags=CLONE_CHILD_CLEARTID|CLONE_CHILD_SETTID|SIGCHLD <unfinished ...>
4018  1649967114.709458 write(1<pipe:[70644]>, "\n", 1) = 1
4009  1649967114.709570 <... clone resumed>, child_tidptr=0x7f21822c2850) = 4019
4009  1649967114.709612 close(3<pipe:[70644]> <unfinished ...>
4018  1649967114.709642 +++ exited with 0 +++
4009  1649967114.709658 <... close resumed>) = 0
4009  1649967114.709682 --- SIGCHLD {si_signo=SIGCHLD, si_code=CLD_EXITED, si_pid=4018, si_uid=0, si_status=0, si_utime=0, si_stime=0} ---
4019  1649967114.709723 close(10</usr/lib/libreoffice/program/soffice>) = 0
4009  1649967114.709771 close(-1)       = -1 EBADF (Bad file descriptor)
4019  1649967114.709832 close(3<pipe:[70644]>) = 0
4019  1649967114.709969 execve("/usr/bin/grep", ["g"..., "-"..., "c"...], ["S"..., "L"..., "M"..., "U"..., "S"..., "H"..., "O"..., "C"..., "S"..., "L"..., "_"..., "T"..., "P"..., "D"..., "L"..., "X"..., "L"..., "S"..., "S"..., "S"..., "S"..., "L"..., "P"..., "L"...]) = 0
4019  1649967114.710529 openat(AT_FDCWD, "/etc/ld.so.cache", O_RDONLY|O_CLOEXEC) = 3</etc/ld.so.cache>
4019  1649967114.710620 mmap(NULL, 74378, PROT_READ, MAP_PRIVATE, 3</etc/ld.so.cache>, 0) = 0x7f2478455000
4019  1649967114.710671 close(3</etc/ld.so.cache>) = 0
4019  1649967114.710724 openat(AT_FDCWD, "/lib/x86_64-linux-gnu/libpcre.so.3", O_RDONLY|O_CLOEXEC) = 3</usr/lib/x86_64-linux-gnu/libpcre.so.3.13.3>
4019  1649967114.710779 read(3</usr/lib/x86_64-linux-gnu/libpcre.so.3.13.3>, "\177"..., 832) = 832
4019  1649967114.710857 mmap(NULL, 8192, PROT_READ|PROT_WRITE, MAP_PRIVATE|MAP_ANONYMOUS, -1, 0) = 0x7f2478453000
4019  1649967114.710910 mmap(NULL, 467208, PROT_READ, MAP_PRIVATE|MAP_DENYWRITE, 3</usr/lib/x86_64-linux-gnu/libpcre.so.3.13.3>, 0) = 0x7f24783e0000
4019  1649967114.710971 mmap(0x7f24783e2000, 331776, PROT_READ|PROT_EXEC, MAP_PRIVATE|MAP_FIXED|MAP_DENYWRITE, 3</usr/lib/x86_64-linux-gnu/libpcre.so.3.13.3>, 0x2000) = 0x7f24783e2000
4019  1649967114.711033 mmap(0x7f2478433000, 122880, PROT_READ, MAP_PRIVATE|MAP_FIXED|MAP_DENYWRITE, 3</usr/lib/x86_64-linux-gnu/libpcre.so.3.13.3>, 0x53000) = 0x7f2478433000
4019  1649967114.711090 mmap(0x7f2478451000, 8192, PROT_READ|PROT_WRITE, MAP_PRIVATE|MAP_FIXED|MAP_DENYWRITE, 3</usr/lib/x86_64-linux-gnu/libpcre.so.3.13.3>, 0x70000) = 0x7f2478451000
4019  1649967114.711157 close(3</usr/lib/x86_64-linux-gnu/libpcre.so.3.13.3>) = 0
4019  1649967114.711219 openat(AT_FDCWD, "/lib/x86_64-linux-gnu/libdl.so.2", O_RDONLY|O_CLOEXEC) = 3</usr/lib/x86_64-linux-gnu/libdl-2.31.so>
4019  1649967114.711280 read(3</usr/lib/x86_64-linux-gnu/libdl-2.31.so>, "\177"..., 832) = 832
4019  1649967114.711362 mmap(NULL, 20752, PROT_READ, MAP_PRIVATE|MAP_DENYWRITE, 3</usr/lib/x86_64-linux-gnu/libdl-2.31.so>, 0) = 0x7f24783da000
4019  1649967114.711422 mmap(0x7f24783db000, 8192, PROT_READ|PROT_EXEC, MAP_PRIVATE|MAP_FIXED|MAP_DENYWRITE, 3</usr/lib/x86_64-linux-gnu/libdl-2.31.so>, 0x1000) = 0x7f24783db000
4019  1649967114.711481 mmap(0x7f24783dd000, 4096, PROT_READ, MAP_PRIVATE|MAP_FIXED|MAP_DENYWRITE, 3</usr/lib/x86_64-linux-gnu/libdl-2.31.so>, 0x3000) = 0x7f24783dd000
4019  1649967114.711535 mmap(0x7f24783de000, 8192, PROT_READ|PROT_WRITE, MAP_PRIVATE|MAP_FIXED|MAP_DENYWRITE, 3</usr/lib/x86_64-linux-gnu/libdl-2.31.so>, 0x3000) = 0x7f24783de000
4019  1649967114.711613 close(3</usr/lib/x86_64-linux-gnu/libdl-2.31.so>) = 0
4019  1649967114.711667 openat(AT_FDCWD, "/lib/x86_64-linux-gnu/libc.so.6", O_RDONLY|O_CLOEXEC) = 3</usr/lib/x86_64-linux-gnu/libc-2.31.so>
4019  1649967114.711727 read(3</usr/lib/x86_64-linux-gnu/libc-2.31.so>, "\177"..., 832) = 832
4019  1649967114.711991 mmap(NULL, 2037344, PROT_READ, MAP_PRIVATE|MAP_DENYWRITE, 3</usr/lib/x86_64-linux-gnu/libc-2.31.so>, 0) = 0x7f24781e8000
4019  1649967114.712048 mmap(0x7f247820a000, 1540096, PROT_READ|PROT_EXEC, MAP_PRIVATE|MAP_FIXED|MAP_DENYWRITE, 3</usr/lib/x86_64-linux-gnu/libc-2.31.so>, 0x22000) = 0x7f247820a000
4019  1649967114.712108 mmap(0x7f2478382000, 319488, PROT_READ, MAP_PRIVATE|MAP_FIXED|MAP_DENYWRITE, 3</usr/lib/x86_64-linux-gnu/libc-2.31.so>, 0x19a000) = 0x7f2478382000
4019  1649967114.712161 mmap(0x7f24783d0000, 24576, PROT_READ|PROT_WRITE, MAP_PRIVATE|MAP_FIXED|MAP_DENYWRITE, 3</usr/lib/x86_64-linux-gnu/libc-2.31.so>, 0x1e7000) = 0x7f24783d0000
4019  1649967114.712224 mmap(0x7f24783d6000, 13920, PROT_READ|PROT_WRITE, MAP_PRIVATE|MAP_FIXED|MAP_ANONYMOUS, -1, 0) = 0x7f24783d6000
4019  1649967114.712276 close(3</usr/lib/x86_64-linux-gnu/libc-2.31.so>) = 0
4019  1649967114.712343 openat(AT_FDCWD, "/lib/x86_64-linux-gnu/libpthread.so.0", O_RDONLY|O_CLOEXEC) = 3</usr/lib/x86_64-linux-gnu/libpthread-2.31.so>
4019  1649967114.712408 read(3</usr/lib/x86_64-linux-gnu/libpthread-2.31.so>, "\177"..., 832) = 832
4019  1649967114.712543 mmap(NULL, 140408, PROT_READ, MAP_PRIVATE|MAP_DENYWRITE, 3</usr/lib/x86_64-linux-gnu/libpthread-2.31.so>, 0) = 0x7f24781c5000
4019  1649967114.712597 mmap(0x7f24781cb000, 69632, PROT_READ|PROT_EXEC, MAP_PRIVATE|MAP_FIXED|MAP_DENYWRITE, 3</usr/lib/x86_64-linux-gnu/libpthread-2.31.so>, 0x6000) = 0x7f24781cb000
4019  1649967114.712655 mmap(0x7f24781dc000, 24576, PROT_READ, MAP_PRIVATE|MAP_FIXED|MAP_DENYWRITE, 3</usr/lib/x86_64-linux-gnu/libpthread-2.31.so>, 0x17000) = 0x7f24781dc000
4019  1649967114.712738 mmap(0x7f24781e2000, 8192, PROT_READ|PROT_WRITE, MAP_PRIVATE|MAP_FIXED|MAP_DENYWRITE, 3</usr/lib/x86_64-linux-gnu/libpthread-2.31.so>, 0x1c000) = 0x7f24781e2000
4019  1649967114.712797 mmap(0x7f24781e4000, 13432, PROT_READ|PROT_WRITE, MAP_PRIVATE|MAP_FIXED|MAP_ANONYMOUS, -1, 0) = 0x7f24781e4000
4019  1649967114.712850 close(3</usr/lib/x86_64-linux-gnu/libpthread-2.31.so>) = 0
4019  1649967114.712923 mmap(NULL, 8192, PROT_READ|PROT_WRITE, MAP_PRIVATE|MAP_ANONYMOUS, -1, 0) = 0x7f24781c3000
4019  1649967114.714005 read(0<pipe:[70644]>, "\n", 98304) = 1
4019  1649967114.714095 read(0<pipe:[70644]>, "", 98304) = 0
4019  1649967114.714147 close(1</dev/pts/0>) = 0
4019  1649967114.714196 close(2</dev/pts/0>) = 0
4019  1649967114.714398 +++ exited with 1 +++
4009  1649967114.714472 --- SIGCHLD {si_signo=SIGCHLD, si_code=CLD_EXITED, si_pid=4019, si_uid=0, si_status=1, si_utime=0, si_stime=0} ---
4009  1649967114.714604 clone(child_stack=NULL, flags=CLONE_CHILD_CLEARTID|CLONE_CHILD_SETTID|SIGCHLD, child_tidptr=0x7f21822c2850) = 4020
4009  1649967114.714800 close(4<pipe:[70645]> <unfinished ...>
4020  1649967114.714837 close(10</usr/lib/libreoffice/program/soffice> <unfinished ...>
4009  1649967114.714868 <... close resumed>) = 0
4020  1649967114.714883 <... close resumed>) = 0
4009  1649967114.714896 read(3<pipe:[70645]>,  <unfinished ...>
4020  1649967114.714920 close(3<pipe:[70645]>) = 0
4020  1649967114.715009 close(4<pipe:[70645]>) = 0
4020  1649967114.715232 execve("/usr/bin/uname", ["u"..., "-"...], ["S"..., "L"..., "M"..., "U"..., "S"..., "H"..., "O"..., "C"..., "S"..., "L"..., "_"..., "T"..., "P"..., "D"..., "L"..., "X"..., "L"..., "S"..., "S"..., "S"..., "S"..., "L"..., "P"..., "L"...]) = 0
4020  1649967114.715959 openat(AT_FDCWD, "/etc/ld.so.cache", O_RDONLY|O_CLOEXEC) = 3</etc/ld.so.cache>
4020  1649967114.716072 mmap(NULL, 74378, PROT_READ, MAP_PRIVATE, 3</etc/ld.so.cache>, 0) = 0x7fbb12869000
4020  1649967114.716132 close(3</etc/ld.so.cache>) = 0
4020  1649967114.716195 openat(AT_FDCWD, "/lib/x86_64-linux-gnu/libc.so.6", O_RDONLY|O_CLOEXEC) = 3</usr/lib/x86_64-linux-gnu/libc-2.31.so>
4020  1649967114.716273 read(3</usr/lib/x86_64-linux-gnu/libc-2.31.so>, "\177"..., 832) = 832
4020  1649967114.716432 mmap(NULL, 8192, PROT_READ|PROT_WRITE, MAP_PRIVATE|MAP_ANONYMOUS, -1, 0) = 0x7fbb12867000
4020  1649967114.716567 mmap(NULL, 2037344, PROT_READ, MAP_PRIVATE|MAP_DENYWRITE, 3</usr/lib/x86_64-linux-gnu/libc-2.31.so>, 0) = 0x7fbb12675000
4020  1649967114.716627 mmap(0x7fbb12697000, 1540096, PROT_READ|PROT_EXEC, MAP_PRIVATE|MAP_FIXED|MAP_DENYWRITE, 3</usr/lib/x86_64-linux-gnu/libc-2.31.so>, 0x22000) = 0x7fbb12697000
4020  1649967114.716695 mmap(0x7fbb1280f000, 319488, PROT_READ, MAP_PRIVATE|MAP_FIXED|MAP_DENYWRITE, 3</usr/lib/x86_64-linux-gnu/libc-2.31.so>, 0x19a000) = 0x7fbb1280f000
4020  1649967114.716756 mmap(0x7fbb1285d000, 24576, PROT_READ|PROT_WRITE, MAP_PRIVATE|MAP_FIXED|MAP_DENYWRITE, 3</usr/lib/x86_64-linux-gnu/libc-2.31.so>, 0x1e7000) = 0x7fbb1285d000
4020  1649967114.716824 mmap(0x7fbb12863000, 13920, PROT_READ|PROT_WRITE, MAP_PRIVATE|MAP_FIXED|MAP_ANONYMOUS, -1, 0) = 0x7fbb12863000
4020  1649967114.716884 close(3</usr/lib/x86_64-linux-gnu/libc-2.31.so>) = 0
4020  1649967114.717462 write(1<pipe:[70645]>, "L"..., 6) = 6
4009  1649967114.717529 <... read resumed>"L"..., 128) = 6
4020  1649967114.717549 close(1<pipe:[70645]> <unfinished ...>
4009  1649967114.717573 read(3<pipe:[70645]>,  <unfinished ...>
4020  1649967114.717594 <... close resumed>) = 0
4009  1649967114.717607 <... read resumed>"", 128) = 0
4020  1649967114.717622 close(2</dev/pts/0> <unfinished ...>
4009  1649967114.717643 close(3<pipe:[70645]> <unfinished ...>
4020  1649967114.717663 <... close resumed>) = 0
4009  1649967114.717675 <... close resumed>) = 0
4020  1649967114.717792 +++ exited with 0 +++
4009  1649967114.717821 --- SIGCHLD {si_signo=SIGCHLD, si_code=CLD_EXITED, si_pid=4020, si_uid=0, si_status=0, si_utime=0, si_stime=0} ---
4009  1649967114.718000 execve("/usr/lib/libreoffice/program/oosplash", ["/"...], ["S"..., "L"..., "M"..., "U"..., "S"..., "H"..., "O"..., "C"..., "S"..., "L"..., "_"..., "T"..., "P"..., "D"..., "L"..., "X"..., "L"..., "S"..., "S"..., "S"..., "S"..., "L"..., "P"...]) = 0
4009  1649967114.719161 openat(AT_FDCWD, "/usr/lib/libreoffice/program/tls/haswell/x86_64/libXinerama.so.1", O_RDONLY|O_CLOEXEC) = -1 ENOENT (No such file or directory)
4009  1649967114.719439 openat(AT_FDCWD, "/usr/lib/libreoffice/program/tls/haswell/libXinerama.so.1", O_RDONLY|O_CLOEXEC) = -1 ENOENT (No such file or directory)
4009  1649967114.719530 openat(AT_FDCWD, "/usr/lib/libreoffice/program/tls/x86_64/libXinerama.so.1", O_RDONLY|O_CLOEXEC) = -1 ENOENT (No such file or directory)
4009  1649967114.719618 openat(AT_FDCWD, "/usr/lib/libreoffice/program/tls/libXinerama.so.1", O_RDONLY|O_CLOEXEC) = -1 ENOENT (No such file or directory)
4009  1649967114.719701 openat(AT_FDCWD, "/usr/lib/libreoffice/program/haswell/x86_64/libXinerama.so.1", O_RDONLY|O_CLOEXEC) = -1 ENOENT (No such file or directory)
4009  1649967114.719952 openat(AT_FDCWD, "/usr/lib/libreoffice/program/haswell/libXinerama.so.1", O_RDONLY|O_CLOEXEC) = -1 ENOENT (No such file or directory)
4009  1649967114.720044 openat(AT_FDCWD, "/usr/lib/libreoffice/program/x86_64/libXinerama.so.1", O_RDONLY|O_CLOEXEC) = -1 ENOENT (No such file or directory)
4009  1649967114.720162 openat(AT_FDCWD, "/usr/lib/libreoffice/program/libXinerama.so.1", O_RDONLY|O_CLOEXEC) = -1 ENOENT (No such file or directory)
4009  1649967114.720269 openat(AT_FDCWD, "/etc/ld.so.cache", O_RDONLY|O_CLOEXEC) = 3</etc/ld.so.cache>
4009  1649967114.720379 mmap(NULL, 74378, PROT_READ, MAP_PRIVATE, 3</etc/ld.so.cache>, 0) = 0x7fe58dbb9000
4009  1649967114.720449 close(3</etc/ld.so.cache>) = 0
4009  1649967114.720535 openat(AT_FDCWD, "/lib/x86_64-linux-gnu/libXinerama.so.1", O_RDONLY|O_CLOEXEC) = 3</usr/lib/x86_64-linux-gnu/libXinerama.so.1.0.0>
4009  1649967114.720612 read(3</usr/lib/x86_64-linux-gnu/libXinerama.so.1.0.0>, "\177"..., 832) = 832
4009  1649967114.720716 mmap(NULL, 8192, PROT_READ|PROT_WRITE, MAP_PRIVATE|MAP_ANONYMOUS, -1, 0) = 0x7fe58dbb7000
4009  1649967114.720795 mmap(NULL, 16680, PROT_READ, MAP_PRIVATE|MAP_DENYWRITE, 3</usr/lib/x86_64-linux-gnu/libXinerama.so.1.0.0>, 0) = 0x7fe58dbb2000
4009  1649967114.720862 mmap(0x7fe58dbb3000, 4096, PROT_READ|PROT_EXEC, MAP_PRIVATE|MAP_FIXED|MAP_DENYWRITE, 3</usr/lib/x86_64-linux-gnu/libXinerama.so.1.0.0>, 0x1000) = 0x7fe58dbb3000
4009  1649967114.720959 mmap(0x7fe58dbb4000, 4096, PROT_READ, MAP_PRIVATE|MAP_FIXED|MAP_DENYWRITE, 3</usr/lib/x86_64-linux-gnu/libXinerama.so.1.0.0>, 0x2000) = 0x7fe58dbb4000
4009  1649967114.721036 mmap(0x7fe58dbb5000, 8192, PROT_READ|PROT_WRITE, MAP_PRIVATE|MAP_FIXED|MAP_DENYWRITE, 3</usr/lib/x86_64-linux-gnu/libXinerama.so.1.0.0>, 0x2000) = 0x7fe58dbb5000
4009  1649967114.721197 close(3</usr/lib/x86_64-linux-gnu/libXinerama.so.1.0.0>) = 0
