22653 1649798500.590157 open("/usr/local/lib/tls/libdl.so.2", O_RDONLY|O_CLOEXEC) = -1 ENOENT (No such file or directory)
22652 1649798500.590262 close(3<pipe:[22776063]> <unfinished ...>
22653 1649798500.590290 open("/usr/local/lib/x86_64/libdl.so.2", O_RDONLY|O_CLOEXEC <unfinished ...>
22652 1649798500.590307 <... close resumed>) = 0
22653 1649798500.590330 <... open resumed>) = -1 ENOENT (No such file or directory)
22654 1649798500.590351 <... execve resumed>) = 0
22653 1649798500.590404 open("/usr/local/lib/libdl.so.2", O_RDONLY|O_CLOEXEC) = -1 ENOENT (No such file or directory)
22654 1649798500.590473 mmap(NULL, 4096, PROT_READ|PROT_WRITE, MAP_PRIVATE|MAP_ANONYMOUS, -1, 0) = 0x7fa411258000
22653 1649798500.590550 open("/usr/lib/tls/x86_64/libdl.so.2", O_RDONLY|O_CLOEXEC) = -1 ENOENT (No such file or directory)
22654 1649798500.590600 open("/usr/local/lib/tls/x86_64/libopcodes-2.27-44.base.el7_9.1.so", O_RDONLY|O_CLOEXEC) = -1 ENOENT (No such file or directory)
22653 1649798500.590651 open("/usr/lib/tls/libdl.so.2", O_RDONLY|O_CLOEXEC) = -1 ENOENT (No such file or directory)
22654 1649798500.590686 open("/usr/local/lib/tls/libopcodes-2.27-44.base.el7_9.1.so", O_RDONLY|O_CLOEXEC) = -1 ENOENT (No such file or directory)
22653 1649798500.590738 open("/usr/lib/x86_64/libdl.so.2", O_RDONLY|O_CLOEXEC) = -1 ENOENT (No such file or directory)
22654 1649798500.590773 open("/usr/local/lib/x86_64/libopcodes-2.27-44.base.el7_9.1.so", O_RDONLY|O_CLOEXEC) = -1 ENOENT (No such file or directory)
22653 1649798500.590826 open("/usr/lib/libdl.so.2", O_RDONLY|O_CLOEXEC <unfinished ...>
22654 1649798500.590853 open("/usr/local/lib/libopcodes-2.27-44.base.el7_9.1.so", O_RDONLY|O_CLOEXEC <unfinished ...>
22653 1649798500.590866 <... open resumed>) = 3</usr/lib/libdl-2.17.so>
22654 1649798500.590890 <... open resumed>) = -1 ENOENT (No such file or directory)
22653 1649798500.590905 read(3</usr/lib/libdl-2.17.so>, "\177ELF\1\1\1\0\0\0\0\0\0\0\0\0\3\0\3\0\1\0\0\0000\n\0\0004\0\0\0"..., 832) = 832
22653 1649798500.590955 close(3</usr/lib/libdl-2.17.so> <unfinished ...>
22654 1649798500.590974 open("/usr/lib/tls/x86_64/libopcodes-2.27-44.base.el7_9.1.so", O_RDONLY|O_CLOEXEC <unfinished ...>
22653 1649798500.590990 <... close resumed>) = 0
22654 1649798500.591004 <... open resumed>) = -1 ENOENT (No such file or directory)
22654 1649798500.591056 open("/usr/lib/tls/libopcodes-2.27-44.base.el7_9.1.so", O_RDONLY|O_CLOEXEC) = -1 ENOENT (No such file or directory)
22653 1649798500.591107 open("/opt/sfw/lib/tls/x86_64/libdl.so.2", O_RDONLY|O_CLOEXEC <unfinished ...>
22654 1649798500.591144 open("/usr/lib/x86_64/libopcodes-2.27-44.base.el7_9.1.so", O_RDONLY|O_CLOEXEC <unfinished ...>
22653 1649798500.591157 <... open resumed>) = -1 ENOENT (No such file or directory)
22654 1649798500.591172 <... open resumed>) = -1 ENOENT (No such file or directory)
22654 1649798500.591221 open("/usr/lib/libopcodes-2.27-44.base.el7_9.1.so", O_RDONLY|O_CLOEXEC <unfinished ...>
22653 1649798500.591234 open("/opt/sfw/lib/tls/libdl.so.2", O_RDONLY|O_CLOEXEC <unfinished ...>
22654 1649798500.591255 <... open resumed>) = -1 ENOENT (No such file or directory)
22653 1649798500.591270 <... open resumed>) = -1 ENOENT (No such file or directory)
22654 1649798500.591313 open("/opt/sfw/lib/tls/x86_64/libopcodes-2.27-44.base.el7_9.1.so", O_RDONLY|O_CLOEXEC <unfinished ...>
22653 1649798500.591330 open("/opt/sfw/lib/x86_64/libdl.so.2", O_RDONLY|O_CLOEXEC <unfinished ...>
22654 1649798500.591346 <... open resumed>) = -1 ENOENT (No such file or directory)
22653 1649798500.591360 <... open resumed>) = -1 ENOENT (No such file or directory)
22654 1649798500.591402 open("/opt/sfw/lib/tls/libopcodes-2.27-44.base.el7_9.1.so", O_RDONLY|O_CLOEXEC <unfinished ...>
22653 1649798500.591420 open("/opt/sfw/lib/libdl.so.2", O_RDONLY|O_CLOEXEC <unfinished ...>
22654 1649798500.591433 <... open resumed>) = -1 ENOENT (No such file or directory)
22653 1649798500.591447 <... open resumed>) = -1 ENOENT (No such file or directory)
22654 1649798500.591489 open("/opt/sfw/lib/x86_64/libopcodes-2.27-44.base.el7_9.1.so", O_RDONLY|O_CLOEXEC <unfinished ...>
22653 1649798500.591505 open("/usr/sfw/lib/tls/x86_64/libdl.so.2", O_RDONLY|O_CLOEXEC <unfinished ...>
22654 1649798500.591522 <... open resumed>) = -1 ENOENT (No such file or directory)
22653 1649798500.591536 <... open resumed>) = -1 ENOENT (No such file or directory)
22654 1649798500.591577 open("/opt/sfw/lib/libopcodes-2.27-44.base.el7_9.1.so", O_RDONLY|O_CLOEXEC <unfinished ...>
22653 1649798500.591594 open("/usr/sfw/lib/tls/libdl.so.2", O_RDONLY|O_CLOEXEC <unfinished ...>
22654 1649798500.591609 <... open resumed>) = -1 ENOENT (No such file or directory)
22653 1649798500.591624 <... open resumed>) = -1 ENOENT (No such file or directory)
22654 1649798500.591665 open("/usr/sfw/lib/tls/x86_64/libopcodes-2.27-44.base.el7_9.1.so", O_RDONLY|O_CLOEXEC <unfinished ...>
22653 1649798500.591682 open("/usr/sfw/lib/x86_64/libdl.so.2", O_RDONLY|O_CLOEXEC <unfinished ...>
22654 1649798500.591697 <... open resumed>) = -1 ENOENT (No such file or directory)
22653 1649798500.591712 <... open resumed>) = -1 ENOENT (No such file or directory)
22654 1649798500.591753 open("/usr/sfw/lib/tls/libopcodes-2.27-44.base.el7_9.1.so", O_RDONLY|O_CLOEXEC <unfinished ...>
22653 1649798500.591769 open("/usr/sfw/lib/libdl.so.2", O_RDONLY|O_CLOEXEC <unfinished ...>
22654 1649798500.591785 <... open resumed>) = -1 ENOENT (No such file or directory)
22653 1649798500.591799 <... open resumed>) = -1 ENOENT (No such file or directory)
22654 1649798500.591841 open("/usr/sfw/lib/x86_64/libopcodes-2.27-44.base.el7_9.1.so", O_RDONLY|O_CLOEXEC <unfinished ...>
22653 1649798500.591858 open("/usr/ccs/lib/tls/x86_64/libdl.so.2", O_RDONLY|O_CLOEXEC <unfinished ...>
22654 1649798500.591874 <... open resumed>) = -1 ENOENT (No such file or directory)
22653 1649798500.591888 <... open resumed>) = -1 ENOENT (No such file or directory)
22654 1649798500.591930 open("/usr/sfw/lib/libopcodes-2.27-44.base.el7_9.1.so", O_RDONLY|O_CLOEXEC <unfinished ...>
22653 1649798500.591947 open("/usr/ccs/lib/tls/libdl.so.2", O_RDONLY|O_CLOEXEC <unfinished ...>
22654 1649798500.591965 <... open resumed>) = -1 ENOENT (No such file or directory)
22653 1649798500.591976 <... open resumed>) = -1 ENOENT (No such file or directory)
22654 1649798500.592017 open("/usr/ccs/lib/tls/x86_64/libopcodes-2.27-44.base.el7_9.1.so", O_RDONLY|O_CLOEXEC <unfinished ...>
22653 1649798500.592034 open("/usr/ccs/lib/x86_64/libdl.so.2", O_RDONLY|O_CLOEXEC <unfinished ...>
22654 1649798500.592050 <... open resumed>) = -1 ENOENT (No such file or directory)
22653 1649798500.592064 <... open resumed>) = -1 ENOENT (No such file or directory)
22654 1649798500.592105 open("/usr/ccs/lib/tls/libopcodes-2.27-44.base.el7_9.1.so", O_RDONLY|O_CLOEXEC <unfinished ...>
22653 1649798500.592130 open("/usr/ccs/lib/libdl.so.2", O_RDONLY|O_CLOEXEC <unfinished ...>
22654 1649798500.592143 <... open resumed>) = -1 ENOENT (No such file or directory)
22653 1649798500.592158 <... open resumed>) = -1 ENOENT (No such file or directory)
22654 1649798500.592199 open("/usr/ccs/lib/x86_64/libopcodes-2.27-44.base.el7_9.1.so", O_RDONLY|O_CLOEXEC <unfinished ...>
22653 1649798500.592221 open("/etc/ld.so.cache", O_RDONLY|O_CLOEXEC <unfinished ...>
22654 1649798500.592234 <... open resumed>) = -1 ENOENT (No such file or directory)
22653 1649798500.592248 <... open resumed>) = 3</etc/ld.so.cache>
22654 1649798500.592297 open("/usr/ccs/lib/libopcodes-2.27-44.base.el7_9.1.so", O_RDONLY|O_CLOEXEC <unfinished ...>
22653 1649798500.592316 mmap(NULL, 199697, PROT_READ, MAP_PRIVATE, 3</etc/ld.so.cache>, 0 <unfinished ...>
22654 1649798500.592333 <... open resumed>) = -1 ENOENT (No such file or directory)
22653 1649798500.592348 <... mmap resumed>) = 0x7f009fb4f000
22653 1649798500.592371 close(3</etc/ld.so.cache>) = 0
22654 1649798500.592404 open("/etc/ld.so.cache", O_RDONLY|O_CLOEXEC) = 3</etc/ld.so.cache>
22653 1649798500.592453 open("/lib64/libdl.so.2", O_RDONLY|O_CLOEXEC) = 3</usr/lib64/libdl-2.17.so>
22653 1649798500.592505 read(3</usr/lib64/libdl-2.17.so>,  <unfinished ...>
22654 1649798500.592520 mmap(NULL, 199697, PROT_READ, MAP_PRIVATE, 3</etc/ld.so.cache>, 0 <unfinished ...>
22653 1649798500.592540 <... read resumed>"\177ELF\2\1\1\0\0\0\0\0\0\0\0\0\3\0>\0\1\0\0\0P\16\0\0\0\0\0\0"..., 832) = 832
22654 1649798500.592557 <... mmap resumed>) = 0x7fa411227000
22654 1649798500.592580 close(3</etc/ld.so.cache>) = 0
22653 1649798500.592613 mmap(NULL, 2109744, PROT_READ|PROT_EXEC, MAP_PRIVATE|MAP_DENYWRITE, 3</usr/lib64/libdl-2.17.so>, 0 <unfinished ...>
22654 1649798500.592646 open("/lib64/libopcodes-2.27-44.base.el7_9.1.so", O_RDONLY|O_CLOEXEC <unfinished ...>
22653 1649798500.592660 <... mmap resumed>) = 0x7f009f75c000
22654 1649798500.592674 <... open resumed>) = 3</usr/lib64/libopcodes-2.27-44.base.el7_9.1.so>
22654 1649798500.592702 read(3</usr/lib64/libopcodes-2.27-44.base.el7_9.1.so>, "\177ELF\2\1\1\0\0\0\0\0\0\0\0\0\3\0>\0\1\0\0\0`\234\4\0\0\0\0\0"..., 832) = 832
22653 1649798500.592743 mmap(0x7f009f95e000, 8192, PROT_READ|PROT_WRITE, MAP_PRIVATE|MAP_FIXED|MAP_DENYWRITE, 3</usr/lib64/libdl-2.17.so>, 0x2000) = 0x7f009f95e000
22654 1649798500.592795 mmap(NULL, 3781280, PROT_READ|PROT_EXEC, MAP_PRIVATE|MAP_DENYWRITE, 3</usr/lib64/libopcodes-2.27-44.base.el7_9.1.so>, 0 <unfinished ...>
22653 1649798500.592816 close(3</usr/lib64/libdl-2.17.so> <unfinished ...>
22654 1649798500.592837 <... mmap resumed>) = 0x7fa410c9c000
22653 1649798500.592847 <... close resumed>) = 0
22653 1649798500.592879 open("/usr/local/lib/libmpc.so.3", O_RDONLY|O_CLOEXEC <unfinished ...>
22654 1649798500.592897 mmap(0x7fa410f08000, 1241088, PROT_READ|PROT_WRITE, MAP_PRIVATE|MAP_FIXED|MAP_DENYWRITE, 3</usr/lib64/libopcodes-2.27-44.base.el7_9.1.so>, 0x6c000 <unfinished ...>
22653 1649798500.592920 <... open resumed>) = -1 ENOENT (No such file or directory)
22654 1649798500.592935 <... mmap resumed>) = 0x7fa410f08000
22653 1649798500.592948 open("/usr/lib/libmpc.so.3", O_RDONLY|O_CLOEXEC <unfinished ...>
22654 1649798500.592965 mmap(0x7fa411037000, 672, PROT_READ|PROT_WRITE, MAP_PRIVATE|MAP_FIXED|MAP_ANONYMOUS, -1, 0 <unfinished ...>
22653 1649798500.592980 <... open resumed>) = -1 ENOENT (No such file or directory)
22654 1649798500.592994 <... mmap resumed>) = 0x7fa411037000
22653 1649798500.593019 open("/lib64/libmpc.so.3", O_RDONLY|O_CLOEXEC <unfinished ...>
22654 1649798500.593033 close(3</usr/lib64/libopcodes-2.27-44.base.el7_9.1.so> <unfinished ...>
22653 1649798500.593055 <... open resumed>) = 3</usr/lib64/libmpc.so.3.0.0>
22654 1649798500.593071 <... close resumed>) = 0
22653 1649798500.593084 read(3</usr/lib64/libmpc.so.3.0.0>,  <unfinished ...>
22654 1649798500.593102 open("/usr/local/lib/libbfd-2.27-44.base.el7_9.1.so", O_RDONLY|O_CLOEXEC <unfinished ...>
22653 1649798500.593124 <... read resumed>"\177ELF\2\1\1\0\0\0\0\0\0\0\0\0\3\0>\0\1\0\0\0@L\0\0\0\0\0\0"..., 832) = 832
22654 1649798500.593141 <... open resumed>) = -1 ENOENT (No such file or directory)
22654 1649798500.593167 open("/usr/lib/libbfd-2.27-44.base.el7_9.1.so", O_RDONLY|O_CLOEXEC) = -1 ENOENT (No such file or directory)
22653 1649798500.593200 mmap(NULL, 4096, PROT_READ|PROT_WRITE, MAP_PRIVATE|MAP_ANONYMOUS, -1, 0 <unfinished ...>
22654 1649798500.593229 open("/lib64/libbfd-2.27-44.base.el7_9.1.so", O_RDONLY|O_CLOEXEC <unfinished ...>
22653 1649798500.593243 <... mmap resumed>) = 0x7f009fb4e000
22654 1649798500.593256 <... open resumed>) = 3</usr/lib64/libbfd-2.27-44.base.el7_9.1.so>
22653 1649798500.593278 mmap(NULL, 2192896, PROT_READ|PROT_EXEC, MAP_PRIVATE|MAP_DENYWRITE, 3</usr/lib64/libmpc.so.3.0.0>, 0 <unfinished ...>
22654 1649798500.593299 read(3</usr/lib64/libbfd-2.27-44.base.el7_9.1.so>,  <unfinished ...>
22653 1649798500.593318 <... mmap resumed>) = 0x7f009f544000
22654 1649798500.593331 <... read resumed>"\177ELF\2\1\1\0\0\0\0\0\0\0\0\0\3\0>\0\1\0\0\0 +\4\0\0\0\0\0"..., 832) = 832
22653 1649798500.593376 mmap(0x7f009f75a000, 8192, PROT_READ|PROT_WRITE, MAP_PRIVATE|MAP_FIXED|MAP_DENYWRITE, 3</usr/lib64/libmpc.so.3.0.0>, 0x16000 <unfinished ...>
22654 1649798500.593397 mmap(NULL, 4096, PROT_READ|PROT_WRITE, MAP_PRIVATE|MAP_ANONYMOUS, -1, 0 <unfinished ...>
22653 1649798500.593412 <... mmap resumed>) = 0x7f009f75a000
22654 1649798500.593424 <... mmap resumed>) = 0x7fa411226000
22654 1649798500.593448 mmap(NULL, 3442752, PROT_READ|PROT_EXEC, MAP_PRIVATE|MAP_DENYWRITE, 3</usr/lib64/libbfd-2.27-44.base.el7_9.1.so>, 0 <unfinished ...>
22653 1649798500.593467 close(3</usr/lib64/libmpc.so.3.0.0> <unfinished ...>
22654 1649798500.593488 <... mmap resumed>) = 0x7fa410953000
22653 1649798500.593497 <... close resumed>) = 0
22653 1649798500.593531 open("/usr/local/lib/libmpfr.so.4", O_RDONLY|O_CLOEXEC <unfinished ...>
22654 1649798500.593549 mmap(0x7fa410c7e000, 106496, PROT_READ|PROT_WRITE, MAP_PRIVATE|MAP_FIXED|MAP_DENYWRITE, 3</usr/lib64/libbfd-2.27-44.base.el7_9.1.so>, 0x12b000 <unfinished ...>
22653 1649798500.593571 <... open resumed>) = -1 ENOENT (No such file or directory)
22654 1649798500.593587 <... mmap resumed>) = 0x7fa410c7e000
22653 1649798500.593600 open("/usr/lib/libmpfr.so.4", O_RDONLY|O_CLOEXEC <unfinished ...>
22654 1649798500.593616 mmap(0x7fa410c98000, 14400, PROT_READ|PROT_WRITE, MAP_PRIVATE|MAP_FIXED|MAP_ANONYMOUS, -1, 0 <unfinished ...>
22653 1649798500.593631 <... open resumed>) = -1 ENOENT (No such file or directory)
22654 1649798500.593645 <... mmap resumed>) = 0x7fa410c98000
22653 1649798500.593658 open("/lib64/libmpfr.so.4", O_RDONLY|O_CLOEXEC <unfinished ...>
22654 1649798500.593675 close(3</usr/lib64/libbfd-2.27-44.base.el7_9.1.so> <unfinished ...>
22653 1649798500.593697 <... open resumed>) = 3</usr/lib64/libmpfr.so.4.1.1>
22654 1649798500.593713 <... close resumed>) = 0
22653 1649798500.593729 read(3</usr/lib64/libmpfr.so.4.1.1>,  <unfinished ...>
22654 1649798500.593748 open("/usr/local/lib/libdl.so.2", O_RDONLY|O_CLOEXEC <unfinished ...>
22653 1649798500.593764 <... read resumed>"\177ELF\2\1\1\0\0\0\0\0\0\0\0\0\3\0>\0\1\0\0\0\300\252\0\0\0\0\0\0"..., 832) = 832
22654 1649798500.593781 <... open resumed>) = -1 ENOENT (No such file or directory)
22654 1649798500.593806 open("/usr/lib/libdl.so.2", O_RDONLY|O_CLOEXEC) = 3</usr/lib/libdl-2.17.so>
22653 1649798500.593850 mmap(NULL, 2468096, PROT_READ|PROT_EXEC, MAP_PRIVATE|MAP_DENYWRITE, 3</usr/lib64/libmpfr.so.4.1.1>, 0 <unfinished ...>
22654 1649798500.593871 read(3</usr/lib/libdl-2.17.so>,  <unfinished ...>
22653 1649798500.593890 <... mmap resumed>) = 0x7f009f2e9000
22654 1649798500.593903 <... read resumed>"\177ELF\1\1\1\0\0\0\0\0\0\0\0\0\3\0\3\0\1\0\0\0000\n\0\0004\0\0\0"..., 832) = 832
22654 1649798500.593927 close(3</usr/lib/libdl-2.17.so>) = 0
22653 1649798500.593964 mmap(0x7f009f541000, 12288, PROT_READ|PROT_WRITE, MAP_PRIVATE|MAP_FIXED|MAP_DENYWRITE, 3</usr/lib64/libmpfr.so.4.1.1>, 0x58000 <unfinished ...>
22654 1649798500.593985 open("/lib64/libdl.so.2", O_RDONLY|O_CLOEXEC <unfinished ...>
22653 1649798500.594002 <... mmap resumed>) = 0x7f009f541000
22654 1649798500.594014 <... open resumed>) = 3</usr/lib64/libdl-2.17.so>
22653 1649798500.594034 close(3</usr/lib64/libmpfr.so.4.1.1> <unfinished ...>
22654 1649798500.594054 read(3</usr/lib64/libdl-2.17.so>,  <unfinished ...>
22653 1649798500.594073 <... close resumed>) = 0
22654 1649798500.594086 <... read resumed>"\177ELF\2\1\1\0\0\0\0\0\0\0\0\0\3\0>\0\1\0\0\0P\16\0\0\0\0\0\0"..., 832) = 832
22653 1649798500.594102 open("/usr/local/lib/libgmp.so.10", O_RDONLY|O_CLOEXEC) = -1 ENOENT (No such file or directory)
22653 1649798500.594153 open("/usr/lib/libgmp.so.10", O_RDONLY|O_CLOEXEC <unfinished ...>
22654 1649798500.594169 mmap(NULL, 2109744, PROT_READ|PROT_EXEC, MAP_PRIVATE|MAP_DENYWRITE, 3</usr/lib64/libdl-2.17.so>, 0 <unfinished ...>
22653 1649798500.594192 <... open resumed>) = -1 ENOENT (No such file or directory)
22654 1649798500.594206 <... mmap resumed>) = 0x7fa41074f000
22653 1649798500.594219 open("/lib64/libgmp.so.10", O_RDONLY|O_CLOEXEC) = 3</usr/lib64/libgmp.so.10.2.0>
22653 1649798500.594269 read(3</usr/lib64/libgmp.so.10.2.0>,  <unfinished ...>
22654 1649798500.594294 mmap(0x7fa410951000, 8192, PROT_READ|PROT_WRITE, MAP_PRIVATE|MAP_FIXED|MAP_DENYWRITE, 3</usr/lib64/libdl-2.17.so>, 0x2000 <unfinished ...>
22653 1649798500.594315 <... read resumed>"\177ELF\2\1\1\0\0\0\0\0\0\0\0\0\3\0>\0\1\0\0\0\200\304\0\0\0\0\0\0"..., 832) = 832
22654 1649798500.594332 <... mmap resumed>) = 0x7fa410951000
22654 1649798500.594363 close(3</usr/lib64/libdl-2.17.so> <unfinished ...>
22653 1649798500.594385 mmap(NULL, 2584736, PROT_READ|PROT_EXEC, MAP_PRIVATE|MAP_DENYWRITE, 3</usr/lib64/libgmp.so.10.2.0>, 0 <unfinished ...>
22654 1649798500.594402 <... close resumed>) = 0
22653 1649798500.594415 <... mmap resumed>) = 0x7f009f071000
22654 1649798500.594427 open("/usr/local/lib/libc.so.6", O_RDONLY|O_CLOEXEC) = -1 ENOENT (No such file or directory)
22654 1649798500.594472 open("/usr/lib/libc.so.6", O_RDONLY|O_CLOEXEC <unfinished ...>
22653 1649798500.594488 mmap(0x7f009f2e6000, 12288, PROT_READ|PROT_WRITE, MAP_PRIVATE|MAP_FIXED|MAP_DENYWRITE, 3</usr/lib64/libgmp.so.10.2.0>, 0x75000 <unfinished ...>
22654 1649798500.594510 <... open resumed>) = 3</usr/lib/libc-2.17.so>
22653 1649798500.594529 <... mmap resumed>) = 0x7f009f2e6000
22654 1649798500.594542 read(3</usr/lib/libc-2.17.so>,  <unfinished ...>
22653 1649798500.594563 close(3</usr/lib64/libgmp.so.10.2.0> <unfinished ...>
22654 1649798500.594578 <... read resumed>"\177ELF\1\1\1\3\0\0\0\0\0\0\0\0\3\0\3\0\1\0\0\0000\244\1\0004\0\0\0"..., 832) = 832
22653 1649798500.594594 <... close resumed>) = 0
22654 1649798500.594607 close(3</usr/lib/libc-2.17.so> <unfinished ...>
22653 1649798500.594628 open("/usr/local/lib/libz.so.1", O_RDONLY|O_CLOEXEC <unfinished ...>
22654 1649798500.594641 <... close resumed>) = 0
22653 1649798500.594654 <... open resumed>) = -1 ENOENT (No such file or directory)
22654 1649798500.594668 open("/lib64/libc.so.6", O_RDONLY|O_CLOEXEC <unfinished ...>
22653 1649798500.594685 open("/usr/lib/libz.so.1", O_RDONLY|O_CLOEXEC <unfinished ...>
22654 1649798500.594701 <... open resumed>) = 3</usr/lib64/libc-2.17.so>
22653 1649798500.594720 <... open resumed>) = 3</usr/lib/libz.so.1.2.7>
22654 1649798500.594739 read(3</usr/lib64/libc-2.17.so>,  <unfinished ...>
22653 1649798500.594760 read(3</usr/lib/libz.so.1.2.7>,  <unfinished ...>
22654 1649798500.594775 <... read resumed>"\177ELF\2\1\1\3\0\0\0\0\0\0\0\0\3\0>\0\1\0\0\0`&\2\0\0\0\0\0"..., 832) = 832
22653 1649798500.594791 <... read resumed>"\177ELF\1\1\1\0\0\0\0\0\0\0\0\0\3\0\3\0\1\0\0\0@\30\0\0004\0\0\0"..., 832) = 832
22653 1649798500.594818 close(3</usr/lib/libz.so.1.2.7>) = 0
22654 1649798500.594851 mmap(NULL, 3985920, PROT_READ|PROT_EXEC, MAP_PRIVATE|MAP_DENYWRITE, 3</usr/lib64/libc-2.17.so>, 0 <unfinished ...>
22653 1649798500.594872 open("/lib64/libz.so.1", O_RDONLY|O_CLOEXEC <unfinished ...>
22654 1649798500.594888 <... mmap resumed>) = 0x7fa410381000
22653 1649798500.594901 <... open resumed>) = 3</usr/lib64/libz.so.1.2.7>
22653 1649798500.594928 read(3</usr/lib64/libz.so.1.2.7>, "\177ELF\2\1\1\0\0\0\0\0\0\0\0\0\3\0>\0\1\0\0\0P!\0\0\0\0\0\0"..., 832) = 832
22654 1649798500.594966 mmap(0x7fa410744000, 24576, PROT_READ|PROT_WRITE, MAP_PRIVATE|MAP_FIXED|MAP_DENYWRITE, 3</usr/lib64/libc-2.17.so>, 0x1c3000) = 0x7fa410744000
22654 1649798500.595025 mmap(0x7fa41074a000, 16896, PROT_READ|PROT_WRITE, MAP_PRIVATE|MAP_FIXED|MAP_ANONYMOUS, -1, 0 <unfinished ...>
22653 1649798500.595037 mmap(NULL, 4096, PROT_READ|PROT_WRITE, MAP_PRIVATE|MAP_ANONYMOUS, -1, 0 <unfinished ...>
22654 1649798500.595052 <... mmap resumed>) = 0x7fa41074a000
22653 1649798500.595065 <... mmap resumed>) = 0x7f009fb4d000
22654 1649798500.595077 close(3</usr/lib64/libc-2.17.so> <unfinished ...>
22653 1649798500.595099 mmap(NULL, 2183272, PROT_READ|PROT_EXEC, MAP_PRIVATE|MAP_DENYWRITE, 3</usr/lib64/libz.so.1.2.7>, 0 <unfinished ...>
22654 1649798500.595122 <... close resumed>) = 0
22653 1649798500.595135 <... mmap resumed>) = 0x7f009ee5b000
22654 1649798500.595148 open("/usr/local/lib/libz.so.1", O_RDONLY|O_CLOEXEC) = -1 ENOENT (No such file or directory)
22654 1649798500.595193 open("/usr/lib/libz.so.1", O_RDONLY|O_CLOEXEC <unfinished ...>
22653 1649798500.595209 mmap(0x7f009f06f000, 8192, PROT_READ|PROT_WRITE, MAP_PRIVATE|MAP_FIXED|MAP_DENYWRITE, 3</usr/lib64/libz.so.1.2.7>, 0x14000 <unfinished ...>
22654 1649798500.595232 <... open resumed>) = 3</usr/lib/libz.so.1.2.7>
22653 1649798500.595251 <... mmap resumed>) = 0x7f009f06f000
22654 1649798500.595264 read(3</usr/lib/libz.so.1.2.7>,  <unfinished ...>
22653 1649798500.595283 close(3</usr/lib64/libz.so.1.2.7> <unfinished ...>
22654 1649798500.595303 <... read resumed>"\177ELF\1\1\1\0\0\0\0\0\0\0\0\0\3\0\3\0\1\0\0\0@\30\0\0004\0\0\0"..., 832) = 832
22653 1649798500.595316 <... close resumed>) = 0
22654 1649798500.595329 close(3</usr/lib/libz.so.1.2.7> <unfinished ...>
22653 1649798500.595350 open("/usr/local/lib/libm.so.6", O_RDONLY|O_CLOEXEC <unfinished ...>
22654 1649798500.595363 <... close resumed>) = 0
22653 1649798500.595376 <... open resumed>) = -1 ENOENT (No such file or directory)
22654 1649798500.595400 open("/lib64/libz.so.1", O_RDONLY|O_CLOEXEC <unfinished ...>
22653 1649798500.595414 open("/usr/lib/libm.so.6", O_RDONLY|O_CLOEXEC <unfinished ...>
22654 1649798500.595430 <... open resumed>) = 3</usr/lib64/libz.so.1.2.7>
22653 1649798500.595450 <... open resumed>) = 3</usr/lib/libm-2.17.so>
22654 1649798500.595469 read(3</usr/lib64/libz.so.1.2.7>,  <unfinished ...>
22653 1649798500.595490 read(3</usr/lib/libm-2.17.so>,  <unfinished ...>
22654 1649798500.595505 <... read resumed>"\177ELF\2\1\1\0\0\0\0\0\0\0\0\0\3\0>\0\1\0\0\0P!\0\0\0\0\0\0"..., 832) = 832
22653 1649798500.595522 <... read resumed>"\177ELF\1\1\1\3\0\0\0\0\0\0\0\0\3\0\3\0\1\0\0\0\220D\0\0004\0\0\0"..., 832) = 832
22653 1649798500.595548 close(3</usr/lib/libm-2.17.so>) = 0
22654 1649798500.595581 mmap(NULL, 4096, PROT_READ|PROT_WRITE, MAP_PRIVATE|MAP_ANONYMOUS, -1, 0 <unfinished ...>
22653 1649798500.595596 open("/lib64/libm.so.6", O_RDONLY|O_CLOEXEC <unfinished ...>
22654 1649798500.595612 <... mmap resumed>) = 0x7fa411225000
22653 1649798500.595625 <... open resumed>) = 3</usr/lib64/libm-2.17.so>
22654 1649798500.595645 mmap(NULL, 2183272, PROT_READ|PROT_EXEC, MAP_PRIVATE|MAP_DENYWRITE, 3</usr/lib64/libz.so.1.2.7>, 0 <unfinished ...>
22653 1649798500.595665 read(3</usr/lib64/libm-2.17.so>,  <unfinished ...>
22654 1649798500.595686 <... mmap resumed>) = 0x7fa41016b000
22653 1649798500.595695 <... read resumed>"\177ELF\2\1\1\3\0\0\0\0\0\0\0\0\3\0>\0\1\0\0\0PS\0\0\0\0\0\0"..., 832) = 832
22654 1649798500.595744 mmap(0x7fa41037f000, 8192, PROT_READ|PROT_WRITE, MAP_PRIVATE|MAP_FIXED|MAP_DENYWRITE, 3</usr/lib64/libz.so.1.2.7>, 0x14000 <unfinished ...>
22653 1649798500.595766 mmap(NULL, 3150136, PROT_READ|PROT_EXEC, MAP_PRIVATE|MAP_DENYWRITE, 3</usr/lib64/libm-2.17.so>, 0 <unfinished ...>
22654 1649798500.595787 <... mmap resumed>) = 0x7fa41037f000
22653 1649798500.595799 <... mmap resumed>) = 0x7f009eb59000
22654 1649798500.595821 close(3</usr/lib64/libz.so.1.2.7>) = 0
22653 1649798500.595871 mmap(0x7f009ee59000, 8192, PROT_READ|PROT_WRITE, MAP_PRIVATE|MAP_FIXED|MAP_DENYWRITE, 3</usr/lib64/libm-2.17.so>, 0x100000 <unfinished ...>
22654 1649798500.595893 mmap(NULL, 4096, PROT_READ|PROT_WRITE, MAP_PRIVATE|MAP_ANONYMOUS, -1, 0 <unfinished ...>
22653 1649798500.595908 <... mmap resumed>) = 0x7f009ee59000
22654 1649798500.595924 <... mmap resumed>) = 0x7fa411224000
22654 1649798500.595946 mmap(NULL, 8192, PROT_READ|PROT_WRITE, MAP_PRIVATE|MAP_ANONYMOUS, -1, 0 <unfinished ...>
22653 1649798500.595958 close(3</usr/lib64/libm-2.17.so> <unfinished ...>
22654 1649798500.595980 <... mmap resumed>) = 0x7fa411222000
22653 1649798500.595989 <... close resumed>) = 0
22653 1649798500.596022 open("/usr/local/lib/libc.so.6", O_RDONLY|O_CLOEXEC) = -1 ENOENT (No such file or directory)
22653 1649798500.596069 open("/usr/lib/libc.so.6", O_RDONLY|O_CLOEXEC) = 3</usr/lib/libc-2.17.so>
22653 1649798500.596123 read(3</usr/lib/libc-2.17.so>, "\177ELF\1\1\1\3\0\0\0\0\0\0\0\0\3\0\3\0\1\0\0\0000\244\1\0004\0\0\0"..., 832) = 832
22653 1649798500.596174 close(3</usr/lib/libc-2.17.so>) = 0
22653 1649798500.596231 open("/lib64/libc.so.6", O_RDONLY|O_CLOEXEC) = 3</usr/lib64/libc-2.17.so>
22653 1649798500.596282 read(3</usr/lib64/libc-2.17.so>, "\177ELF\2\1\1\3\0\0\0\0\0\0\0\0\3\0>\0\1\0\0\0`&\2\0\0\0\0\0"..., 832) = 832
22653 1649798500.596356 mmap(NULL, 3985920, PROT_READ|PROT_EXEC, MAP_PRIVATE|MAP_DENYWRITE, 3</usr/lib64/libc-2.17.so>, 0) = 0x7f009e78b000
22653 1649798500.596448 mmap(0x7f009eb4e000, 24576, PROT_READ|PROT_WRITE, MAP_PRIVATE|MAP_FIXED|MAP_DENYWRITE, 3</usr/lib64/libc-2.17.so>, 0x1c3000) = 0x7f009eb4e000
22653 1649798500.596509 mmap(0x7f009eb54000, 16896, PROT_READ|PROT_WRITE, MAP_PRIVATE|MAP_FIXED|MAP_ANONYMOUS, -1, 0) = 0x7f009eb54000
22653 1649798500.596561 close(3</usr/lib64/libc-2.17.so>) = 0
22653 1649798500.596626 mmap(NULL, 4096, PROT_READ|PROT_WRITE, MAP_PRIVATE|MAP_ANONYMOUS, -1, 0) = 0x7f009fb4c000
22653 1649798500.596703 mmap(NULL, 8192, PROT_READ|PROT_WRITE, MAP_PRIVATE|MAP_ANONYMOUS, -1, 0) = 0x7f009fb4a000
22653 1649798500.598421 open("/usr/lib/locale/locale-archive", O_RDONLY|O_CLOEXEC) = 3</usr/lib/locale/locale-archive>
22653 1649798500.598510 mmap(NULL, 106176928, PROT_READ, MAP_PRIVATE, 3</usr/lib/locale/locale-archive>, 0) = 0x7f0098248000
22653 1649798500.598565 close(3</usr/lib/locale/locale-archive>) = 0
22653 1649798500.598682 open("/usr/share/locale/locale.alias", O_RDONLY|O_CLOEXEC) = 3</usr/share/locale/locale.alias>
22653 1649798500.598796 mmap(NULL, 4096, PROT_READ|PROT_WRITE, MAP_PRIVATE|MAP_ANONYMOUS, -1, 0) = 0x7f009fb7f000
22653 1649798500.598838 read(3</usr/share/locale/locale.alias>, "# Locale name alias data base.\n#"..., 4096) = 2502
22653 1649798500.598922 read(3</usr/share/locale/locale.alias>, "", 4096) = 0
22653 1649798500.598976 close(3</usr/share/locale/locale.alias>) = 0
22653 1649798500.599095 open("/usr/share/locale/en_US.UTF-8/LC_MESSAGES/gcc.mo", O_RDONLY) = -1 ENOENT (No such file or directory)
22653 1649798500.599158 open("/usr/share/locale/en_US.utf8/LC_MESSAGES/gcc.mo", O_RDONLY) = -1 ENOENT (No such file or directory)
22653 1649798500.599200 open("/usr/share/locale/en_US/LC_MESSAGES/gcc.mo", O_RDONLY) = -1 ENOENT (No such file or directory)
22653 1649798500.599246 open("/usr/share/locale/en.UTF-8/LC_MESSAGES/gcc.mo", O_RDONLY) = -1 ENOENT (No such file or directory)
22654 1649798500.599287 open("/usr/lib/locale/locale-archive", O_RDONLY|O_CLOEXEC <unfinished ...>
22653 1649798500.599302 open("/usr/share/locale/en.utf8/LC_MESSAGES/gcc.mo", O_RDONLY <unfinished ...>
22654 1649798500.599318 <... open resumed>) = 3</usr/lib/locale/locale-archive>
22653 1649798500.599340 <... open resumed>) = -1 ENOENT (No such file or directory)
22653 1649798500.599364 open("/usr/share/locale/en/LC_MESSAGES/gcc.mo", O_RDONLY) = -1 ENOENT (No such file or directory)
22654 1649798500.599399 mmap(NULL, 106176928, PROT_READ, MAP_PRIVATE, 3</usr/lib/locale/locale-archive>, 0) = 0x7fa409c28000
22654 1649798500.599451 close(3</usr/lib/locale/locale-archive>) = 0
22654 1649798500.599671 mmap(NULL, 528384, PROT_READ|PROT_WRITE, MAP_PRIVATE|MAP_ANONYMOUS, -1, 0) = 0x7fa4111a1000
22653 1649798500.599713 mmap(NULL, 4096, PROT_READ|PROT_WRITE, MAP_PRIVATE|MAP_ANONYMOUS, -1, 0) = 0x7f009fb7f000
22653 1649798500.599789 mmap(NULL, 135168, PROT_READ|PROT_WRITE, MAP_PRIVATE|MAP_ANONYMOUS, -1, 0) = 0x7f009fb5e000
22653 1649798500.599904 mmap(NULL, 8192, PROT_READ|PROT_WRITE, MAP_PRIVATE|MAP_ANONYMOUS, -1, 0) = 0x7f009fb5c000
22653 1649798500.599954 mmap(NULL, 8192, PROT_READ|PROT_WRITE, MAP_PRIVATE|MAP_ANONYMOUS, -1, 0) = 0x7f009fb5a000
22653 1649798500.600003 mmap(NULL, 8192, PROT_READ|PROT_WRITE, MAP_PRIVATE|MAP_ANONYMOUS, -1, 0) = 0x7f009fb58000
22653 1649798500.600050 mmap(NULL, 8192, PROT_READ|PROT_WRITE, MAP_PRIVATE|MAP_ANONYMOUS, -1, 0) = 0x7f009fb56000
22653 1649798500.600098 mmap(NULL, 16384, PROT_READ|PROT_WRITE, MAP_PRIVATE|MAP_ANONYMOUS, -1, 0) = 0x7f009fb52000
22654 1649798500.600206 mmap(NULL, 528384, PROT_READ|PROT_WRITE, MAP_PRIVATE|MAP_ANONYMOUS, -1, 0) = 0x7fa411120000
22653 1649798500.600249 mmap(NULL, 2097152, PROT_READ|PROT_WRITE, MAP_PRIVATE|MAP_ANONYMOUS, -1, 0) = 0x7f0098048000
22653 1649798500.600572 open("/proc/meminfo", O_RDONLY|O_CLOEXEC) = 3</proc/meminfo>
22653 1649798500.600693 mmap(NULL, 4096, PROT_READ|PROT_WRITE, MAP_PRIVATE|MAP_ANONYMOUS, -1, 0) = 0x7f009fb51000
22653 1649798500.600739 read(3</proc/meminfo>,  <unfinished ...>
22654 1649798500.600763 mmap(NULL, 528384, PROT_READ|PROT_WRITE, MAP_PRIVATE|MAP_ANONYMOUS, -1, 0) = 0x7fa41109f000
22653 1649798500.600952 <... read resumed>"MemTotal:       263873548 kB\nMem"..., 1024) = 1024
22653 1649798500.601010 close(3</proc/meminfo>) = 0
22653 1649798500.601142 open("/proc/meminfo", O_RDONLY|O_CLOEXEC) = 3</proc/meminfo>
22653 1649798500.601233 mmap(NULL, 4096, PROT_READ|PROT_WRITE, MAP_PRIVATE|MAP_ANONYMOUS, -1, 0) = 0x7f009fb51000
22653 1649798500.601278 read(3</proc/meminfo>,  <unfinished ...>
22654 1649798500.601381 mmap(NULL, 528384, PROT_READ|PROT_WRITE, MAP_PRIVATE|MAP_ANONYMOUS, -1, 0 <unfinished ...>
22653 1649798500.601397 <... read resumed>"MemTotal:       263873548 kB\nMem"..., 1024) = 1024
22654 1649798500.601415 <... mmap resumed>) = 0x7fa409ba7000
22653 1649798500.601429 close(3</proc/meminfo>) = 0
22653 1649798500.601571 open("/proc/meminfo", O_RDONLY|O_CLOEXEC) = 3</proc/meminfo>
22653 1649798500.601663 mmap(NULL, 4096, PROT_READ|PROT_WRITE, MAP_PRIVATE|MAP_ANONYMOUS, -1, 0) = 0x7f009fb51000
22653 1649798500.601707 read(3</proc/meminfo>, "MemTotal:       263873548 kB\nMem"..., 1024) = 1024
22653 1649798500.601841 close(3</proc/meminfo>) = 0
22654 1649798500.601971 open("/tmp/cc8dfmoC.o", O_RDWR|O_CREAT|O_TRUNC, 0666) = 3</tmp/cc8dfmoC.o>
22654 1649798500.602270 mmap(NULL, 528384, PROT_READ|PROT_WRITE, MAP_PRIVATE|MAP_ANONYMOUS, -1, 0) = 0x7fa409b26000
22653 1649798500.603274 open("/dev/urandom", O_RDONLY) = 3</dev/urandom>
22653 1649798500.603339 read(3</dev/urandom>, "\357\370\331%\35\264\271\10", 8) = 8
22653 1649798500.603398 close(3</dev/urandom>) = 0
22654 1649798500.603440 mmap(NULL, 528384, PROT_READ|PROT_WRITE, MAP_PRIVATE|MAP_ANONYMOUS, -1, 0) = 0x7fa409aa5000
22653 1649798500.603799 open("mytime.c", O_RDONLY|O_NOCTTY <unfinished ...>
22654 1649798500.604124 open("/usr/share/locale/locale.alias", O_RDONLY|O_CLOEXEC) = 4</usr/share/locale/locale.alias>
22654 1649798500.604233 mmap(NULL, 4096, PROT_READ|PROT_WRITE, MAP_PRIVATE|MAP_ANONYMOUS, -1, 0) = 0x7fa411257000
22654 1649798500.604278 read(4</usr/share/locale/locale.alias>, "# Locale name alias data base.\n#"..., 4096) = 2502
22654 1649798500.604366 read(4</usr/share/locale/locale.alias>, "", 4096) = 0
22653 1649798500.604408 <... open resumed>) = 3</home/majors/vthomas/cop5570/finish/mytime.c>
22654 1649798500.604435 close(4</usr/share/locale/locale.alias>) = 0
22653 1649798500.604492 read(3</home/majors/vthomas/cop5570/finish/mytime.c>, "/*\n        Name: Vinson Thomas ("..., 2373) = 2373
22653 1649798500.604548 close(3</home/majors/vthomas/cop5570/finish/mytime.c> <unfinished ...>
22654 1649798500.604570 open("/usr/share/locale/en_US.UTF-8/LC_MESSAGES/gas.mo", O_RDONLY) = -1 ENOENT (No such file or directory)
22654 1649798500.604626 open("/usr/share/locale/en_US.utf8/LC_MESSAGES/gas.mo", O_RDONLY) = -1 ENOENT (No such file or directory)
22654 1649798500.604673 open("/usr/share/locale/en_US/LC_MESSAGES/gas.mo", O_RDONLY) = -1 ENOENT (No such file or directory)
22654 1649798500.604730 open("/usr/share/locale/en.UTF-8/LC_MESSAGES/gas.mo", O_RDONLY) = -1 ENOENT (No such file or directory)
22654 1649798500.604779 open("/usr/share/locale/en.utf8/LC_MESSAGES/gas.mo", O_RDONLY <unfinished ...>
22653 1649798500.604798 <... close resumed>) = 0
22654 1649798500.604812 <... open resumed>) = -1 ENOENT (No such file or directory)
22653 1649798500.604830 mmap(NULL, 16384, PROT_READ|PROT_WRITE, MAP_PRIVATE|MAP_ANONYMOUS, -1, 0 <unfinished ...>
22654 1649798500.604842 open("/usr/share/locale/en/LC_MESSAGES/gas.mo", O_RDONLY <unfinished ...>
22653 1649798500.604860 <... mmap resumed>) = 0x7f009fb46000
22654 1649798500.604874 <... open resumed>) = -1 ENOENT (No such file or directory)
22654 1649798500.604927 mmap(NULL, 4096, PROT_READ|PROT_WRITE, MAP_PRIVATE|MAP_ANONYMOUS, -1, 0) = 0x7fa411257000
22654 1649798500.604971 read(0<pipe:[22776063]>,  <unfinished ...>
22653 1649798500.605121 mmap(NULL, 8192, PROT_READ|PROT_WRITE, MAP_PRIVATE|MAP_ANONYMOUS, -1, 0) = 0x7f009fb50000
22653 1649798500.610511 mmap(NULL, 4096, PROT_READ|PROT_WRITE, MAP_PRIVATE|MAP_ANONYMOUS, -1, 0) = 0x7f009fb4f000
22653 1649798500.614218 open("/usr/lib/gcc/x86_64-redhat-linux/4.8.5/include/stdc-predef.h", O_RDONLY|O_NOCTTY) = -1 ENOENT (No such file or directory)
22653 1649798500.614406 open("/usr/local/include/stdc-predef.h", O_RDONLY|O_NOCTTY) = -1 ENOENT (No such file or directory)
22653 1649798500.614558 open("/usr/include/stdc-predef.h", O_RDONLY|O_NOCTTY) = 3</usr/include/stdc-predef.h>
22653 1649798500.614639 read(3</usr/include/stdc-predef.h>, "/* Copyright (C) 1991-2012 Free "..., 1629) = 1629
22653 1649798500.614690 close(3</usr/include/stdc-predef.h>) = 0
22653 1649798500.615170 open("/usr/lib/gcc/x86_64-redhat-linux/4.8.5/include/stdint.h", O_RDONLY|O_NOCTTY) = 3</usr/lib/gcc/x86_64-redhat-linux/4.8.2/include/stdint.h>
22653 1649798500.615252 read(3</usr/lib/gcc/x86_64-redhat-linux/4.8.2/include/stdint.h>, "#ifndef _GCC_WRAP_STDINT_H\n#if _"..., 328) = 328
22653 1649798500.615302 close(3</usr/lib/gcc/x86_64-redhat-linux/4.8.2/include/stdint.h>) = 0
22653 1649798500.615369 mmap(NULL, 16384, PROT_READ|PROT_WRITE, MAP_PRIVATE|MAP_ANONYMOUS, -1, 0) = 0x7f009fb42000
22653 1649798500.615554 open("/usr/local/include/stdint.h", O_RDONLY|O_NOCTTY) = -1 ENOENT (No such file or directory)
22653 1649798500.615680 open("/usr/include/stdint.h", O_RDONLY|O_NOCTTY) = 3</usr/include/stdint.h>
22653 1649798500.615758 read(3</usr/include/stdint.h>, "/* Copyright (C) 1997,1998,1999,"..., 8135) = 8135
22653 1649798500.615813 close(3</usr/include/stdint.h>) = 0
22653 1649798500.616120 open("/usr/lib/gcc/x86_64-redhat-linux/4.8.5/include/features.h", O_RDONLY|O_NOCTTY) = -1 ENOENT (No such file or directory)
22653 1649798500.616276 open("/usr/local/include/features.h", O_RDONLY|O_NOCTTY) = -1 ENOENT (No such file or directory)
22653 1649798500.616400 open("/usr/include/features.h", O_RDONLY|O_NOCTTY) = 3</usr/include/features.h>
22653 1649798500.616537 read(3</usr/include/features.h>, "/* Copyright (C) 1991-2012 Free "..., 13182) = 13182
22653 1649798500.616596 close(3</usr/include/features.h>) = 0
22653 1649798500.617072 open("/usr/lib/gcc/x86_64-redhat-linux/4.8.5/include/sys/cdefs.h", O_RDONLY|O_NOCTTY) = -1 ENOENT (No such file or directory)
22653 1649798500.617234 open("/usr/local/include/sys/cdefs.h", O_RDONLY|O_NOCTTY) = -1 ENOENT (No such file or directory)
22653 1649798500.617390 open("/usr/include/sys/cdefs.h", O_RDONLY|O_NOCTTY) = 3</usr/include/sys/cdefs.h>
22653 1649798500.617477 read(3</usr/include/sys/cdefs.h>, "/* Copyright (C) 1992-2002, 2004"..., 14738) = 14738
22653 1649798500.617533 close(3</usr/include/sys/cdefs.h>) = 0
22653 1649798500.618209 open("/usr/lib/gcc/x86_64-redhat-linux/4.8.5/include/bits/wordsize.h", O_RDONLY|O_NOCTTY) = -1 ENOENT (No such file or directory)
22653 1649798500.618364 open("/usr/local/include/bits/wordsize.h", O_RDONLY|O_NOCTTY) = -1 ENOENT (No such file or directory)
22653 1649798500.618516 open("/usr/include/bits/wordsize.h", O_RDONLY|O_NOCTTY) = 3</usr/include/bits/wordsize.h>
22653 1649798500.618601 read(3</usr/include/bits/wordsize.h>, "/* Determine the wordsize from t"..., 327) = 327
22653 1649798500.618651 close(3</usr/include/bits/wordsize.h>) = 0
22653 1649798500.619010 open("/usr/lib/gcc/x86_64-redhat-linux/4.8.5/include/gnu/stubs.h", O_RDONLY|O_NOCTTY) = -1 ENOENT (No such file or directory)
22653 1649798500.619175 open("/usr/local/include/gnu/stubs.h", O_RDONLY|O_NOCTTY) = -1 ENOENT (No such file or directory)
22653 1649798500.619331 open("/usr/include/gnu/stubs.h", O_RDONLY|O_NOCTTY) = 3</usr/include/gnu/stubs.h>
22653 1649798500.619409 read(3</usr/include/gnu/stubs.h>, "/* This file is automatically ge"..., 384) = 384
22653 1649798500.619461 close(3</usr/include/gnu/stubs.h>) = 0
22653 1649798500.619761 open("/usr/lib/gcc/x86_64-redhat-linux/4.8.5/include/gnu/stubs-64.h", O_RDONLY|O_NOCTTY) = -1 ENOENT (No such file or directory)
22653 1649798500.619913 open("/usr/local/include/gnu/stubs-64.h", O_RDONLY|O_NOCTTY) = -1 ENOENT (No such file or directory)
22653 1649798500.620064 open("/usr/include/gnu/stubs-64.h", O_RDONLY|O_NOCTTY) = 3</usr/include/gnu/stubs-64.h>
22653 1649798500.620148 read(3</usr/include/gnu/stubs-64.h>, "/* This file is automatically ge"..., 604) = 604
22653 1649798500.620198 close(3</usr/include/gnu/stubs-64.h>) = 0
22653 1649798500.620507 open("/usr/lib/gcc/x86_64-redhat-linux/4.8.5/include/bits/wchar.h", O_RDONLY|O_NOCTTY) = -1 ENOENT (No such file or directory)
22653 1649798500.620666 open("/usr/local/include/bits/wchar.h", O_RDONLY|O_NOCTTY) = -1 ENOENT (No such file or directory)
22653 1649798500.620809 open("/usr/include/bits/wchar.h", O_RDONLY|O_NOCTTY) = 3</usr/include/bits/wchar.h>
22653 1649798500.620884 read(3</usr/include/bits/wchar.h>, "/* wchar_t type related definiti"..., 1133) = 1133
22653 1649798500.620930 close(3</usr/include/bits/wchar.h>) = 0
22653 1649798500.620980 open("/usr/include/bits/wordsize.h", O_RDONLY|O_NOCTTY) = 3</usr/include/bits/wordsize.h>
22653 1649798500.621053 read(3</usr/include/bits/wordsize.h>, "/* Determine the wordsize from t"..., 327) = 327
22653 1649798500.621099 close(3</usr/include/bits/wordsize.h>) = 0
22653 1649798500.621183 open("/usr/include/bits/wordsize.h", O_RDONLY|O_NOCTTY) = 3</usr/include/bits/wordsize.h>
22653 1649798500.621259 read(3</usr/include/bits/wordsize.h>, "/* Determine the wordsize from t"..., 327) = 327
22653 1649798500.621305 close(3</usr/include/bits/wordsize.h>) = 0
22653 1649798500.621854 open("/usr/lib/gcc/x86_64-redhat-linux/4.8.5/include/stdio.h", O_RDONLY|O_NOCTTY) = -1 ENOENT (No such file or directory)
22653 1649798500.622002 open("/usr/local/include/stdio.h", O_RDONLY|O_NOCTTY) = -1 ENOENT (No such file or directory)
22653 1649798500.622128 open("/usr/include/stdio.h", O_RDONLY|O_NOCTTY) = 3</usr/include/stdio.h>
22653 1649798500.622204 read(3</usr/include/stdio.h>, "/* Define ISO C stdio on top of "..., 31641) = 31641
22653 1649798500.622258 close(3</usr/include/stdio.h>) = 0
22653 1649798500.622547 open("/usr/lib/gcc/x86_64-redhat-linux/4.8.5/include/stddef.h", O_RDONLY|O_NOCTTY) = 3</usr/lib/gcc/x86_64-redhat-linux/4.8.2/include/stddef.h>
22653 1649798500.622622 read(3</usr/lib/gcc/x86_64-redhat-linux/4.8.2/include/stddef.h>, "/* Copyright (C) 1989-2013 Free "..., 13619) = 13619
22653 1649798500.622672 close(3</usr/lib/gcc/x86_64-redhat-linux/4.8.2/include/stddef.h>) = 0
22653 1649798500.623165 open("/usr/lib/gcc/x86_64-redhat-linux/4.8.5/include/bits/types.h", O_RDONLY|O_NOCTTY) = -1 ENOENT (No such file or directory)
22653 1649798500.623313 open("/usr/local/include/bits/types.h", O_RDONLY|O_NOCTTY) = -1 ENOENT (No such file or directory)
22653 1649798500.623464 open("/usr/include/bits/types.h", O_RDONLY|O_NOCTTY) = 3</usr/include/bits/types.h>
22653 1649798500.623539 read(3</usr/include/bits/types.h>, "/* bits/types.h -- definitions o"..., 7729) = 7729
22653 1649798500.623587 close(3</usr/include/bits/types.h>) = 0
22653 1649798500.623640 open("/usr/include/bits/wordsize.h", O_RDONLY|O_NOCTTY) = 3</usr/include/bits/wordsize.h>
22653 1649798500.623712 read(3</usr/include/bits/wordsize.h>, "/* Determine the wordsize from t"..., 327) = 327
22653 1649798500.623762 close(3</usr/include/bits/wordsize.h>) = 0
22653 1649798500.624134 open("/usr/lib/gcc/x86_64-redhat-linux/4.8.5/include/bits/typesizes.h", O_RDONLY|O_NOCTTY) = -1 ENOENT (No such file or directory)
22653 1649798500.624282 open("/usr/local/include/bits/typesizes.h", O_RDONLY|O_NOCTTY) = -1 ENOENT (No such file or directory)
22653 1649798500.624432 open("/usr/include/bits/typesizes.h", O_RDONLY|O_NOCTTY) = 3</usr/include/bits/typesizes.h>
22653 1649798500.624508 read(3</usr/include/bits/typesizes.h>, "/* bits/typesizes.h -- underlyin"..., 3225) = 3225
22653 1649798500.624554 close(3</usr/include/bits/typesizes.h>) = 0
22653 1649798500.625158 open("/usr/lib/gcc/x86_64-redhat-linux/4.8.5/include/libio.h", O_RDONLY|O_NOCTTY) = -1 ENOENT (No such file or directory)
22653 1649798500.625305 open("/usr/local/include/libio.h", O_RDONLY|O_NOCTTY) = -1 ENOENT (No such file or directory)
22653 1649798500.625423 open("/usr/include/libio.h", O_RDONLY|O_NOCTTY) = 3</usr/include/libio.h>
22653 1649798500.625507 read(3</usr/include/libio.h>, "/* Copyright (C) 1991-1995,1997-"..., 17276) = 17276
22653 1649798500.625566 close(3</usr/include/libio.h>) = 0
22653 1649798500.625844 open("/usr/lib/gcc/x86_64-redhat-linux/4.8.5/include/_G_config.h", O_RDONLY|O_NOCTTY) = -1 ENOENT (No such file or directory)
22653 1649798500.625988 open("/usr/local/include/_G_config.h", O_RDONLY|O_NOCTTY) = -1 ENOENT (No such file or directory)
22653 1649798500.626105 open("/usr/include/_G_config.h", O_RDONLY|O_NOCTTY) = 3</usr/include/_G_config.h>
22653 1649798500.626192 read(3</usr/include/_G_config.h>, "/* This file is needed by libio "..., 1287) = 1287
22653 1649798500.626237 close(3</usr/include/_G_config.h>) = 0
22653 1649798500.626288 open("/usr/lib/gcc/x86_64-redhat-linux/4.8.5/include/stddef.h", O_RDONLY|O_NOCTTY) = 3</usr/lib/gcc/x86_64-redhat-linux/4.8.2/include/stddef.h>
22653 1649798500.626363 read(3</usr/lib/gcc/x86_64-redhat-linux/4.8.2/include/stddef.h>, "/* Copyright (C) 1989-2013 Free "..., 13619) = 13619
22653 1649798500.626410 close(3</usr/lib/gcc/x86_64-redhat-linux/4.8.2/include/stddef.h>) = 0
22653 1649798500.626844 open("/usr/lib/gcc/x86_64-redhat-linux/4.8.5/include/wchar.h", O_RDONLY|O_NOCTTY) = -1 ENOENT (No such file or directory)
22653 1649798500.626992 open("/usr/local/include/wchar.h", O_RDONLY|O_NOCTTY) = -1 ENOENT (No such file or directory)
22653 1649798500.627115 open("/usr/include/wchar.h", O_RDONLY|O_NOCTTY) = 3</usr/include/wchar.h>
22653 1649798500.627202 read(3</usr/include/wchar.h>, "/* Copyright (C) 1995-2008, 2009"..., 32119) = 32119
22653 1649798500.627274 close(3</usr/include/wchar.h>) = 0
22653 1649798500.627966 open("/usr/lib/gcc/x86_64-redhat-linux/4.8.5/include/stdarg.h", O_RDONLY|O_NOCTTY) = 3</usr/lib/gcc/x86_64-redhat-linux/4.8.2/include/stdarg.h>
22653 1649798500.628043 read(3</usr/lib/gcc/x86_64-redhat-linux/4.8.2/include/stdarg.h>, "/* Copyright (C) 1989-2013 Free "..., 4075) = 4075
22653 1649798500.628089 close(3</usr/lib/gcc/x86_64-redhat-linux/4.8.2/include/stdarg.h>) = 0
22653 1649798500.629094 open("/usr/lib/gcc/x86_64-redhat-linux/4.8.5/include/bits/stdio_lim.h", O_RDONLY|O_NOCTTY) = -1 ENOENT (No such file or directory)
22653 1649798500.629264 open("/usr/local/include/bits/stdio_lim.h", O_RDONLY|O_NOCTTY) = -1 ENOENT (No such file or directory)
22653 1649798500.629407 open("/usr/include/bits/stdio_lim.h", O_RDONLY|O_NOCTTY) = 3</usr/include/bits/stdio_lim.h>
22653 1649798500.629486 read(3</usr/include/bits/stdio_lim.h>, "/* Copyright (C) 1994, 1997, 199"..., 1373) = 1373
22653 1649798500.629533 close(3</usr/include/bits/stdio_lim.h>) = 0
22653 1649798500.630662 open("/usr/lib/gcc/x86_64-redhat-linux/4.8.5/include/bits/sys_errlist.h", O_RDONLY|O_NOCTTY) = -1 ENOENT (No such file or directory)
22653 1649798500.630807 open("/usr/local/include/bits/sys_errlist.h", O_RDONLY|O_NOCTTY) = -1 ENOENT (No such file or directory)
22653 1649798500.630945 open("/usr/include/bits/sys_errlist.h", O_RDONLY|O_NOCTTY) = 3</usr/include/bits/sys_errlist.h>
22653 1649798500.631020 read(3</usr/include/bits/sys_errlist.h>, "/* Declare sys_errlist and sys_n"..., 1215) = 1215
22653 1649798500.631065 close(3</usr/include/bits/sys_errlist.h>) = 0
22653 1649798500.631441 open("/usr/lib/gcc/x86_64-redhat-linux/4.8.5/include/stdlib.h", O_RDONLY|O_NOCTTY) = -1 ENOENT (No such file or directory)
22653 1649798500.631592 open("/usr/local/include/stdlib.h", O_RDONLY|O_NOCTTY) = -1 ENOENT (No such file or directory)
22653 1649798500.631706 open("/usr/include/stdlib.h", O_RDONLY|O_NOCTTY) = 3</usr/include/stdlib.h>
22653 1649798500.631778 read(3</usr/include/stdlib.h>, "/* Copyright (C) 1991-2007, 2009"..., 34030) = 34030
22653 1649798500.631830 close(3</usr/include/stdlib.h>) = 0
22653 1649798500.631881 open("/usr/lib/gcc/x86_64-redhat-linux/4.8.5/include/stddef.h", O_RDONLY|O_NOCTTY) = 3</usr/lib/gcc/x86_64-redhat-linux/4.8.2/include/stddef.h>
22653 1649798500.631954 read(3</usr/lib/gcc/x86_64-redhat-linux/4.8.2/include/stddef.h>, "/* Copyright (C) 1989-2013 Free "..., 13619) = 13619
22653 1649798500.632000 close(3</usr/lib/gcc/x86_64-redhat-linux/4.8.2/include/stddef.h>) = 0
22653 1649798500.632612 mmap(NULL, 65536, PROT_READ|PROT_WRITE, MAP_PRIVATE|MAP_ANONYMOUS, -1, 0) = 0x7f009fb32000
22653 1649798500.633489 open("/usr/lib/gcc/x86_64-redhat-linux/4.8.5/include/bits/stdlib-float.h", O_RDONLY|O_NOCTTY) = -1 ENOENT (No such file or directory)
22653 1649798500.633711 open("/usr/local/include/bits/stdlib-float.h", O_RDONLY|O_NOCTTY) = -1 ENOENT (No such file or directory)
22653 1649798500.633903 open("/usr/include/bits/stdlib-float.h", O_RDONLY|O_NOCTTY) = 3</usr/include/bits/stdlib-float.h>
22653 1649798500.634004 read(3</usr/include/bits/stdlib-float.h>, "/* Floating-point inline functio"..., 1151) = 1151
22653 1649798500.634057 close(3</usr/include/bits/stdlib-float.h>) = 0
22653 1649798500.634372 open("/usr/lib/gcc/x86_64-redhat-linux/4.8.5/include/sys/types.h", O_RDONLY|O_NOCTTY) = -1 ENOENT (No such file or directory)
22653 1649798500.634532 open("/usr/local/include/sys/types.h", O_RDONLY|O_NOCTTY) = -1 ENOENT (No such file or directory)
22653 1649798500.634679 open("/usr/include/sys/types.h", O_RDONLY|O_NOCTTY) = 3</usr/include/sys/types.h>
22653 1649798500.634757 read(3</usr/include/sys/types.h>, "/* Copyright (C) 1991,1992,1994-"..., 6771) = 6771
22653 1649798500.634806 close(3</usr/include/sys/types.h>) = 0
22653 1649798500.635173 open("/usr/lib/gcc/x86_64-redhat-linux/4.8.5/include/time.h", O_RDONLY|O_NOCTTY) = -1 ENOENT (No such file or directory)
22653 1649798500.635326 open("/usr/local/include/time.h", O_RDONLY|O_NOCTTY) = -1 ENOENT (No such file or directory)
22653 1649798500.635447 open("/usr/include/time.h", O_RDONLY|O_NOCTTY) = 3</usr/include/time.h>
22653 1649798500.635526 read(3</usr/include/time.h>, "/* Copyright (C) 1991-2012 Free "..., 13724) = 13724
22653 1649798500.635577 close(3</usr/include/time.h>) = 0
22653 1649798500.635801 open("/usr/lib/gcc/x86_64-redhat-linux/4.8.5/include/stddef.h", O_RDONLY|O_NOCTTY) = 3</usr/lib/gcc/x86_64-redhat-linux/4.8.2/include/stddef.h>
22653 1649798500.635881 read(3</usr/lib/gcc/x86_64-redhat-linux/4.8.2/include/stddef.h>, "/* Copyright (C) 1989-2013 Free "..., 13619) = 13619
22653 1649798500.635931 close(3</usr/lib/gcc/x86_64-redhat-linux/4.8.2/include/stddef.h>) = 0
22653 1649798500.636492 open("/usr/lib/gcc/x86_64-redhat-linux/4.8.5/include/sys/stat.h", O_RDONLY|O_NOCTTY) = -1 ENOENT (No such file or directory)
22653 1649798500.636641 open("/usr/local/include/sys/stat.h", O_RDONLY|O_NOCTTY) = -1 ENOENT (No such file or directory)
22653 1649798500.636787 open("/usr/include/sys/stat.h", O_RDONLY|O_NOCTTY) = 3</usr/include/sys/stat.h>
22653 1649798500.636865 read(3</usr/include/sys/stat.h>, "/* Copyright (C) 1991, 1992, 199"..., 16621) = 16621
22653 1649798500.636917 close(3</usr/include/sys/stat.h>) = 0
22653 1649798500.637238 open("/usr/lib/gcc/x86_64-redhat-linux/4.8.5/include/bits/stat.h", O_RDONLY|O_NOCTTY) = -1 ENOENT (No such file or directory)
22653 1649798500.637388 open("/usr/local/include/bits/stat.h", O_RDONLY|O_NOCTTY) = -1 ENOENT (No such file or directory)
22653 1649798500.637543 open("/usr/include/bits/stat.h", O_RDONLY|O_NOCTTY) = 3</usr/include/bits/stat.h>
22653 1649798500.637621 read(3</usr/include/bits/stat.h>, "/* Copyright (C) 1999-2012 Free "..., 7641) = 7641
22653 1649798500.637670 close(3</usr/include/bits/stat.h>) = 0
22653 1649798500.638487 open("/usr/lib/gcc/x86_64-redhat-linux/4.8.5/include/unistd.h", O_RDONLY|O_NOCTTY) = -1 ENOENT (No such file or directory)
22653 1649798500.638637 open("/usr/local/include/unistd.h", O_RDONLY|O_NOCTTY) = -1 ENOENT (No such file or directory)
22653 1649798500.638757 open("/usr/include/unistd.h", O_RDONLY|O_NOCTTY) = 3</usr/include/unistd.h>
22653 1649798500.638835 read(3</usr/include/unistd.h>, "/* Copyright (C) 1991-2009, 2010"..., 42780) = 42780
22653 1649798500.638890 close(3</usr/include/unistd.h>) = 0
22653 1649798500.639229 open("/usr/lib/gcc/x86_64-redhat-linux/4.8.5/include/bits/posix_opt.h", O_RDONLY|O_NOCTTY) = -1 ENOENT (No such file or directory)
22653 1649798500.639377 open("/usr/local/include/bits/posix_opt.h", O_RDONLY|O_NOCTTY) = -1 ENOENT (No such file or directory)
22653 1649798500.639522 open("/usr/include/bits/posix_opt.h", O_RDONLY|O_NOCTTY) = 3</usr/include/bits/posix_opt.h>
22653 1649798500.639599 read(3</usr/include/bits/posix_opt.h>, "/* Define POSIX options for Linu"..., 5784) = 5784
22653 1649798500.639648 close(3</usr/include/bits/posix_opt.h>) = 0
22653 1649798500.639771 open("/usr/lib/gcc/x86_64-redhat-linux/4.8.5/include/stddef.h", O_RDONLY|O_NOCTTY) = 3</usr/lib/gcc/x86_64-redhat-linux/4.8.2/include/stddef.h>
22653 1649798500.639849 read(3</usr/lib/gcc/x86_64-redhat-linux/4.8.2/include/stddef.h>, "/* Copyright (C) 1989-2013 Free "..., 13619) = 13619
22653 1649798500.639899 close(3</usr/lib/gcc/x86_64-redhat-linux/4.8.2/include/stddef.h>) = 0
