22646 1649798500.437459 execve("/usr/sfw/bin/as", ["as", "--64", "-o", "/tmp/ccW9sktt.o"], ["MODULEPATH=/usr/share/Modules/mo"..., "SHELL=/bin/tcsh", "MACHTYPE=x86_64", "QT_PLUGIN_PATH=/usr/lib64/kde4/p"..., "LESSOPEN=||/usr/bin/lesspipe.sh "..., "SSH_CONNECTION=98.230.12.81 4949"..., "PATH=/home/majors/vthomas/.bin:/"..., "QT_GRAPHICSSYSTEM_CHECKED=1", "DOMAINNAME=cs.fsu.edu", "SSH_TTY=/dev/pts/7", "XDG_RUNTIME_DIR=/run/user/90458", "VENDOR=unknown", "LS_COLORS=rs=0:di=01;34:ln=01;36"..., "NEWSHEADER=Newsgroups: %(%F=^$?%"..., "SSH_AUTH_SOCK=/tmp/ssh-goSzJkYo4"..., "KDEDIRS=/usr", "PWD=/home/majors/vthomas/cop5570"..., "MANPATH=/usr/man:/usr/bin/man:/u"..., "HOME=/home/majors/vthomas", "LD_LIBRARY_PATH=/usr/local/lib:/"..., "MODULESHOME=/usr/share/Modules", "LOGNAME=vthomas", "MAILHEADER=Newsgroups: %(%n=^$?%"..., "HOSTNAME=linprog4.cs.fsu.edu", "OSTYPE=linux", "SHLVL=1", "XDG_SESSION_ID=28786", "USER=vthomas", "QTLIB=/usr/lib64/qt-3.3/lib", "REMOTEHOST=c-98-230-12-81.hsd1.f"..., "MAKEFLAGS=", "MFLAGS=", "SSH_CLIENT=98.230.12.81 49494 22", "MAIL=/var/spool/mail/vthomas", "LOADEDMODULES=", "OPENWINHOME=/usr/openwin", "EDITOR=nano", "HOSTTYPE=x86_64", "GROUP=CS-Majors", "MACHINE=linprog4.cs.fsu.edu", "QTINC=/usr/lib64/qt-3.3/include", "QTDIR=/usr/lib64/qt-3.3", "NNTPSERVER=news.fsu.edu", "ORGANIZATION=FSU Computer Scienc"..., "LANG=en_US.UTF-8", "_pam_krb5_stash_vthomas_CS.FSU.E"..., "TERM=vt100", "HOST=linprog4.cs.fsu.edu", "MAKELEVEL=1", "COLLECT_GCC=gcc", "COLLECT_LTO_WRAPPER=/usr/libexec"..., "COLLECT_GCC_OPTIONS='-pipe' '-st"...] <unfinished ...>
22645 1649798500.437714 <... open resumed>) = -1 ENOENT (No such file or directory)
22646 1649798500.437729 <... execve resumed>) = -1 ENOENT (No such file or directory)
22646 1649798500.437751 execve("/bin/as", ["as", "--64", "-o", "/tmp/ccW9sktt.o"], ["MODULEPATH=/usr/share/Modules/mo"..., "SHELL=/bin/tcsh", "MACHTYPE=x86_64", "QT_PLUGIN_PATH=/usr/lib64/kde4/p"..., "LESSOPEN=||/usr/bin/lesspipe.sh "..., "SSH_CONNECTION=98.230.12.81 4949"..., "PATH=/home/majors/vthomas/.bin:/"..., "QT_GRAPHICSSYSTEM_CHECKED=1", "DOMAINNAME=cs.fsu.edu", "SSH_TTY=/dev/pts/7", "XDG_RUNTIME_DIR=/run/user/90458", "VENDOR=unknown", "LS_COLORS=rs=0:di=01;34:ln=01;36"..., "NEWSHEADER=Newsgroups: %(%F=^$?%"..., "SSH_AUTH_SOCK=/tmp/ssh-goSzJkYo4"..., "KDEDIRS=/usr", "PWD=/home/majors/vthomas/cop5570"..., "MANPATH=/usr/man:/usr/bin/man:/u"..., "HOME=/home/majors/vthomas", "LD_LIBRARY_PATH=/usr/local/lib:/"..., "MODULESHOME=/usr/share/Modules", "LOGNAME=vthomas", "MAILHEADER=Newsgroups: %(%n=^$?%"..., "HOSTNAME=linprog4.cs.fsu.edu", "OSTYPE=linux", "SHLVL=1", "XDG_SESSION_ID=28786", "USER=vthomas", "QTLIB=/usr/lib64/qt-3.3/lib", "REMOTEHOST=c-98-230-12-81.hsd1.f"..., "MAKEFLAGS=", "MFLAGS=", "SSH_CLIENT=98.230.12.81 49494 22", "MAIL=/var/spool/mail/vthomas", "LOADEDMODULES=", "OPENWINHOME=/usr/openwin", "EDITOR=nano", "HOSTTYPE=x86_64", "GROUP=CS-Majors", "MACHINE=linprog4.cs.fsu.edu", "QTINC=/usr/lib64/qt-3.3/include", "QTDIR=/usr/lib64/qt-3.3", "NNTPSERVER=news.fsu.edu", "ORGANIZATION=FSU Computer Scienc"..., "LANG=en_US.UTF-8", "_pam_krb5_stash_vthomas_CS.FSU.E"..., "TERM=vt100", "HOST=linprog4.cs.fsu.edu", "MAKELEVEL=1", "COLLECT_GCC=gcc", "COLLECT_LTO_WRAPPER=/usr/libexec"..., "COLLECT_GCC_OPTIONS='-pipe' '-st"...] <unfinished ...>
22645 1649798500.438104 open("/usr/local/lib/x86_64/libdl.so.2", O_RDONLY|O_CLOEXEC) = -1 ENOENT (No such file or directory)
22644 1649798500.438202 close(3<pipe:[22182512]>) = 0
22645 1649798500.438256 open("/usr/local/lib/libdl.so.2", O_RDONLY|O_CLOEXEC) = -1 ENOENT (No such file or directory)
22646 1649798500.438309 <... execve resumed>) = 0
22645 1649798500.438350 open("/usr/lib/tls/x86_64/libdl.so.2", O_RDONLY|O_CLOEXEC) = -1 ENOENT (No such file or directory)
22645 1649798500.438431 open("/usr/lib/tls/libdl.so.2", O_RDONLY|O_CLOEXEC <unfinished ...>
22646 1649798500.438464 mmap(NULL, 4096, PROT_READ|PROT_WRITE, MAP_PRIVATE|MAP_ANONYMOUS, -1, 0 <unfinished ...>
22645 1649798500.438480 <... open resumed>) = -1 ENOENT (No such file or directory)
22646 1649798500.438499 <... mmap resumed>) = 0x7f66737a3000
22645 1649798500.438545 open("/usr/lib/x86_64/libdl.so.2", O_RDONLY|O_CLOEXEC) = -1 ENOENT (No such file or directory)
22646 1649798500.438592 open("/usr/local/lib/tls/x86_64/libopcodes-2.27-44.base.el7_9.1.so", O_RDONLY|O_CLOEXEC) = -1 ENOENT (No such file or directory)
22645 1649798500.438643 open("/usr/lib/libdl.so.2", O_RDONLY|O_CLOEXEC) = 3</usr/lib/libdl-2.17.so>
22646 1649798500.438695 open("/usr/local/lib/tls/libopcodes-2.27-44.base.el7_9.1.so", O_RDONLY|O_CLOEXEC <unfinished ...>
22645 1649798500.438709 read(3</usr/lib/libdl-2.17.so>,  <unfinished ...>
22646 1649798500.438730 <... open resumed>) = -1 ENOENT (No such file or directory)
22645 1649798500.438748 <... read resumed>"\177ELF\1\1\1\0\0\0\0\0\0\0\0\0\3\0\3\0\1\0\0\0000\n\0\0004\0\0\0"..., 832) = 832
22645 1649798500.438774 close(3</usr/lib/libdl-2.17.so>) = 0
22646 1649798500.438813 open("/usr/local/lib/x86_64/libopcodes-2.27-44.base.el7_9.1.so", O_RDONLY|O_CLOEXEC) = -1 ENOENT (No such file or directory)
22645 1649798500.438862 open("/opt/sfw/lib/tls/x86_64/libdl.so.2", O_RDONLY|O_CLOEXEC) = -1 ENOENT (No such file or directory)
22646 1649798500.438901 open("/usr/local/lib/libopcodes-2.27-44.base.el7_9.1.so", O_RDONLY|O_CLOEXEC) = -1 ENOENT (No such file or directory)
22645 1649798500.438949 open("/opt/sfw/lib/tls/libdl.so.2", O_RDONLY|O_CLOEXEC) = -1 ENOENT (No such file or directory)
22646 1649798500.438995 open("/usr/lib/tls/x86_64/libopcodes-2.27-44.base.el7_9.1.so", O_RDONLY|O_CLOEXEC) = -1 ENOENT (No such file or directory)
22645 1649798500.439043 open("/opt/sfw/lib/x86_64/libdl.so.2", O_RDONLY|O_CLOEXEC) = -1 ENOENT (No such file or directory)
22646 1649798500.439081 open("/usr/lib/tls/libopcodes-2.27-44.base.el7_9.1.so", O_RDONLY|O_CLOEXEC) = -1 ENOENT (No such file or directory)
22645 1649798500.439142 open("/opt/sfw/lib/libdl.so.2", O_RDONLY|O_CLOEXEC) = -1 ENOENT (No such file or directory)
22646 1649798500.439180 open("/usr/lib/x86_64/libopcodes-2.27-44.base.el7_9.1.so", O_RDONLY|O_CLOEXEC) = -1 ENOENT (No such file or directory)
22645 1649798500.439228 open("/usr/sfw/lib/tls/x86_64/libdl.so.2", O_RDONLY|O_CLOEXEC) = -1 ENOENT (No such file or directory)
22646 1649798500.439266 open("/usr/lib/libopcodes-2.27-44.base.el7_9.1.so", O_RDONLY|O_CLOEXEC) = -1 ENOENT (No such file or directory)
22645 1649798500.439314 open("/usr/sfw/lib/tls/libdl.so.2", O_RDONLY|O_CLOEXEC) = -1 ENOENT (No such file or directory)
22646 1649798500.439352 open("/opt/sfw/lib/tls/x86_64/libopcodes-2.27-44.base.el7_9.1.so", O_RDONLY|O_CLOEXEC) = -1 ENOENT (No such file or directory)
22645 1649798500.439400 open("/usr/sfw/lib/x86_64/libdl.so.2", O_RDONLY|O_CLOEXEC) = -1 ENOENT (No such file or directory)
22646 1649798500.439439 open("/opt/sfw/lib/tls/libopcodes-2.27-44.base.el7_9.1.so", O_RDONLY|O_CLOEXEC) = -1 ENOENT (No such file or directory)
22645 1649798500.439487 open("/usr/sfw/lib/libdl.so.2", O_RDONLY|O_CLOEXEC) = -1 ENOENT (No such file or directory)
22646 1649798500.439525 open("/opt/sfw/lib/x86_64/libopcodes-2.27-44.base.el7_9.1.so", O_RDONLY|O_CLOEXEC) = -1 ENOENT (No such file or directory)
22645 1649798500.439573 open("/usr/ccs/lib/tls/x86_64/libdl.so.2", O_RDONLY|O_CLOEXEC) = -1 ENOENT (No such file or directory)
22646 1649798500.439611 open("/opt/sfw/lib/libopcodes-2.27-44.base.el7_9.1.so", O_RDONLY|O_CLOEXEC) = -1 ENOENT (No such file or directory)
22645 1649798500.439659 open("/usr/ccs/lib/tls/libdl.so.2", O_RDONLY|O_CLOEXEC) = -1 ENOENT (No such file or directory)
22646 1649798500.439697 open("/usr/sfw/lib/tls/x86_64/libopcodes-2.27-44.base.el7_9.1.so", O_RDONLY|O_CLOEXEC) = -1 ENOENT (No such file or directory)
22645 1649798500.439745 open("/usr/ccs/lib/x86_64/libdl.so.2", O_RDONLY|O_CLOEXEC) = -1 ENOENT (No such file or directory)
22646 1649798500.439783 open("/usr/sfw/lib/tls/libopcodes-2.27-44.base.el7_9.1.so", O_RDONLY|O_CLOEXEC) = -1 ENOENT (No such file or directory)
22645 1649798500.439831 open("/usr/ccs/lib/libdl.so.2", O_RDONLY|O_CLOEXEC) = -1 ENOENT (No such file or directory)
22646 1649798500.439869 open("/usr/sfw/lib/x86_64/libopcodes-2.27-44.base.el7_9.1.so", O_RDONLY|O_CLOEXEC) = -1 ENOENT (No such file or directory)
22645 1649798500.439920 open("/etc/ld.so.cache", O_RDONLY|O_CLOEXEC) = 3</etc/ld.so.cache>
22646 1649798500.439962 open("/usr/sfw/lib/libopcodes-2.27-44.base.el7_9.1.so", O_RDONLY|O_CLOEXEC) = -1 ENOENT (No such file or directory)
22645 1649798500.440016 mmap(NULL, 199697, PROT_READ, MAP_PRIVATE, 3</etc/ld.so.cache>, 0) = 0x7f00027d3000
22646 1649798500.440061 open("/usr/ccs/lib/tls/x86_64/libopcodes-2.27-44.base.el7_9.1.so", O_RDONLY|O_CLOEXEC <unfinished ...>
22645 1649798500.440075 close(3</etc/ld.so.cache> <unfinished ...>
22646 1649798500.440097 <... open resumed>) = -1 ENOENT (No such file or directory)
22645 1649798500.440116 <... close resumed>) = 0
22645 1649798500.440166 open("/lib64/libdl.so.2", O_RDONLY|O_CLOEXEC <unfinished ...>
22646 1649798500.440186 open("/usr/ccs/lib/tls/libopcodes-2.27-44.base.el7_9.1.so", O_RDONLY|O_CLOEXEC <unfinished ...>
22645 1649798500.440204 <... open resumed>) = 3</usr/lib64/libdl-2.17.so>
22646 1649798500.440228 <... open resumed>) = -1 ENOENT (No such file or directory)
22645 1649798500.440241 read(3</usr/lib64/libdl-2.17.so>, "\177ELF\2\1\1\0\0\0\0\0\0\0\0\0\3\0>\0\1\0\0\0P\16\0\0\0\0\0\0"..., 832) = 832
22646 1649798500.440302 open("/usr/ccs/lib/x86_64/libopcodes-2.27-44.base.el7_9.1.so", O_RDONLY|O_CLOEXEC) = -1 ENOENT (No such file or directory)
22645 1649798500.440343 mmap(NULL, 2109744, PROT_READ|PROT_EXEC, MAP_PRIVATE|MAP_DENYWRITE, 3</usr/lib64/libdl-2.17.so>, 0) = 0x7f00023e0000
22646 1649798500.440402 open("/usr/ccs/lib/libopcodes-2.27-44.base.el7_9.1.so", O_RDONLY|O_CLOEXEC) = -1 ENOENT (No such file or directory)
22645 1649798500.440447 mmap(0x7f00025e2000, 8192, PROT_READ|PROT_WRITE, MAP_PRIVATE|MAP_FIXED|MAP_DENYWRITE, 3</usr/lib64/libdl-2.17.so>, 0x2000) = 0x7f00025e2000
22646 1649798500.440511 open("/etc/ld.so.cache", O_RDONLY|O_CLOEXEC <unfinished ...>
22645 1649798500.440526 close(3</usr/lib64/libdl-2.17.so> <unfinished ...>
22646 1649798500.440549 <... open resumed>) = 3</etc/ld.so.cache>
22645 1649798500.440567 <... close resumed>) = 0
22645 1649798500.440592 open("/usr/local/lib/libmpc.so.3", O_RDONLY|O_CLOEXEC) = -1 ENOENT (No such file or directory)
22646 1649798500.440626 mmap(NULL, 199697, PROT_READ, MAP_PRIVATE, 3</etc/ld.so.cache>, 0 <unfinished ...>
22645 1649798500.440648 open("/usr/lib/libmpc.so.3", O_RDONLY|O_CLOEXEC <unfinished ...>
22646 1649798500.440668 <... mmap resumed>) = 0x7f6673772000
22645 1649798500.440678 <... open resumed>) = -1 ENOENT (No such file or directory)
22646 1649798500.440694 close(3</etc/ld.so.cache> <unfinished ...>
22645 1649798500.440716 open("/lib64/libmpc.so.3", O_RDONLY|O_CLOEXEC <unfinished ...>
22646 1649798500.440730 <... close resumed>) = 0
22645 1649798500.440744 <... open resumed>) = 3</usr/lib64/libmpc.so.3.0.0>
22645 1649798500.440770 read(3</usr/lib64/libmpc.so.3.0.0>,  <unfinished ...>
22646 1649798500.440792 open("/lib64/libopcodes-2.27-44.base.el7_9.1.so", O_RDONLY|O_CLOEXEC <unfinished ...>
22645 1649798500.440806 <... read resumed>"\177ELF\2\1\1\0\0\0\0\0\0\0\0\0\3\0>\0\1\0\0\0@L\0\0\0\0\0\0"..., 832) = 832
22646 1649798500.440827 <... open resumed>) = 3</usr/lib64/libopcodes-2.27-44.base.el7_9.1.so>
22646 1649798500.440855 read(3</usr/lib64/libopcodes-2.27-44.base.el7_9.1.so>, "\177ELF\2\1\1\0\0\0\0\0\0\0\0\0\3\0>\0\1\0\0\0`\234\4\0\0\0\0\0"..., 832) = 832
22645 1649798500.440893 mmap(NULL, 4096, PROT_READ|PROT_WRITE, MAP_PRIVATE|MAP_ANONYMOUS, -1, 0) = 0x7f00027d2000
22646 1649798500.440945 mmap(NULL, 3781280, PROT_READ|PROT_EXEC, MAP_PRIVATE|MAP_DENYWRITE, 3</usr/lib64/libopcodes-2.27-44.base.el7_9.1.so>, 0 <unfinished ...>
22645 1649798500.440966 mmap(NULL, 2192896, PROT_READ|PROT_EXEC, MAP_PRIVATE|MAP_DENYWRITE, 3</usr/lib64/libmpc.so.3.0.0>, 0 <unfinished ...>
22646 1649798500.440988 <... mmap resumed>) = 0x7f66731e7000
22645 1649798500.441001 <... mmap resumed>) = 0x7f00021c8000
22646 1649798500.441052 mmap(0x7f6673453000, 1241088, PROT_READ|PROT_WRITE, MAP_PRIVATE|MAP_FIXED|MAP_DENYWRITE, 3</usr/lib64/libopcodes-2.27-44.base.el7_9.1.so>, 0x6c000 <unfinished ...>
22645 1649798500.441072 mmap(0x7f00023de000, 8192, PROT_READ|PROT_WRITE, MAP_PRIVATE|MAP_FIXED|MAP_DENYWRITE, 3</usr/lib64/libmpc.so.3.0.0>, 0x16000 <unfinished ...>
22646 1649798500.441094 <... mmap resumed>) = 0x7f6673453000
22645 1649798500.441117 <... mmap resumed>) = 0x7f00023de000
22646 1649798500.441138 mmap(0x7f6673582000, 672, PROT_READ|PROT_WRITE, MAP_PRIVATE|MAP_FIXED|MAP_ANONYMOUS, -1, 0 <unfinished ...>
22645 1649798500.441154 close(3</usr/lib64/libmpc.so.3.0.0> <unfinished ...>
22646 1649798500.441177 <... mmap resumed>) = 0x7f6673582000
22645 1649798500.441188 <... close resumed>) = 0
22646 1649798500.441210 close(3</usr/lib64/libopcodes-2.27-44.base.el7_9.1.so> <unfinished ...>
22645 1649798500.441231 open("/usr/local/lib/libmpfr.so.4", O_RDONLY|O_CLOEXEC <unfinished ...>
22646 1649798500.441250 <... close resumed>) = 0
22645 1649798500.441264 <... open resumed>) = -1 ENOENT (No such file or directory)
22646 1649798500.441283 open("/usr/local/lib/libbfd-2.27-44.base.el7_9.1.so", O_RDONLY|O_CLOEXEC <unfinished ...>
22645 1649798500.441298 open("/usr/lib/libmpfr.so.4", O_RDONLY|O_CLOEXEC <unfinished ...>
22646 1649798500.441317 <... open resumed>) = -1 ENOENT (No such file or directory)
22645 1649798500.441329 <... open resumed>) = -1 ENOENT (No such file or directory)
22646 1649798500.441348 open("/usr/lib/libbfd-2.27-44.base.el7_9.1.so", O_RDONLY|O_CLOEXEC <unfinished ...>
22645 1649798500.441366 open("/lib64/libmpfr.so.4", O_RDONLY|O_CLOEXEC <unfinished ...>
22646 1649798500.441383 <... open resumed>) = -1 ENOENT (No such file or directory)
22645 1649798500.441399 <... open resumed>) = 3</usr/lib64/libmpfr.so.4.1.1>
22646 1649798500.441422 open("/lib64/libbfd-2.27-44.base.el7_9.1.so", O_RDONLY|O_CLOEXEC <unfinished ...>
22645 1649798500.441437 read(3</usr/lib64/libmpfr.so.4.1.1>,  <unfinished ...>
22646 1649798500.441459 <... open resumed>) = 3</usr/lib64/libbfd-2.27-44.base.el7_9.1.so>
22645 1649798500.441476 <... read resumed>"\177ELF\2\1\1\0\0\0\0\0\0\0\0\0\3\0>\0\1\0\0\0\300\252\0\0\0\0\0\0"..., 832) = 832
22646 1649798500.441496 read(3</usr/lib64/libbfd-2.27-44.base.el7_9.1.so>, "\177ELF\2\1\1\0\0\0\0\0\0\0\0\0\3\0>\0\1\0\0\0 +\4\0\0\0\0\0"..., 832) = 832
22645 1649798500.441553 mmap(NULL, 2468096, PROT_READ|PROT_EXEC, MAP_PRIVATE|MAP_DENYWRITE, 3</usr/lib64/libmpfr.so.4.1.1>, 0) = 0x7f0001f6d000
22646 1649798500.441594 mmap(NULL, 4096, PROT_READ|PROT_WRITE, MAP_PRIVATE|MAP_ANONYMOUS, -1, 0) = 0x7f6673771000
22646 1649798500.441642 mmap(NULL, 3442752, PROT_READ|PROT_EXEC, MAP_PRIVATE|MAP_DENYWRITE, 3</usr/lib64/libbfd-2.27-44.base.el7_9.1.so>, 0 <unfinished ...>
22645 1649798500.441661 mmap(0x7f00021c5000, 12288, PROT_READ|PROT_WRITE, MAP_PRIVATE|MAP_FIXED|MAP_DENYWRITE, 3</usr/lib64/libmpfr.so.4.1.1>, 0x58000 <unfinished ...>
22646 1649798500.441684 <... mmap resumed>) = 0x7f6672e9e000
22645 1649798500.441700 <... mmap resumed>) = 0x7f00021c5000
22645 1649798500.441735 close(3</usr/lib64/libmpfr.so.4.1.1> <unfinished ...>
22646 1649798500.441758 mmap(0x7f66731c9000, 106496, PROT_READ|PROT_WRITE, MAP_PRIVATE|MAP_FIXED|MAP_DENYWRITE, 3</usr/lib64/libbfd-2.27-44.base.el7_9.1.so>, 0x12b000 <unfinished ...>
22645 1649798500.441777 <... close resumed>) = 0
22646 1649798500.441791 <... mmap resumed>) = 0x7f66731c9000
22645 1649798500.441805 open("/usr/local/lib/libgmp.so.10", O_RDONLY|O_CLOEXEC <unfinished ...>
22646 1649798500.441823 mmap(0x7f66731e3000, 14400, PROT_READ|PROT_WRITE, MAP_PRIVATE|MAP_FIXED|MAP_ANONYMOUS, -1, 0 <unfinished ...>
22645 1649798500.441839 <... open resumed>) = -1 ENOENT (No such file or directory)
22646 1649798500.441858 <... mmap resumed>) = 0x7f66731e3000
22645 1649798500.441868 open("/usr/lib/libgmp.so.10", O_RDONLY|O_CLOEXEC <unfinished ...>
22646 1649798500.441887 close(3</usr/lib64/libbfd-2.27-44.base.el7_9.1.so> <unfinished ...>
22645 1649798500.441904 <... open resumed>) = -1 ENOENT (No such file or directory)
22646 1649798500.441920 <... close resumed>) = 0
22645 1649798500.441934 open("/lib64/libgmp.so.10", O_RDONLY|O_CLOEXEC <unfinished ...>
22646 1649798500.441951 open("/usr/local/lib/libdl.so.2", O_RDONLY|O_CLOEXEC <unfinished ...>
22645 1649798500.441969 <... open resumed>) = 3</usr/lib64/libgmp.so.10.2.0>
22646 1649798500.441991 <... open resumed>) = -1 ENOENT (No such file or directory)
22645 1649798500.442003 read(3</usr/lib64/libgmp.so.10.2.0>,  <unfinished ...>
22646 1649798500.442025 open("/usr/lib/libdl.so.2", O_RDONLY|O_CLOEXEC <unfinished ...>
22645 1649798500.442039 <... read resumed>"\177ELF\2\1\1\0\0\0\0\0\0\0\0\0\3\0>\0\1\0\0\0\200\304\0\0\0\0\0\0"..., 832) = 832
22646 1649798500.442058 <... open resumed>) = 3</usr/lib/libdl-2.17.so>
22646 1649798500.442086 read(3</usr/lib/libdl-2.17.so>, "\177ELF\1\1\1\0\0\0\0\0\0\0\0\0\3\0\3\0\1\0\0\0000\n\0\0004\0\0\0"..., 832) = 832
22645 1649798500.442135 mmap(NULL, 2584736, PROT_READ|PROT_EXEC, MAP_PRIVATE|MAP_DENYWRITE, 3</usr/lib64/libgmp.so.10.2.0>, 0 <unfinished ...>
22646 1649798500.442158 close(3</usr/lib/libdl-2.17.so> <unfinished ...>
22645 1649798500.442178 <... mmap resumed>) = 0x7f0001cf5000
22646 1649798500.442194 <... close resumed>) = 0
22646 1649798500.442228 open("/lib64/libdl.so.2", O_RDONLY|O_CLOEXEC <unfinished ...>
22645 1649798500.442248 mmap(0x7f0001f6a000, 12288, PROT_READ|PROT_WRITE, MAP_PRIVATE|MAP_FIXED|MAP_DENYWRITE, 3</usr/lib64/libgmp.so.10.2.0>, 0x75000 <unfinished ...>
22646 1649798500.442275 <... open resumed>) = 3</usr/lib64/libdl-2.17.so>
22645 1649798500.442298 <... mmap resumed>) = 0x7f0001f6a000
22646 1649798500.442309 read(3</usr/lib64/libdl-2.17.so>,  <unfinished ...>
22645 1649798500.442335 close(3</usr/lib64/libgmp.so.10.2.0> <unfinished ...>
22646 1649798500.442351 <... read resumed>"\177ELF\2\1\1\0\0\0\0\0\0\0\0\0\3\0>\0\1\0\0\0P\16\0\0\0\0\0\0"..., 832) = 832
22645 1649798500.442369 <... close resumed>) = 0
22645 1649798500.442393 open("/usr/local/lib/libz.so.1", O_RDONLY|O_CLOEXEC) = -1 ENOENT (No such file or directory)
22646 1649798500.442432 mmap(NULL, 2109744, PROT_READ|PROT_EXEC, MAP_PRIVATE|MAP_DENYWRITE, 3</usr/lib64/libdl-2.17.so>, 0 <unfinished ...>
22645 1649798500.442451 open("/usr/lib/libz.so.1", O_RDONLY|O_CLOEXEC <unfinished ...>
22646 1649798500.442469 <... mmap resumed>) = 0x7f6672c9a000
22645 1649798500.442483 <... open resumed>) = 3</usr/lib/libz.so.1.2.7>
22645 1649798500.442511 read(3</usr/lib/libz.so.1.2.7>, "\177ELF\1\1\1\0\0\0\0\0\0\0\0\0\3\0\3\0\1\0\0\0@\30\0\0004\0\0\0"..., 832) = 832
22646 1649798500.442554 mmap(0x7f6672e9c000, 8192, PROT_READ|PROT_WRITE, MAP_PRIVATE|MAP_FIXED|MAP_DENYWRITE, 3</usr/lib64/libdl-2.17.so>, 0x2000 <unfinished ...>
22645 1649798500.442572 close(3</usr/lib/libz.so.1.2.7> <unfinished ...>
22646 1649798500.442594 <... mmap resumed>) = 0x7f6672e9c000
22645 1649798500.442604 <... close resumed>) = 0
22646 1649798500.442630 close(3</usr/lib64/libdl-2.17.so> <unfinished ...>
22645 1649798500.442648 open("/lib64/libz.so.1", O_RDONLY|O_CLOEXEC <unfinished ...>
22646 1649798500.442665 <... close resumed>) = 0
22645 1649798500.442679 <... open resumed>) = 3</usr/lib64/libz.so.1.2.7>
22646 1649798500.442701 open("/usr/local/lib/libc.so.6", O_RDONLY|O_CLOEXEC <unfinished ...>
22645 1649798500.442715 read(3</usr/lib64/libz.so.1.2.7>,  <unfinished ...>
22646 1649798500.442737 <... open resumed>) = -1 ENOENT (No such file or directory)
22645 1649798500.442750 <... read resumed>"\177ELF\2\1\1\0\0\0\0\0\0\0\0\0\3\0>\0\1\0\0\0P!\0\0\0\0\0\0"..., 832) = 832
22646 1649798500.442769 open("/usr/lib/libc.so.6", O_RDONLY|O_CLOEXEC) = 3</usr/lib/libc-2.17.so>
22646 1649798500.442818 read(3</usr/lib/libc-2.17.so>,  <unfinished ...>
22645 1649798500.442834 mmap(NULL, 4096, PROT_READ|PROT_WRITE, MAP_PRIVATE|MAP_ANONYMOUS, -1, 0 <unfinished ...>
22646 1649798500.442850 <... read resumed>"\177ELF\1\1\1\3\0\0\0\0\0\0\0\0\3\0\3\0\1\0\0\0000\244\1\0004\0\0\0"..., 832) = 832
22645 1649798500.442868 <... mmap resumed>) = 0x7f00027d1000
22646 1649798500.442881 close(3</usr/lib/libc-2.17.so> <unfinished ...>
22645 1649798500.442903 mmap(NULL, 2183272, PROT_READ|PROT_EXEC, MAP_PRIVATE|MAP_DENYWRITE, 3</usr/lib64/libz.so.1.2.7>, 0 <unfinished ...>
22646 1649798500.442922 <... close resumed>) = 0
22645 1649798500.442935 <... mmap resumed>) = 0x7f0001adf000
22646 1649798500.442951 open("/lib64/libc.so.6", O_RDONLY|O_CLOEXEC) = 3</usr/lib64/libc-2.17.so>
22646 1649798500.442998 read(3</usr/lib64/libc-2.17.so>,  <unfinished ...>
22645 1649798500.443019 mmap(0x7f0001cf3000, 8192, PROT_READ|PROT_WRITE, MAP_PRIVATE|MAP_FIXED|MAP_DENYWRITE, 3</usr/lib64/libz.so.1.2.7>, 0x14000 <unfinished ...>
22646 1649798500.443038 <... read resumed>"\177ELF\2\1\1\3\0\0\0\0\0\0\0\0\3\0>\0\1\0\0\0`&\2\0\0\0\0\0"..., 832) = 832
22645 1649798500.443056 <... mmap resumed>) = 0x7f0001cf3000
22645 1649798500.443088 close(3</usr/lib64/libz.so.1.2.7> <unfinished ...>
22646 1649798500.443119 mmap(NULL, 3985920, PROT_READ|PROT_EXEC, MAP_PRIVATE|MAP_DENYWRITE, 3</usr/lib64/libc-2.17.so>, 0 <unfinished ...>
22645 1649798500.443139 <... close resumed>) = 0
22646 1649798500.443153 <... mmap resumed>) = 0x7f66728cc000
22645 1649798500.443166 open("/usr/local/lib/libm.so.6", O_RDONLY|O_CLOEXEC) = -1 ENOENT (No such file or directory)
22645 1649798500.443214 open("/usr/lib/libm.so.6", O_RDONLY|O_CLOEXEC <unfinished ...>
22646 1649798500.443232 mmap(0x7f6672c8f000, 24576, PROT_READ|PROT_WRITE, MAP_PRIVATE|MAP_FIXED|MAP_DENYWRITE, 3</usr/lib64/libc-2.17.so>, 0x1c3000 <unfinished ...>
22645 1649798500.443259 <... open resumed>) = 3</usr/lib/libm-2.17.so>
22646 1649798500.443281 <... mmap resumed>) = 0x7f6672c8f000
22645 1649798500.443291 read(3</usr/lib/libm-2.17.so>,  <unfinished ...>
22646 1649798500.443312 mmap(0x7f6672c95000, 16896, PROT_READ|PROT_WRITE, MAP_PRIVATE|MAP_FIXED|MAP_ANONYMOUS, -1, 0 <unfinished ...>
22645 1649798500.443325 <... read resumed>"\177ELF\1\1\1\3\0\0\0\0\0\0\0\0\3\0\3\0\1\0\0\0\220D\0\0004\0\0\0"..., 832) = 832
22646 1649798500.443345 <... mmap resumed>) = 0x7f6672c95000
22645 1649798500.443354 close(3</usr/lib/libm-2.17.so> <unfinished ...>
22646 1649798500.443376 close(3</usr/lib64/libc-2.17.so> <unfinished ...>
22645 1649798500.443392 <... close resumed>) = 0
22646 1649798500.443405 <... close resumed>) = 0
22645 1649798500.443419 open("/lib64/libm.so.6", O_RDONLY|O_CLOEXEC <unfinished ...>
22646 1649798500.443440 open("/usr/local/lib/libz.so.1", O_RDONLY|O_CLOEXEC <unfinished ...>
22645 1649798500.443458 <... open resumed>) = 3</usr/lib64/libm-2.17.so>
22646 1649798500.443480 <... open resumed>) = -1 ENOENT (No such file or directory)
22645 1649798500.443492 read(3</usr/lib64/libm-2.17.so>,  <unfinished ...>
22646 1649798500.443514 open("/usr/lib/libz.so.1", O_RDONLY|O_CLOEXEC <unfinished ...>
22645 1649798500.443528 <... read resumed>"\177ELF\2\1\1\3\0\0\0\0\0\0\0\0\3\0>\0\1\0\0\0PS\0\0\0\0\0\0"..., 832) = 832
22646 1649798500.443548 <... open resumed>) = 3</usr/lib/libz.so.1.2.7>
22646 1649798500.443575 read(3</usr/lib/libz.so.1.2.7>, "\177ELF\1\1\1\0\0\0\0\0\0\0\0\0\3\0\3\0\1\0\0\0@\30\0\0004\0\0\0"..., 832) = 832
22645 1649798500.443614 mmap(NULL, 3150136, PROT_READ|PROT_EXEC, MAP_PRIVATE|MAP_DENYWRITE, 3</usr/lib64/libm-2.17.so>, 0 <unfinished ...>
22646 1649798500.443636 close(3</usr/lib/libz.so.1.2.7> <unfinished ...>
22645 1649798500.443658 <... mmap resumed>) = 0x7f00017dd000
22646 1649798500.443668 <... close resumed>) = 0
22646 1649798500.443704 open("/lib64/libz.so.1", O_RDONLY|O_CLOEXEC) = 3</usr/lib64/libz.so.1.2.7>
22645 1649798500.443750 mmap(0x7f0001add000, 8192, PROT_READ|PROT_WRITE, MAP_PRIVATE|MAP_FIXED|MAP_DENYWRITE, 3</usr/lib64/libm-2.17.so>, 0x100000 <unfinished ...>
22646 1649798500.443773 read(3</usr/lib64/libz.so.1.2.7>,  <unfinished ...>
22645 1649798500.443795 <... mmap resumed>) = 0x7f0001add000
22646 1649798500.443805 <... read resumed>"\177ELF\2\1\1\0\0\0\0\0\0\0\0\0\3\0>\0\1\0\0\0P!\0\0\0\0\0\0"..., 832) = 832
22645 1649798500.443823 close(3</usr/lib64/libm-2.17.so>) = 0
22646 1649798500.443875 mmap(NULL, 4096, PROT_READ|PROT_WRITE, MAP_PRIVATE|MAP_ANONYMOUS, -1, 0 <unfinished ...>
22645 1649798500.443888 open("/usr/local/lib/libc.so.6", O_RDONLY|O_CLOEXEC <unfinished ...>
22646 1649798500.443906 <... mmap resumed>) = 0x7f6673770000
22645 1649798500.443920 <... open resumed>) = -1 ENOENT (No such file or directory)
22646 1649798500.443939 mmap(NULL, 2183272, PROT_READ|PROT_EXEC, MAP_PRIVATE|MAP_DENYWRITE, 3</usr/lib64/libz.so.1.2.7>, 0 <unfinished ...>
22645 1649798500.443958 open("/usr/lib/libc.so.6", O_RDONLY|O_CLOEXEC <unfinished ...>
22646 1649798500.443976 <... mmap resumed>) = 0x7f66726b6000
22645 1649798500.443990 <... open resumed>) = 3</usr/lib/libc-2.17.so>
22645 1649798500.444017 read(3</usr/lib/libc-2.17.so>, "\177ELF\1\1\1\3\0\0\0\0\0\0\0\0\3\0\3\0\1\0\0\0000\244\1\0004\0\0\0"..., 832) = 832
22646 1649798500.444060 mmap(0x7f66728ca000, 8192, PROT_READ|PROT_WRITE, MAP_PRIVATE|MAP_FIXED|MAP_DENYWRITE, 3</usr/lib64/libz.so.1.2.7>, 0x14000 <unfinished ...>
22645 1649798500.444079 close(3</usr/lib/libc-2.17.so> <unfinished ...>
22646 1649798500.444100 <... mmap resumed>) = 0x7f66728ca000
22645 1649798500.444120 <... close resumed>) = 0
22646 1649798500.444134 close(3</usr/lib64/libz.so.1.2.7> <unfinished ...>
22645 1649798500.444157 open("/lib64/libc.so.6", O_RDONLY|O_CLOEXEC <unfinished ...>
22646 1649798500.444171 <... close resumed>) = 0
22645 1649798500.444185 <... open resumed>) = 3</usr/lib64/libc-2.17.so>
22645 1649798500.444212 read(3</usr/lib64/libc-2.17.so>,  <unfinished ...>
22646 1649798500.444238 mmap(NULL, 4096, PROT_READ|PROT_WRITE, MAP_PRIVATE|MAP_ANONYMOUS, -1, 0 <unfinished ...>
22645 1649798500.444250 <... read resumed>"\177ELF\2\1\1\3\0\0\0\0\0\0\0\0\3\0>\0\1\0\0\0`&\2\0\0\0\0\0"..., 832) = 832
22646 1649798500.444268 <... mmap resumed>) = 0x7f667376f000
22646 1649798500.444292 mmap(NULL, 8192, PROT_READ|PROT_WRITE, MAP_PRIVATE|MAP_ANONYMOUS, -1, 0) = 0x7f667376d000
22645 1649798500.444323 mmap(NULL, 3985920, PROT_READ|PROT_EXEC, MAP_PRIVATE|MAP_DENYWRITE, 3</usr/lib64/libc-2.17.so>, 0) = 0x7f000140f000
22645 1649798500.444407 mmap(0x7f00017d2000, 24576, PROT_READ|PROT_WRITE, MAP_PRIVATE|MAP_FIXED|MAP_DENYWRITE, 3</usr/lib64/libc-2.17.so>, 0x1c3000) = 0x7f00017d2000
22645 1649798500.444465 mmap(0x7f00017d8000, 16896, PROT_READ|PROT_WRITE, MAP_PRIVATE|MAP_FIXED|MAP_ANONYMOUS, -1, 0) = 0x7f00017d8000
22645 1649798500.444518 close(3</usr/lib64/libc-2.17.so>) = 0
22645 1649798500.444579 mmap(NULL, 4096, PROT_READ|PROT_WRITE, MAP_PRIVATE|MAP_ANONYMOUS, -1, 0) = 0x7f00027d0000
22645 1649798500.444646 mmap(NULL, 8192, PROT_READ|PROT_WRITE, MAP_PRIVATE|MAP_ANONYMOUS, -1, 0) = 0x7f00027ce000
22645 1649798500.446042 open("/usr/lib/locale/locale-archive", O_RDONLY|O_CLOEXEC) = 3</usr/lib/locale/locale-archive>
22645 1649798500.446139 mmap(NULL, 106176928, PROT_READ, MAP_PRIVATE, 3</usr/lib/locale/locale-archive>, 0) = 0x7efffaecc000
22645 1649798500.446200 close(3</usr/lib/locale/locale-archive>) = 0
22645 1649798500.446297 open("/usr/share/locale/locale.alias", O_RDONLY|O_CLOEXEC) = 3</usr/share/locale/locale.alias>
22645 1649798500.446392 mmap(NULL, 4096, PROT_READ|PROT_WRITE, MAP_PRIVATE|MAP_ANONYMOUS, -1, 0) = 0x7f0002803000
22645 1649798500.446443 read(3</usr/share/locale/locale.alias>, "# Locale name alias data base.\n#"..., 4096) = 2502
22645 1649798500.446518 read(3</usr/share/locale/locale.alias>, "", 4096) = 0
22645 1649798500.446569 close(3</usr/share/locale/locale.alias>) = 0
22645 1649798500.446673 open("/usr/share/locale/en_US.UTF-8/LC_MESSAGES/gcc.mo", O_RDONLY) = -1 ENOENT (No such file or directory)
22645 1649798500.446722 open("/usr/share/locale/en_US.utf8/LC_MESSAGES/gcc.mo", O_RDONLY) = -1 ENOENT (No such file or directory)
22645 1649798500.446768 open("/usr/share/locale/en_US/LC_MESSAGES/gcc.mo", O_RDONLY) = -1 ENOENT (No such file or directory)
22645 1649798500.446820 open("/usr/share/locale/en.UTF-8/LC_MESSAGES/gcc.mo", O_RDONLY) = -1 ENOENT (No such file or directory)
22645 1649798500.446861 open("/usr/share/locale/en.utf8/LC_MESSAGES/gcc.mo", O_RDONLY) = -1 ENOENT (No such file or directory)
22645 1649798500.446902 open("/usr/share/locale/en/LC_MESSAGES/gcc.mo", O_RDONLY) = -1 ENOENT (No such file or directory)
22645 1649798500.447201 mmap(NULL, 4096, PROT_READ|PROT_WRITE, MAP_PRIVATE|MAP_ANONYMOUS, -1, 0) = 0x7f0002803000
22645 1649798500.447264 mmap(NULL, 135168, PROT_READ|PROT_WRITE, MAP_PRIVATE|MAP_ANONYMOUS, -1, 0) = 0x7f00027e2000
22645 1649798500.447351 mmap(NULL, 8192, PROT_READ|PROT_WRITE, MAP_PRIVATE|MAP_ANONYMOUS, -1, 0) = 0x7f00027e0000
22645 1649798500.447396 mmap(NULL, 8192, PROT_READ|PROT_WRITE, MAP_PRIVATE|MAP_ANONYMOUS, -1, 0 <unfinished ...>
22646 1649798500.447412 open("/usr/lib/locale/locale-archive", O_RDONLY|O_CLOEXEC <unfinished ...>
22645 1649798500.447427 <... mmap resumed>) = 0x7f00027de000
22646 1649798500.447440 <... open resumed>) = 3</usr/lib/locale/locale-archive>
22645 1649798500.447461 mmap(NULL, 8192, PROT_READ|PROT_WRITE, MAP_PRIVATE|MAP_ANONYMOUS, -1, 0) = 0x7f00027dc000
22645 1649798500.447506 mmap(NULL, 8192, PROT_READ|PROT_WRITE, MAP_PRIVATE|MAP_ANONYMOUS, -1, 0 <unfinished ...>
22646 1649798500.447518 mmap(NULL, 106176928, PROT_READ, MAP_PRIVATE, 3</usr/lib/locale/locale-archive>, 0 <unfinished ...>
22645 1649798500.447538 <... mmap resumed>) = 0x7f00027da000
22646 1649798500.447551 <... mmap resumed>) = 0x7f666c173000
22645 1649798500.447563 mmap(NULL, 16384, PROT_READ|PROT_WRITE, MAP_PRIVATE|MAP_ANONYMOUS, -1, 0 <unfinished ...>
22646 1649798500.447579 close(3</usr/lib/locale/locale-archive> <unfinished ...>
22645 1649798500.447594 <... mmap resumed>) = 0x7f00027d6000
22646 1649798500.447611 <... close resumed>) = 0
22645 1649798500.447635 mmap(NULL, 2097152, PROT_READ|PROT_WRITE, MAP_PRIVATE|MAP_ANONYMOUS, -1, 0) = 0x7efffaccc000
22646 1649798500.447806 mmap(NULL, 528384, PROT_READ|PROT_WRITE, MAP_PRIVATE|MAP_ANONYMOUS, -1, 0) = 0x7f66736ec000
22645 1649798500.447856 open("/proc/meminfo", O_RDONLY|O_CLOEXEC) = 3</proc/meminfo>
22645 1649798500.447938 mmap(NULL, 4096, PROT_READ|PROT_WRITE, MAP_PRIVATE|MAP_ANONYMOUS, -1, 0) = 0x7f00027d5000
22645 1649798500.447977 read(3</proc/meminfo>, "MemTotal:       263873548 kB\nMem"..., 1024) = 1024
22645 1649798500.448121 close(3</proc/meminfo>) = 0
22645 1649798500.448231 open("/proc/meminfo", O_RDONLY|O_CLOEXEC) = 3</proc/meminfo>
22646 1649798500.448310 mmap(NULL, 528384, PROT_READ|PROT_WRITE, MAP_PRIVATE|MAP_ANONYMOUS, -1, 0 <unfinished ...>
22645 1649798500.448322 mmap(NULL, 4096, PROT_READ|PROT_WRITE, MAP_PRIVATE|MAP_ANONYMOUS, -1, 0 <unfinished ...>
22646 1649798500.448336 <... mmap resumed>) = 0x7f667366b000
22645 1649798500.448349 <... mmap resumed>) = 0x7f00027d5000
22645 1649798500.448367 read(3</proc/meminfo>, "MemTotal:       263873548 kB\nMem"..., 1024) = 1024
22645 1649798500.448487 close(3</proc/meminfo>) = 0
22645 1649798500.448609 open("/proc/meminfo", O_RDONLY|O_CLOEXEC) = 3</proc/meminfo>
22645 1649798500.448685 mmap(NULL, 4096, PROT_READ|PROT_WRITE, MAP_PRIVATE|MAP_ANONYMOUS, -1, 0) = 0x7f00027d5000
22645 1649798500.448722 read(3</proc/meminfo>,  <unfinished ...>
22646 1649798500.448809 mmap(NULL, 528384, PROT_READ|PROT_WRITE, MAP_PRIVATE|MAP_ANONYMOUS, -1, 0 <unfinished ...>
22645 1649798500.448820 <... read resumed>"MemTotal:       263873548 kB\nMem"..., 1024) = 1024
22646 1649798500.448837 <... mmap resumed>) = 0x7f66735ea000
22645 1649798500.448849 close(3</proc/meminfo>) = 0
22646 1649798500.449371 mmap(NULL, 528384, PROT_READ|PROT_WRITE, MAP_PRIVATE|MAP_ANONYMOUS, -1, 0) = 0x7f666c0f2000
22645 1649798500.449892 open("/dev/urandom", O_RDONLY <unfinished ...>
22646 1649798500.449921 open("/tmp/ccW9sktt.o", O_RDWR|O_CREAT|O_TRUNC, 0666 <unfinished ...>
22645 1649798500.449936 <... open resumed>) = 3</dev/urandom>
22645 1649798500.449967 read(3</dev/urandom>,  <unfinished ...>
22646 1649798500.449983 <... open resumed>) = 3</tmp/ccW9sktt.o>
22645 1649798500.450001 <... read resumed>"T'D\343\24\323\316\366", 8) = 8
22645 1649798500.450028 close(3</dev/urandom>) = 0
22646 1649798500.450233 mmap(NULL, 528384, PROT_READ|PROT_WRITE, MAP_PRIVATE|MAP_ANONYMOUS, -1, 0) = 0x7f666c071000
22645 1649798500.450394 open("mytree.c", O_RDONLY|O_NOCTTY) = 3</home/majors/vthomas/cop5570/finish/mytree.c>
22645 1649798500.451010 read(3</home/majors/vthomas/cop5570/finish/mytree.c>, "/*\n\tName: Vinson Thomas (vdt16)\n"..., 2552) = 2552
22645 1649798500.451062 close(3</home/majors/vthomas/cop5570/finish/mytree.c> <unfinished ...>
22646 1649798500.451306 mmap(NULL, 528384, PROT_READ|PROT_WRITE, MAP_PRIVATE|MAP_ANONYMOUS, -1, 0) = 0x7f666bff0000
22645 1649798500.451396 <... close resumed>) = 0
22645 1649798500.451421 mmap(NULL, 16384, PROT_READ|PROT_WRITE, MAP_PRIVATE|MAP_ANONYMOUS, -1, 0) = 0x7f00027ca000
22645 1649798500.451637 mmap(NULL, 8192, PROT_READ|PROT_WRITE, MAP_PRIVATE|MAP_ANONYMOUS, -1, 0) = 0x7f00027d4000
22646 1649798500.451897 open("/usr/share/locale/locale.alias", O_RDONLY|O_CLOEXEC) = 4</usr/share/locale/locale.alias>
22646 1649798500.451993 mmap(NULL, 4096, PROT_READ|PROT_WRITE, MAP_PRIVATE|MAP_ANONYMOUS, -1, 0) = 0x7f66737a2000
22646 1649798500.452034 read(4</usr/share/locale/locale.alias>, "# Locale name alias data base.\n#"..., 4096) = 2502
22646 1649798500.452130 read(4</usr/share/locale/locale.alias>, "", 4096) = 0
22646 1649798500.452183 close(4</usr/share/locale/locale.alias>) = 0
22646 1649798500.452295 open("/usr/share/locale/en_US.UTF-8/LC_MESSAGES/gas.mo", O_RDONLY) = -1 ENOENT (No such file or directory)
22646 1649798500.452343 open("/usr/share/locale/en_US.utf8/LC_MESSAGES/gas.mo", O_RDONLY) = -1 ENOENT (No such file or directory)
22646 1649798500.452388 open("/usr/share/locale/en_US/LC_MESSAGES/gas.mo", O_RDONLY) = -1 ENOENT (No such file or directory)
22646 1649798500.452442 open("/usr/share/locale/en.UTF-8/LC_MESSAGES/gas.mo", O_RDONLY) = -1 ENOENT (No such file or directory)
22646 1649798500.452486 open("/usr/share/locale/en.utf8/LC_MESSAGES/gas.mo", O_RDONLY) = -1 ENOENT (No such file or directory)
22646 1649798500.452530 open("/usr/share/locale/en/LC_MESSAGES/gas.mo", O_RDONLY) = -1 ENOENT (No such file or directory)
22646 1649798500.452603 mmap(NULL, 4096, PROT_READ|PROT_WRITE, MAP_PRIVATE|MAP_ANONYMOUS, -1, 0) = 0x7f66737a2000
22646 1649798500.452644 read(0<pipe:[22182512]>,  <unfinished ...>
22645 1649798500.455694 mmap(NULL, 4096, PROT_READ|PROT_WRITE, MAP_PRIVATE|MAP_ANONYMOUS, -1, 0) = 0x7f00027d3000
22645 1649798500.458457 open("/usr/lib/gcc/x86_64-redhat-linux/4.8.5/include/stdc-predef.h", O_RDONLY|O_NOCTTY) = -1 ENOENT (No such file or directory)
22645 1649798500.458622 open("/usr/local/include/stdc-predef.h", O_RDONLY|O_NOCTTY) = -1 ENOENT (No such file or directory)
22645 1649798500.458759 open("/usr/include/stdc-predef.h", O_RDONLY|O_NOCTTY) = 3</usr/include/stdc-predef.h>
22645 1649798500.458832 read(3</usr/include/stdc-predef.h>, "/* Copyright (C) 1991-2012 Free "..., 1629) = 1629
22645 1649798500.458878 close(3</usr/include/stdc-predef.h>) = 0
22645 1649798500.459286 open("/usr/lib/gcc/x86_64-redhat-linux/4.8.5/include/stdio.h", O_RDONLY|O_NOCTTY) = -1 ENOENT (No such file or directory)
22645 1649798500.459449 open("/usr/local/include/stdio.h", O_RDONLY|O_NOCTTY) = -1 ENOENT (No such file or directory)
22645 1649798500.459585 open("/usr/include/stdio.h", O_RDONLY|O_NOCTTY) = 3</usr/include/stdio.h>
22645 1649798500.459709 read(3</usr/include/stdio.h>, "/* Define ISO C stdio on top of "..., 31641) = 31641
22645 1649798500.459769 close(3</usr/include/stdio.h>) = 0
22645 1649798500.460045 open("/usr/lib/gcc/x86_64-redhat-linux/4.8.5/include/features.h", O_RDONLY|O_NOCTTY) = -1 ENOENT (No such file or directory)
22645 1649798500.460187 open("/usr/local/include/features.h", O_RDONLY|O_NOCTTY) = -1 ENOENT (No such file or directory)
22645 1649798500.460300 open("/usr/include/features.h", O_RDONLY|O_NOCTTY) = 3</usr/include/features.h>
22645 1649798500.460374 read(3</usr/include/features.h>, "/* Copyright (C) 1991-2012 Free "..., 13182) = 13182
22645 1649798500.460423 close(3</usr/include/features.h>) = 0
22645 1649798500.460531 mmap(NULL, 16384, PROT_READ|PROT_WRITE, MAP_PRIVATE|MAP_ANONYMOUS, -1, 0) = 0x7f00027c6000
22645 1649798500.460895 open("/usr/lib/gcc/x86_64-redhat-linux/4.8.5/include/sys/cdefs.h", O_RDONLY|O_NOCTTY) = -1 ENOENT (No such file or directory)
22645 1649798500.461033 open("/usr/local/include/sys/cdefs.h", O_RDONLY|O_NOCTTY) = -1 ENOENT (No such file or directory)
22645 1649798500.461189 open("/usr/include/sys/cdefs.h", O_RDONLY|O_NOCTTY) = 3</usr/include/sys/cdefs.h>
22645 1649798500.461264 read(3</usr/include/sys/cdefs.h>, "/* Copyright (C) 1992-2002, 2004"..., 14738) = 14738
22645 1649798500.461314 close(3</usr/include/sys/cdefs.h>) = 0
22645 1649798500.461875 open("/usr/lib/gcc/x86_64-redhat-linux/4.8.5/include/bits/wordsize.h", O_RDONLY|O_NOCTTY) = -1 ENOENT (No such file or directory)
22645 1649798500.462013 open("/usr/local/include/bits/wordsize.h", O_RDONLY|O_NOCTTY) = -1 ENOENT (No such file or directory)
22645 1649798500.462161 open("/usr/include/bits/wordsize.h", O_RDONLY|O_NOCTTY) = 3</usr/include/bits/wordsize.h>
22645 1649798500.462234 read(3</usr/include/bits/wordsize.h>, "/* Determine the wordsize from t"..., 327) = 327
22645 1649798500.462278 close(3</usr/include/bits/wordsize.h>) = 0
22645 1649798500.462595 open("/usr/lib/gcc/x86_64-redhat-linux/4.8.5/include/gnu/stubs.h", O_RDONLY|O_NOCTTY) = -1 ENOENT (No such file or directory)
22645 1649798500.462734 open("/usr/local/include/gnu/stubs.h", O_RDONLY|O_NOCTTY) = -1 ENOENT (No such file or directory)
22645 1649798500.462872 open("/usr/include/gnu/stubs.h", O_RDONLY|O_NOCTTY) = 3</usr/include/gnu/stubs.h>
22645 1649798500.462943 read(3</usr/include/gnu/stubs.h>, "/* This file is automatically ge"..., 384) = 384
22645 1649798500.462989 close(3</usr/include/gnu/stubs.h>) = 0
22645 1649798500.463257 open("/usr/lib/gcc/x86_64-redhat-linux/4.8.5/include/gnu/stubs-64.h", O_RDONLY|O_NOCTTY) = -1 ENOENT (No such file or directory)
22645 1649798500.463395 open("/usr/local/include/gnu/stubs-64.h", O_RDONLY|O_NOCTTY) = -1 ENOENT (No such file or directory)
22645 1649798500.463532 open("/usr/include/gnu/stubs-64.h", O_RDONLY|O_NOCTTY) = 3</usr/include/gnu/stubs-64.h>
22645 1649798500.463603 read(3</usr/include/gnu/stubs-64.h>, "/* This file is automatically ge"..., 604) = 604
22645 1649798500.463647 close(3</usr/include/gnu/stubs-64.h>) = 0
22645 1649798500.463922 open("/usr/lib/gcc/x86_64-redhat-linux/4.8.5/include/stddef.h", O_RDONLY|O_NOCTTY) = 3</usr/lib/gcc/x86_64-redhat-linux/4.8.2/include/stddef.h>
22645 1649798500.463994 read(3</usr/lib/gcc/x86_64-redhat-linux/4.8.2/include/stddef.h>, "/* Copyright (C) 1989-2013 Free "..., 13619) = 13619
22645 1649798500.464040 close(3</usr/lib/gcc/x86_64-redhat-linux/4.8.2/include/stddef.h>) = 0
22645 1649798500.464503 open("/usr/lib/gcc/x86_64-redhat-linux/4.8.5/include/bits/types.h", O_RDONLY|O_NOCTTY) = -1 ENOENT (No such file or directory)
22645 1649798500.464641 open("/usr/local/include/bits/types.h", O_RDONLY|O_NOCTTY) = -1 ENOENT (No such file or directory)
22645 1649798500.464778 open("/usr/include/bits/types.h", O_RDONLY|O_NOCTTY) = 3</usr/include/bits/types.h>
22645 1649798500.464851 read(3</usr/include/bits/types.h>, "/* bits/types.h -- definitions o"..., 7729) = 7729
22645 1649798500.464896 close(3</usr/include/bits/types.h>) = 0
22645 1649798500.464945 open("/usr/include/bits/wordsize.h", O_RDONLY|O_NOCTTY) = 3</usr/include/bits/wordsize.h>
22645 1649798500.465014 read(3</usr/include/bits/wordsize.h>, "/* Determine the wordsize from t"..., 327) = 327
22645 1649798500.465057 close(3</usr/include/bits/wordsize.h>) = 0
22645 1649798500.465398 open("/usr/lib/gcc/x86_64-redhat-linux/4.8.5/include/bits/typesizes.h", O_RDONLY|O_NOCTTY) = -1 ENOENT (No such file or directory)
22645 1649798500.465535 open("/usr/local/include/bits/typesizes.h", O_RDONLY|O_NOCTTY) = -1 ENOENT (No such file or directory)
22645 1649798500.465672 open("/usr/include/bits/typesizes.h", O_RDONLY|O_NOCTTY) = 3</usr/include/bits/typesizes.h>
22645 1649798500.465743 read(3</usr/include/bits/typesizes.h>, "/* bits/typesizes.h -- underlyin"..., 3225) = 3225
22645 1649798500.465788 close(3</usr/include/bits/typesizes.h>) = 0
22645 1649798500.466313 open("/usr/lib/gcc/x86_64-redhat-linux/4.8.5/include/libio.h", O_RDONLY|O_NOCTTY) = -1 ENOENT (No such file or directory)
22645 1649798500.466458 open("/usr/local/include/libio.h", O_RDONLY|O_NOCTTY) = -1 ENOENT (No such file or directory)
22645 1649798500.466568 open("/usr/include/libio.h", O_RDONLY|O_NOCTTY) = 3</usr/include/libio.h>
22645 1649798500.466639 read(3</usr/include/libio.h>, "/* Copyright (C) 1991-1995,1997-"..., 17276) = 17276
22645 1649798500.466687 close(3</usr/include/libio.h>) = 0
22645 1649798500.466945 open("/usr/lib/gcc/x86_64-redhat-linux/4.8.5/include/_G_config.h", O_RDONLY|O_NOCTTY) = -1 ENOENT (No such file or directory)
22645 1649798500.467079 open("/usr/local/include/_G_config.h", O_RDONLY|O_NOCTTY) = -1 ENOENT (No such file or directory)
22645 1649798500.467203 open("/usr/include/_G_config.h", O_RDONLY|O_NOCTTY) = 3</usr/include/_G_config.h>
22645 1649798500.467274 read(3</usr/include/_G_config.h>, "/* This file is needed by libio "..., 1287) = 1287
22645 1649798500.467319 close(3</usr/include/_G_config.h>) = 0
22645 1649798500.467370 open("/usr/lib/gcc/x86_64-redhat-linux/4.8.5/include/stddef.h", O_RDONLY|O_NOCTTY) = 3</usr/lib/gcc/x86_64-redhat-linux/4.8.2/include/stddef.h>
22645 1649798500.467444 read(3</usr/lib/gcc/x86_64-redhat-linux/4.8.2/include/stddef.h>, "/* Copyright (C) 1989-2013 Free "..., 13619) = 13619
22645 1649798500.467491 close(3</usr/lib/gcc/x86_64-redhat-linux/4.8.2/include/stddef.h>) = 0
22645 1649798500.467876 open("/usr/lib/gcc/x86_64-redhat-linux/4.8.5/include/wchar.h", O_RDONLY|O_NOCTTY) = -1 ENOENT (No such file or directory)
22645 1649798500.468024 open("/usr/local/include/wchar.h", O_RDONLY|O_NOCTTY) = -1 ENOENT (No such file or directory)
22645 1649798500.468141 open("/usr/include/wchar.h", O_RDONLY|O_NOCTTY) = 3</usr/include/wchar.h>
22645 1649798500.468212 read(3</usr/include/wchar.h>, "/* Copyright (C) 1995-2008, 2009"..., 32119) = 32119
22645 1649798500.468264 close(3</usr/include/wchar.h>) = 0
22645 1649798500.468860 open("/usr/lib/gcc/x86_64-redhat-linux/4.8.5/include/stdarg.h", O_RDONLY|O_NOCTTY) = 3</usr/lib/gcc/x86_64-redhat-linux/4.8.2/include/stdarg.h>
22645 1649798500.468931 read(3</usr/lib/gcc/x86_64-redhat-linux/4.8.2/include/stdarg.h>, "/* Copyright (C) 1989-2013 Free "..., 4075) = 4075
22645 1649798500.468972 close(3</usr/lib/gcc/x86_64-redhat-linux/4.8.2/include/stdarg.h>) = 0
22645 1649798500.469775 open("/usr/lib/gcc/x86_64-redhat-linux/4.8.5/include/bits/stdio_lim.h", O_RDONLY|O_NOCTTY) = -1 ENOENT (No such file or directory)
22645 1649798500.469903 open("/usr/local/include/bits/stdio_lim.h", O_RDONLY|O_NOCTTY) = -1 ENOENT (No such file or directory)
22645 1649798500.470026 open("/usr/include/bits/stdio_lim.h", O_RDONLY|O_NOCTTY) = 3</usr/include/bits/stdio_lim.h>
22645 1649798500.470091 read(3</usr/include/bits/stdio_lim.h>, "/* Copyright (C) 1994, 1997, 199"..., 1373) = 1373
22645 1649798500.470142 close(3</usr/include/bits/stdio_lim.h>) = 0
22645 1649798500.471375 open("/usr/lib/gcc/x86_64-redhat-linux/4.8.5/include/bits/sys_errlist.h", O_RDONLY|O_NOCTTY) = -1 ENOENT (No such file or directory)
22645 1649798500.471508 open("/usr/local/include/bits/sys_errlist.h", O_RDONLY|O_NOCTTY) = -1 ENOENT (No such file or directory)
22645 1649798500.471638 open("/usr/include/bits/sys_errlist.h", O_RDONLY|O_NOCTTY) = 3</usr/include/bits/sys_errlist.h>
22645 1649798500.471706 read(3</usr/include/bits/sys_errlist.h>, "/* Declare sys_errlist and sys_n"..., 1215) = 1215
22645 1649798500.471749 close(3</usr/include/bits/sys_errlist.h>) = 0
22645 1649798500.472101 open("/usr/lib/gcc/x86_64-redhat-linux/4.8.5/include/stdlib.h", O_RDONLY|O_NOCTTY) = -1 ENOENT (No such file or directory)
22645 1649798500.472238 open("/usr/local/include/stdlib.h", O_RDONLY|O_NOCTTY) = -1 ENOENT (No such file or directory)
22645 1649798500.472344 open("/usr/include/stdlib.h", O_RDONLY|O_NOCTTY) = 3</usr/include/stdlib.h>
22645 1649798500.472412 read(3</usr/include/stdlib.h>, "/* Copyright (C) 1991-2007, 2009"..., 34030) = 34030
22645 1649798500.472461 close(3</usr/include/stdlib.h>) = 0
22645 1649798500.472508 open("/usr/lib/gcc/x86_64-redhat-linux/4.8.5/include/stddef.h", O_RDONLY|O_NOCTTY) = 3</usr/lib/gcc/x86_64-redhat-linux/4.8.2/include/stddef.h>
22645 1649798500.472575 read(3</usr/lib/gcc/x86_64-redhat-linux/4.8.2/include/stddef.h>, "/* Copyright (C) 1989-2013 Free "..., 13619) = 13619
22645 1649798500.472619 close(3</usr/lib/gcc/x86_64-redhat-linux/4.8.2/include/stddef.h>) = 0
22645 1649798500.472792 mmap(NULL, 65536, PROT_READ|PROT_WRITE, MAP_PRIVATE|MAP_ANONYMOUS, -1, 0) = 0x7f00027b6000
22645 1649798500.473081 open("/usr/lib/gcc/x86_64-redhat-linux/4.8.5/include/bits/waitflags.h", O_RDONLY|O_NOCTTY) = -1 ENOENT (No such file or directory)
22645 1649798500.473222 open("/usr/local/include/bits/waitflags.h", O_RDONLY|O_NOCTTY) = -1 ENOENT (No such file or directory)
22645 1649798500.473349 open("/usr/include/bits/waitflags.h", O_RDONLY|O_NOCTTY) = 3</usr/include/bits/waitflags.h>
22645 1649798500.473417 read(3</usr/include/bits/waitflags.h>, "/* Definitions of flag bits for "..., 1648) = 1648
22645 1649798500.473459 close(3</usr/include/bits/waitflags.h>) = 0
22645 1649798500.473719 open("/usr/lib/gcc/x86_64-redhat-linux/4.8.5/include/bits/waitstatus.h", O_RDONLY|O_NOCTTY) = -1 ENOENT (No such file or directory)
22645 1649798500.473848 open("/usr/local/include/bits/waitstatus.h", O_RDONLY|O_NOCTTY) = -1 ENOENT (No such file or directory)
22645 1649798500.473976 open("/usr/include/bits/waitstatus.h", O_RDONLY|O_NOCTTY) = 3</usr/include/bits/waitstatus.h>
22645 1649798500.474042 read(3</usr/include/bits/waitstatus.h>, "/* Definitions of status bits fo"..., 3572) = 3572
22645 1649798500.474089 close(3</usr/include/bits/waitstatus.h>) = 0
22645 1649798500.474372 open("/usr/lib/gcc/x86_64-redhat-linux/4.8.5/include/endian.h", O_RDONLY|O_NOCTTY) = -1 ENOENT (No such file or directory)
22645 1649798500.474502 open("/usr/local/include/endian.h", O_RDONLY|O_NOCTTY) = -1 ENOENT (No such file or directory)
22645 1649798500.474608 open("/usr/include/endian.h", O_RDONLY|O_NOCTTY) = 3</usr/include/endian.h>
22645 1649798500.474675 read(3</usr/include/endian.h>, "/* Copyright (C) 1992-2012 Free "..., 3021) = 3021
22645 1649798500.474717 close(3</usr/include/endian.h>) = 0
22645 1649798500.474971 open("/usr/lib/gcc/x86_64-redhat-linux/4.8.5/include/bits/endian.h", O_RDONLY|O_NOCTTY) = -1 ENOENT (No such file or directory)
22645 1649798500.475101 open("/usr/local/include/bits/endian.h", O_RDONLY|O_NOCTTY) = -1 ENOENT (No such file or directory)
22645 1649798500.475236 open("/usr/include/bits/endian.h", O_RDONLY|O_NOCTTY) = 3</usr/include/bits/endian.h>
22645 1649798500.475303 read(3</usr/include/bits/endian.h>, "/* i386/x86_64 are little-endian"..., 176) = 176
22645 1649798500.475345 close(3</usr/include/bits/endian.h>) = 0
22645 1649798500.475611 open("/usr/lib/gcc/x86_64-redhat-linux/4.8.5/include/bits/byteswap.h", O_RDONLY|O_NOCTTY) = -1 ENOENT (No such file or directory)
22645 1649798500.475743 open("/usr/local/include/bits/byteswap.h", O_RDONLY|O_NOCTTY) = -1 ENOENT (No such file or directory)
22645 1649798500.475871 open("/usr/include/bits/byteswap.h", O_RDONLY|O_NOCTTY) = 3</usr/include/bits/byteswap.h>
22645 1649798500.475938 read(3</usr/include/bits/byteswap.h>, "/* Macros to swap the order of b"..., 5689) = 5689
22645 1649798500.475981 close(3</usr/include/bits/byteswap.h>) = 0
22645 1649798500.476028 open("/usr/include/bits/wordsize.h", O_RDONLY|O_NOCTTY) = 3</usr/include/bits/wordsize.h>
22645 1649798500.476094 read(3</usr/include/bits/wordsize.h>, "/* Determine the wordsize from t"..., 327) = 327
22645 1649798500.476136 close(3</usr/include/bits/wordsize.h>) = 0
22645 1649798500.476400 open("/usr/lib/gcc/x86_64-redhat-linux/4.8.5/include/bits/byteswap-16.h", O_RDONLY|O_NOCTTY) = -1 ENOENT (No such file or directory)
22645 1649798500.476530 open("/usr/local/include/bits/byteswap-16.h", O_RDONLY|O_NOCTTY) = -1 ENOENT (No such file or directory)
22645 1649798500.476648 open("/usr/include/bits/byteswap-16.h", O_RDONLY|O_NOCTTY) = 3</usr/include/bits/byteswap-16.h>
22645 1649798500.476709 read(3</usr/include/bits/byteswap-16.h>, "/* Macros to swap the order of b"..., 1726) = 1726
22645 1649798500.476749 close(3</usr/include/bits/byteswap-16.h>) = 0
22645 1649798500.477496 open("/usr/lib/gcc/x86_64-redhat-linux/4.8.5/include/sys/types.h", O_RDONLY|O_NOCTTY) = -1 ENOENT (No such file or directory)
22645 1649798500.477617 open("/usr/local/include/sys/types.h", O_RDONLY|O_NOCTTY) = -1 ENOENT (No such file or directory)
22645 1649798500.477735 open("/usr/include/sys/types.h", O_RDONLY|O_NOCTTY) = 3</usr/include/sys/types.h>
22645 1649798500.477800 read(3</usr/include/sys/types.h>, "/* Copyright (C) 1991,1992,1994-"..., 6771) = 6771
22645 1649798500.477841 close(3</usr/include/sys/types.h>) = 0
22645 1649798500.478133 open("/usr/lib/gcc/x86_64-redhat-linux/4.8.5/include/time.h", O_RDONLY|O_NOCTTY) = -1 ENOENT (No such file or directory)
22645 1649798500.478254 open("/usr/local/include/time.h", O_RDONLY|O_NOCTTY) = -1 ENOENT (No such file or directory)
22645 1649798500.478349 open("/usr/include/time.h", O_RDONLY|O_NOCTTY) = 3</usr/include/time.h>
