108   1649362857.467231 execve("/usr/bin/make", ["m"...], ["S"..., "W"..., "H"..., "N"..., "P"..., "L"..., "M"..., "H"..., "L"..., "W"..., "I"..., "T"..., "U"..., "H"..., "S"..., "H"..., "W"..., "P"..., "H"..., "_"...]) = 0
108   1649362857.468038 mmap(NULL, 8192, PROT_READ|PROT_WRITE, MAP_PRIVATE|MAP_ANONYMOUS, -1, 0) = 0x7f6941de1000
108   1649362857.468526 openat(AT_FDCWD, "/etc/ld.so.cache", O_RDONLY|O_CLOEXEC) = 3</etc/ld.so.cache>
108   1649362857.468939 mmap(NULL, 51763, PROT_READ, MAP_PRIVATE, 3</etc/ld.so.cache>, 0) = 0x7f6941dd4000
108   1649362857.469159 close(3</etc/ld.so.cache>) = 0
108   1649362857.469404 openat(AT_FDCWD, "/lib/x86_64-linux-gnu/libdl.so.2", O_RDONLY|O_CLOEXEC) = 3</usr/lib/x86_64-linux-gnu/libdl-2.33.so>
108   1649362857.469633 read(3</usr/lib/x86_64-linux-gnu/libdl-2.33.so>, "\177"..., 832) = 832
108   1649362857.469906 mmap(NULL, 24816, PROT_READ, MAP_PRIVATE|MAP_DENYWRITE, 3</usr/lib/x86_64-linux-gnu/libdl-2.33.so>, 0) = 0x7f6941dcd000
108   1649362857.470117 mmap(0x7f6941dcf000, 8192, PROT_READ|PROT_EXEC, MAP_PRIVATE|MAP_FIXED|MAP_DENYWRITE, 3</usr/lib/x86_64-linux-gnu/libdl-2.33.so>, 0x2000) = 0x7f6941dcf000
108   1649362857.470336 mmap(0x7f6941dd1000, 4096, PROT_READ, MAP_PRIVATE|MAP_FIXED|MAP_DENYWRITE, 3</usr/lib/x86_64-linux-gnu/libdl-2.33.so>, 0x4000) = 0x7f6941dd1000
108   1649362857.470559 mmap(0x7f6941dd2000, 8192, PROT_READ|PROT_WRITE, MAP_PRIVATE|MAP_FIXED|MAP_DENYWRITE, 3</usr/lib/x86_64-linux-gnu/libdl-2.33.so>, 0x4000) = 0x7f6941dd2000
108   1649362857.470806 close(3</usr/lib/x86_64-linux-gnu/libdl-2.33.so>) = 0
108   1649362857.471023 openat(AT_FDCWD, "/lib/x86_64-linux-gnu/libc.so.6", O_RDONLY|O_CLOEXEC) = 3</usr/lib/x86_64-linux-gnu/libc-2.33.so>
108   1649362857.471253 read(3</usr/lib/x86_64-linux-gnu/libc-2.33.so>, "\177"..., 832) = 832
108   1649362857.471778 mmap(NULL, 1938296, PROT_READ, MAP_PRIVATE|MAP_DENYWRITE, 3</usr/lib/x86_64-linux-gnu/libc-2.33.so>, 0) = 0x7f6941bf3000
108   1649362857.472139 mmap(0x7f6941c19000, 1409024, PROT_READ|PROT_EXEC, MAP_PRIVATE|MAP_FIXED|MAP_DENYWRITE, 3</usr/lib/x86_64-linux-gnu/libc-2.33.so>, 0x26000) = 0x7f6941c19000
108   1649362857.472412 mmap(0x7f6941d71000, 311296, PROT_READ, MAP_PRIVATE|MAP_FIXED|MAP_DENYWRITE, 3</usr/lib/x86_64-linux-gnu/libc-2.33.so>, 0x17e000) = 0x7f6941d71000
108   1649362857.472663 mmap(0x7f6941dbe000, 24576, PROT_READ|PROT_WRITE, MAP_PRIVATE|MAP_FIXED|MAP_DENYWRITE, 3</usr/lib/x86_64-linux-gnu/libc-2.33.so>, 0x1ca000) = 0x7f6941dbe000
108   1649362857.472903 mmap(0x7f6941dc4000, 33656, PROT_READ|PROT_WRITE, MAP_PRIVATE|MAP_FIXED|MAP_ANONYMOUS, -1, 0) = 0x7f6941dc4000
108   1649362857.473175 close(3</usr/lib/x86_64-linux-gnu/libc-2.33.so>) = 0
108   1649362857.473427 mmap(NULL, 12288, PROT_READ|PROT_WRITE, MAP_PRIVATE|MAP_ANONYMOUS, -1, 0) = 0x7f6941bf0000
108   1649362857.474261 openat(AT_FDCWD, "/usr/lib/locale/locale-archive", O_RDONLY|O_CLOEXEC) = -1 ENOENT (No such file or directory)
108   1649362857.474579 openat(AT_FDCWD, "/usr/share/locale/locale.alias", O_RDONLY|O_CLOEXEC) = -1 ENOENT (No such file or directory)
108   1649362857.474814 openat(AT_FDCWD, "/usr/lib/locale/en_US.UTF-8/LC_IDENTIFICATION", O_RDONLY|O_CLOEXEC) = -1 ENOENT (No such file or directory)
108   1649362857.475048 openat(AT_FDCWD, "/usr/lib/locale/en_US.utf8/LC_IDENTIFICATION", O_RDONLY|O_CLOEXEC) = 3</usr/lib/locale/en_US.utf8/LC_IDENTIFICATION>
108   1649362857.475350 mmap(NULL, 369, PROT_READ, MAP_PRIVATE, 3</usr/lib/locale/en_US.utf8/LC_IDENTIFICATION>, 0) = 0x7f6941de0000
108   1649362857.475583 close(3</usr/lib/locale/en_US.utf8/LC_IDENTIFICATION>) = 0
108   1649362857.475811 openat(AT_FDCWD, "/usr/lib/x86_64-linux-gnu/gconv/gconv-modules.cache", O_RDONLY) = 3</usr/lib/x86_64-linux-gnu/gconv/gconv-modules.cache>
108   1649362857.476101 mmap(NULL, 27002, PROT_READ, MAP_SHARED, 3</usr/lib/x86_64-linux-gnu/gconv/gconv-modules.cache>, 0) = 0x7f6941dd9000
108   1649362857.476332 close(3</usr/lib/x86_64-linux-gnu/gconv/gconv-modules.cache>) = 0
108   1649362857.476568 openat(AT_FDCWD, "/usr/lib/locale/en_US.UTF-8/LC_MEASUREMENT", O_RDONLY|O_CLOEXEC) = -1 ENOENT (No such file or directory)
108   1649362857.476804 openat(AT_FDCWD, "/usr/lib/locale/en_US.utf8/LC_MEASUREMENT", O_RDONLY|O_CLOEXEC) = 3</usr/lib/locale/chr_US/LC_MEASUREMENT>
108   1649362857.477092 mmap(NULL, 23, PROT_READ, MAP_PRIVATE, 3</usr/lib/locale/chr_US/LC_MEASUREMENT>, 0) = 0x7f6941dd8000
108   1649362857.477319 close(3</usr/lib/locale/chr_US/LC_MEASUREMENT>) = 0
108   1649362857.477589 openat(AT_FDCWD, "/usr/lib/locale/en_US.UTF-8/LC_TELEPHONE", O_RDONLY|O_CLOEXEC) = -1 ENOENT (No such file or directory)
108   1649362857.478215 openat(AT_FDCWD, "/usr/lib/locale/en_US.utf8/LC_TELEPHONE", O_RDONLY|O_CLOEXEC) = 3</usr/lib/locale/chr_US/LC_TELEPHONE>
108   1649362857.478520 mmap(NULL, 59, PROT_READ, MAP_PRIVATE, 3</usr/lib/locale/chr_US/LC_TELEPHONE>, 0) = 0x7f6941dd7000
108   1649362857.478749 close(3</usr/lib/locale/chr_US/LC_TELEPHONE>) = 0
108   1649362857.478996 openat(AT_FDCWD, "/usr/lib/locale/en_US.UTF-8/LC_ADDRESS", O_RDONLY|O_CLOEXEC) = -1 ENOENT (No such file or directory)
108   1649362857.479228 openat(AT_FDCWD, "/usr/lib/locale/en_US.utf8/LC_ADDRESS", O_RDONLY|O_CLOEXEC) = 3</usr/lib/locale/en_US.utf8/LC_ADDRESS>
108   1649362857.479516 mmap(NULL, 167, PROT_READ, MAP_PRIVATE, 3</usr/lib/locale/en_US.utf8/LC_ADDRESS>, 0) = 0x7f6941dd6000
108   1649362857.479743 close(3</usr/lib/locale/en_US.utf8/LC_ADDRESS>) = 0
108   1649362857.480009 openat(AT_FDCWD, "/usr/lib/locale/en_US.UTF-8/LC_NAME", O_RDONLY|O_CLOEXEC) = -1 ENOENT (No such file or directory)
108   1649362857.480242 openat(AT_FDCWD, "/usr/lib/locale/en_US.utf8/LC_NAME", O_RDONLY|O_CLOEXEC) = 3</usr/lib/locale/bi_VU/LC_NAME>
108   1649362857.480529 mmap(NULL, 77, PROT_READ, MAP_PRIVATE, 3</usr/lib/locale/bi_VU/LC_NAME>, 0) = 0x7f6941dd5000
108   1649362857.480765 close(3</usr/lib/locale/bi_VU/LC_NAME>) = 0
108   1649362857.481010 openat(AT_FDCWD, "/usr/lib/locale/en_US.UTF-8/LC_PAPER", O_RDONLY|O_CLOEXEC) = -1 ENOENT (No such file or directory)
108   1649362857.481239 openat(AT_FDCWD, "/usr/lib/locale/en_US.utf8/LC_PAPER", O_RDONLY|O_CLOEXEC) = 3</usr/lib/locale/chr_US/LC_PAPER>
108   1649362857.481526 mmap(NULL, 34, PROT_READ, MAP_PRIVATE, 3</usr/lib/locale/chr_US/LC_PAPER>, 0) = 0x7f6941dd4000
108   1649362857.481801 close(3</usr/lib/locale/chr_US/LC_PAPER>) = 0
108   1649362857.482076 openat(AT_FDCWD, "/usr/lib/locale/en_US.UTF-8/LC_MESSAGES", O_RDONLY|O_CLOEXEC) = -1 ENOENT (No such file or directory)
108   1649362857.482310 openat(AT_FDCWD, "/usr/lib/locale/en_US.utf8/LC_MESSAGES", O_RDONLY|O_CLOEXEC) = 3</usr/lib/locale/en_US.utf8/LC_MESSAGES>
108   1649362857.482599 close(3</usr/lib/locale/en_US.utf8/LC_MESSAGES>) = 0
108   1649362857.482833 openat(AT_FDCWD, "/usr/lib/locale/en_US.utf8/LC_MESSAGES/SYS_LC_MESSAGES", O_RDONLY|O_CLOEXEC) = 3</usr/lib/locale/en_AG/LC_MESSAGES/SYS_LC_MESSAGES>
108   1649362857.483122 mmap(NULL, 57, PROT_READ, MAP_PRIVATE, 3</usr/lib/locale/en_AG/LC_MESSAGES/SYS_LC_MESSAGES>, 0) = 0x7f6941bef000
108   1649362857.483349 close(3</usr/lib/locale/en_AG/LC_MESSAGES/SYS_LC_MESSAGES>) = 0
108   1649362857.483580 openat(AT_FDCWD, "/usr/lib/locale/en_US.UTF-8/LC_MONETARY", O_RDONLY|O_CLOEXEC) = -1 ENOENT (No such file or directory)
108   1649362857.483814 openat(AT_FDCWD, "/usr/lib/locale/en_US.utf8/LC_MONETARY", O_RDONLY|O_CLOEXEC) = 3</usr/lib/locale/chr_US/LC_MONETARY>
108   1649362857.484100 mmap(NULL, 286, PROT_READ, MAP_PRIVATE, 3</usr/lib/locale/chr_US/LC_MONETARY>, 0) = 0x7f6941bee000
108   1649362857.484324 close(3</usr/lib/locale/chr_US/LC_MONETARY>) = 0
108   1649362857.484557 openat(AT_FDCWD, "/usr/lib/locale/en_US.UTF-8/LC_COLLATE", O_RDONLY|O_CLOEXEC) = -1 ENOENT (No such file or directory)
108   1649362857.484783 openat(AT_FDCWD, "/usr/lib/locale/en_US.utf8/LC_COLLATE", O_RDONLY|O_CLOEXEC) = 3</usr/lib/locale/aa_DJ.utf8/LC_COLLATE>
108   1649362857.485126 mmap(NULL, 2586930, PROT_READ, MAP_PRIVATE, 3</usr/lib/locale/aa_DJ.utf8/LC_COLLATE>, 0) = 0x7f6941976000
108   1649362857.485356 close(3</usr/lib/locale/aa_DJ.utf8/LC_COLLATE>) = 0
108   1649362857.485588 openat(AT_FDCWD, "/usr/lib/locale/en_US.UTF-8/LC_TIME", O_RDONLY|O_CLOEXEC) = -1 ENOENT (No such file or directory)
108   1649362857.485816 openat(AT_FDCWD, "/usr/lib/locale/en_US.utf8/LC_TIME", O_RDONLY|O_CLOEXEC) = 3</usr/lib/locale/en_US.utf8/LC_TIME>
108   1649362857.486095 mmap(NULL, 3284, PROT_READ, MAP_PRIVATE, 3</usr/lib/locale/en_US.utf8/LC_TIME>, 0) = 0x7f6941975000
108   1649362857.486318 close(3</usr/lib/locale/en_US.utf8/LC_TIME>) = 0
108   1649362857.486543 openat(AT_FDCWD, "/usr/lib/locale/en_US.UTF-8/LC_NUMERIC", O_RDONLY|O_CLOEXEC) = -1 ENOENT (No such file or directory)
108   1649362857.486763 openat(AT_FDCWD, "/usr/lib/locale/en_US.utf8/LC_NUMERIC", O_RDONLY|O_CLOEXEC) = 3</usr/lib/locale/aa_ET/LC_NUMERIC>
108   1649362857.487072 mmap(NULL, 54, PROT_READ, MAP_PRIVATE, 3</usr/lib/locale/aa_ET/LC_NUMERIC>, 0) = 0x7f6941974000
108   1649362857.487294 close(3</usr/lib/locale/aa_ET/LC_NUMERIC>) = 0
108   1649362857.487523 openat(AT_FDCWD, "/usr/lib/locale/en_US.UTF-8/LC_CTYPE", O_RDONLY|O_CLOEXEC) = -1 ENOENT (No such file or directory)
108   1649362857.487743 openat(AT_FDCWD, "/usr/lib/locale/en_US.utf8/LC_CTYPE", O_RDONLY|O_CLOEXEC) = 3</usr/lib/locale/aa_DJ.utf8/LC_CTYPE>
108   1649362857.488031 mmap(NULL, 346132, PROT_READ, MAP_PRIVATE, 3</usr/lib/locale/aa_DJ.utf8/LC_CTYPE>, 0) = 0x7f694191f000
108   1649362857.488251 close(3</usr/lib/locale/aa_DJ.utf8/LC_CTYPE>) = 0
108   1649362857.490584 openat(AT_FDCWD, ".", O_RDONLY|O_NONBLOCK|O_CLOEXEC|O_DIRECTORY) = 3</mnt/c/Users/heade/Documents/COP 5570/Assign3>
108   1649362857.491637 close(3</mnt/c/Users/heade/Documents/COP 5570/Assign3>) = 0
108   1649362857.491986 openat(AT_FDCWD, "Makefile", O_RDONLY) = 3</mnt/c/Users/heade/Documents/COP 5570/Assign3/Makefile>
108   1649362857.493075 read(3</mnt/c/Users/heade/Documents/COP 5570/Assign3/Makefile>, "C"..., 4096) = 188
108   1649362857.493519 read(3</mnt/c/Users/heade/Documents/COP 5570/Assign3/Makefile>, "", 4096) = 0
108   1649362857.493832 close(3</mnt/c/Users/heade/Documents/COP 5570/Assign3/Makefile>) = 0
108   1649362857.495906 write(1</dev/pts/0>, "g"..., 60) = 60
108   1649362857.496983 mmap(NULL, 36864, PROT_READ|PROT_WRITE, MAP_PRIVATE|MAP_ANONYMOUS|MAP_STACK, -1, 0) = 0x7f6941916000
108   1649362857.497408 clone(child_stack=0x7f694191eff0, flags=CLONE_VM|CLONE_VFORK|SIGCHLD <unfinished ...>
109   1649362857.504960 execve("/usr/bin/g++", ["g"..., "-"..., "-"..., "-"..., "-"..., "-"..., "-"..., "s"..., "s"...], ["H"..., "W"..., "P"..., "L"..., "H"..., "M"..., "M"..., "M"..., "I"..., "S"..., "S"..., "P"..., "N"..., "H"..., "W"..., "L"..., "U"..., "H"..., "_"..., "M"..., "M"..., "H"..., "T"..., "W"..., "M"...] <unfinished ...>
108   1649362857.505265 <... clone resumed>) = 109
109   1649362857.505392 <... execve resumed>) = 0
109   1649362857.505609 mmap(NULL, 8192, PROT_READ|PROT_WRITE, MAP_PRIVATE|MAP_ANONYMOUS, -1, 0) = 0x7f5c6d5d6000
109   1649362857.505963 openat(AT_FDCWD, "/etc/ld.so.cache", O_RDONLY|O_CLOEXEC) = 3</etc/ld.so.cache>
109   1649362857.506307 mmap(NULL, 51763, PROT_READ, MAP_PRIVATE, 3</etc/ld.so.cache>, 0) = 0x7f5c6d5c9000
109   1649362857.506545 close(3</etc/ld.so.cache>) = 0
109   1649362857.506772 openat(AT_FDCWD, "/lib/x86_64-linux-gnu/libc.so.6", O_RDONLY|O_CLOEXEC) = 3</usr/lib/x86_64-linux-gnu/libc-2.33.so>
109   1649362857.507004 read(3</usr/lib/x86_64-linux-gnu/libc-2.33.so>, "\177"..., 832) = 832
109   1649362857.507512 mmap(NULL, 1938296, PROT_READ, MAP_PRIVATE|MAP_DENYWRITE, 3</usr/lib/x86_64-linux-gnu/libc-2.33.so>, 0) = 0x7f5c6d3ef000
109   1649362857.507862 mmap(0x7f5c6d415000, 1409024, PROT_READ|PROT_EXEC, MAP_PRIVATE|MAP_FIXED|MAP_DENYWRITE, 3</usr/lib/x86_64-linux-gnu/libc-2.33.so>, 0x26000) = 0x7f5c6d415000
109   1649362857.508090 mmap(0x7f5c6d56d000, 311296, PROT_READ, MAP_PRIVATE|MAP_FIXED|MAP_DENYWRITE, 3</usr/lib/x86_64-linux-gnu/libc-2.33.so>, 0x17e000) = 0x7f5c6d56d000
109   1649362857.508328 mmap(0x7f5c6d5ba000, 24576, PROT_READ|PROT_WRITE, MAP_PRIVATE|MAP_FIXED|MAP_DENYWRITE, 3</usr/lib/x86_64-linux-gnu/libc-2.33.so>, 0x1ca000) = 0x7f5c6d5ba000
109   1649362857.508594 mmap(0x7f5c6d5c0000, 33656, PROT_READ|PROT_WRITE, MAP_PRIVATE|MAP_FIXED|MAP_ANONYMOUS, -1, 0) = 0x7f5c6d5c0000
109   1649362857.508901 close(3</usr/lib/x86_64-linux-gnu/libc-2.33.so>) = 0
109   1649362857.509132 mmap(NULL, 12288, PROT_READ|PROT_WRITE, MAP_PRIVATE|MAP_ANONYMOUS, -1, 0) = 0x7f5c6d3ec000
109   1649362857.509934 openat(AT_FDCWD, "/usr/lib/locale/locale-archive", O_RDONLY|O_CLOEXEC) = -1 ENOENT (No such file or directory)
109   1649362857.510194 openat(AT_FDCWD, "/usr/share/locale/locale.alias", O_RDONLY|O_CLOEXEC) = -1 ENOENT (No such file or directory)
109   1649362857.510422 openat(AT_FDCWD, "/usr/lib/locale/en_US.UTF-8/LC_CTYPE", O_RDONLY|O_CLOEXEC) = -1 ENOENT (No such file or directory)
109   1649362857.510655 openat(AT_FDCWD, "/usr/lib/locale/en_US.utf8/LC_CTYPE", O_RDONLY|O_CLOEXEC) = 3</usr/lib/locale/aa_DJ.utf8/LC_CTYPE>
109   1649362857.510946 mmap(NULL, 346132, PROT_READ, MAP_PRIVATE, 3</usr/lib/locale/aa_DJ.utf8/LC_CTYPE>, 0) = 0x7f5c6d397000
109   1649362857.511177 close(3</usr/lib/locale/aa_DJ.utf8/LC_CTYPE>) = 0
109   1649362857.511405 openat(AT_FDCWD, "/usr/lib/x86_64-linux-gnu/gconv/gconv-modules.cache", O_RDONLY) = 3</usr/lib/x86_64-linux-gnu/gconv/gconv-modules.cache>
109   1649362857.511695 mmap(NULL, 27002, PROT_READ, MAP_SHARED, 3</usr/lib/x86_64-linux-gnu/gconv/gconv-modules.cache>, 0) = 0x7f5c6d5cf000
109   1649362857.511973 close(3</usr/lib/x86_64-linux-gnu/gconv/gconv-modules.cache>) = 0
109   1649362857.512224 openat(AT_FDCWD, "/usr/lib/locale/en_US.UTF-8/LC_MESSAGES", O_RDONLY|O_CLOEXEC) = -1 ENOENT (No such file or directory)
109   1649362857.512467 openat(AT_FDCWD, "/usr/lib/locale/en_US.utf8/LC_MESSAGES", O_RDONLY|O_CLOEXEC) = 3</usr/lib/locale/en_US.utf8/LC_MESSAGES>
109   1649362857.512791 close(3</usr/lib/locale/en_US.utf8/LC_MESSAGES>) = 0
109   1649362857.513029 openat(AT_FDCWD, "/usr/lib/locale/en_US.utf8/LC_MESSAGES/SYS_LC_MESSAGES", O_RDONLY|O_CLOEXEC) = 3</usr/lib/locale/en_AG/LC_MESSAGES/SYS_LC_MESSAGES>
109   1649362857.513318 mmap(NULL, 57, PROT_READ, MAP_PRIVATE, 3</usr/lib/locale/en_AG/LC_MESSAGES/SYS_LC_MESSAGES>, 0) = 0x7f5c6d5ce000
109   1649362857.513544 close(3</usr/lib/locale/en_AG/LC_MESSAGES/SYS_LC_MESSAGES>) = 0
109   1649362857.513778 openat(AT_FDCWD, "/usr/share/locale/en_US.UTF-8/LC_MESSAGES/gcc-11.mo", O_RDONLY) = -1 ENOENT (No such file or directory)
109   1649362857.514003 openat(AT_FDCWD, "/usr/share/locale/en_US.utf8/LC_MESSAGES/gcc-11.mo", O_RDONLY) = -1 ENOENT (No such file or directory)
109   1649362857.514225 openat(AT_FDCWD, "/usr/share/locale/en_US/LC_MESSAGES/gcc-11.mo", O_RDONLY) = -1 ENOENT (No such file or directory)
109   1649362857.514447 openat(AT_FDCWD, "/usr/share/locale/en.UTF-8/LC_MESSAGES/gcc-11.mo", O_RDONLY) = -1 ENOENT (No such file or directory)
109   1649362857.514668 openat(AT_FDCWD, "/usr/share/locale/en.utf8/LC_MESSAGES/gcc-11.mo", O_RDONLY) = -1 ENOENT (No such file or directory)
109   1649362857.514898 openat(AT_FDCWD, "/usr/share/locale/en/LC_MESSAGES/gcc-11.mo", O_RDONLY) = -1 ENOENT (No such file or directory)
109   1649362857.519082 openat(AT_FDCWD, "/tmp/cc5RYgNF.o", O_RDWR|O_CREAT|O_EXCL, 0600) = 3</tmp/cc5RYgNF.o>
109   1649362857.519415 close(3</tmp/cc5RYgNF.o>) = 0
110   1649362857.520899 close(5<pipe:[2117]>) = 0
110   1649362857.521193 close(4<pipe:[2116]>) = 0
110   1649362857.521412 close(3<pipe:[2116]>) = 0
110   1649362857.521651 execve("/usr/lib/gcc/x86_64-linux-gnu/11/cc1plus", ["/"..., "-"..., "-"..., "x"..., "-"..., "-"..., "s"..., "-"..., "-"..., "s"..., "-"..., "."..., "-"..., "-"..., "-"..., "-"..., "-"..., "-"..., "-"..., "-"], ["H"..., "W"..., "P"..., "L"..., "H"..., "M"..., "M"..., "M"..., "I"..., "S"..., "S"..., "P"..., "N"..., "H"..., "W"..., "L"..., "U"..., "H"..., "_"..., "M"..., "M"..., "H"..., "T"..., "W"..., "M"..., "C"..., "C"..., "O"..., "O"..., "C"...] <unfinished ...>
109   1649362857.521848 close(6<pipe:[2117]> <unfinished ...>
110   1649362857.521961 <... execve resumed>) = 0
109   1649362857.522056 <... close resumed>) = 0
109   1649362857.522159 read(5<pipe:[2117]>, "", 16) = 0
110   1649362857.522358 mmap(NULL, 8192, PROT_READ|PROT_WRITE, MAP_PRIVATE|MAP_ANONYMOUS, -1, 0 <unfinished ...>
109   1649362857.522454 close(5<pipe:[2117]> <unfinished ...>
110   1649362857.522550 <... mmap resumed>) = 0x7ff6ef0f6000
109   1649362857.522643 <... close resumed>) = 0
109   1649362857.522746 close(4<pipe:[2116]>) = 0
110   1649362857.522941 openat(AT_FDCWD, "/etc/ld.so.cache", O_RDONLY|O_CLOEXEC) = 3</etc/ld.so.cache>
110   1649362857.523200 mmap(NULL, 51763, PROT_READ, MAP_PRIVATE, 3</etc/ld.so.cache>, 0 <unfinished ...>
111   1649362857.523332 close(4<pipe:[2118]> <unfinished ...>
110   1649362857.523451 <... mmap resumed>) = 0x7ff6ef0e9000
111   1649362857.523563 <... close resumed>) = 0
110   1649362857.523670 close(3</etc/ld.so.cache>) = 0
110   1649362857.523900 openat(AT_FDCWD, "/lib/x86_64-linux-gnu/libisl.so.23", O_RDONLY|O_CLOEXEC <unfinished ...>
111   1649362857.523996 close(3<pipe:[2116]> <unfinished ...>
110   1649362857.524092 <... openat resumed>) = 3</usr/lib/x86_64-linux-gnu/libisl.so.23.1.0>
111   1649362857.524186 <... close resumed>) = 0
110   1649362857.524277 read(3</usr/lib/x86_64-linux-gnu/libisl.so.23.1.0>,  <unfinished ...>
111   1649362857.524371 execve("/home/linuxbrew/.linuxbrew/bin/as", ["a"..., "-"..., "-"..., "-"..., "/"...], ["H"..., "W"..., "P"..., "L"..., "H"..., "M"..., "M"..., "M"..., "I"..., "S"..., "S"..., "P"..., "N"..., "H"..., "W"..., "L"..., "U"..., "H"..., "_"..., "M"..., "M"..., "H"..., "T"..., "W"..., "M"..., "C"..., "C"..., "O"..., "O"..., "C"...] <unfinished ...>
110   1649362857.524478 <... read resumed>"\177"..., 832) = 832
111   1649362857.524571 <... execve resumed>) = -1 ENOENT (No such file or directory)
111   1649362857.524675 execve("/home/linuxbrew/.linuxbrew/sbin/as", ["a"..., "-"..., "-"..., "-"..., "/"...], ["H"..., "W"..., "P"..., "L"..., "H"..., "M"..., "M"..., "M"..., "I"..., "S"..., "S"..., "P"..., "N"..., "H"..., "W"..., "L"..., "U"..., "H"..., "_"..., "M"..., "M"..., "H"..., "T"..., "W"..., "M"..., "C"..., "C"..., "O"..., "O"..., "C"...]) = -1 ENOENT (No such file or directory)
110   1649362857.524891 mmap(NULL, 2125368, PROT_READ, MAP_PRIVATE|MAP_DENYWRITE, 3</usr/lib/x86_64-linux-gnu/libisl.so.23.1.0>, 0 <unfinished ...>
111   1649362857.524987 execve("/usr/local/sbin/as", ["a"..., "-"..., "-"..., "-"..., "/"...], ["H"..., "W"..., "P"..., "L"..., "H"..., "M"..., "M"..., "M"..., "I"..., "S"..., "S"..., "P"..., "N"..., "H"..., "W"..., "L"..., "U"..., "H"..., "_"..., "M"..., "M"..., "H"..., "T"..., "W"..., "M"..., "C"..., "C"..., "O"..., "O"..., "C"...] <unfinished ...>
110   1649362857.525094 <... mmap resumed>) = 0x7ff6eeee2000
111   1649362857.525185 <... execve resumed>) = -1 ENOENT (No such file or directory)
110   1649362857.525278 mmap(0x7ff6eef43000, 1351680, PROT_READ|PROT_EXEC, MAP_PRIVATE|MAP_FIXED|MAP_DENYWRITE, 3</usr/lib/x86_64-linux-gnu/libisl.so.23.1.0>, 0x61000 <unfinished ...>
111   1649362857.525373 execve("/usr/local/bin/as", ["a"..., "-"..., "-"..., "-"..., "/"...], ["H"..., "W"..., "P"..., "L"..., "H"..., "M"..., "M"..., "M"..., "I"..., "S"..., "S"..., "P"..., "N"..., "H"..., "W"..., "L"..., "U"..., "H"..., "_"..., "M"..., "M"..., "H"..., "T"..., "W"..., "M"..., "C"..., "C"..., "O"..., "O"..., "C"...] <unfinished ...>
110   1649362857.525474 <... mmap resumed>) = 0x7ff6eef43000
111   1649362857.525565 <... execve resumed>) = -1 ENOENT (No such file or directory)
110   1649362857.525657 mmap(0x7ff6ef08d000, 339968, PROT_READ, MAP_PRIVATE|MAP_FIXED|MAP_DENYWRITE, 3</usr/lib/x86_64-linux-gnu/libisl.so.23.1.0>, 0x1ab000 <unfinished ...>
111   1649362857.525752 execve("/usr/sbin/as", ["a"..., "-"..., "-"..., "-"..., "/"...], ["H"..., "W"..., "P"..., "L"..., "H"..., "M"..., "M"..., "M"..., "I"..., "S"..., "S"..., "P"..., "N"..., "H"..., "W"..., "L"..., "U"..., "H"..., "_"..., "M"..., "M"..., "H"..., "T"..., "W"..., "M"..., "C"..., "C"..., "O"..., "O"..., "C"...] <unfinished ...>
110   1649362857.525851 <... mmap resumed>) = 0x7ff6ef08d000
111   1649362857.525941 <... execve resumed>) = -1 ENOENT (No such file or directory)
110   1649362857.526035 mmap(0x7ff6ef0e0000, 36864, PROT_READ|PROT_WRITE, MAP_PRIVATE|MAP_FIXED|MAP_DENYWRITE, 3</usr/lib/x86_64-linux-gnu/libisl.so.23.1.0>, 0x1fd000 <unfinished ...>
111   1649362857.526132 execve("/usr/bin/as", ["a"..., "-"..., "-"..., "-"..., "/"...], ["H"..., "W"..., "P"..., "L"..., "H"..., "M"..., "M"..., "M"..., "I"..., "S"..., "S"..., "P"..., "N"..., "H"..., "W"..., "L"..., "U"..., "H"..., "_"..., "M"..., "M"..., "H"..., "T"..., "W"..., "M"..., "C"..., "C"..., "O"..., "O"..., "C"...] <unfinished ...>
110   1649362857.526230 <... mmap resumed>) = 0x7ff6ef0e0000
111   1649362857.526342 <... execve resumed>) = 0
110   1649362857.526439 close(3</usr/lib/x86_64-linux-gnu/libisl.so.23.1.0> <unfinished ...>
109   1649362857.526543 close(5<pipe:[2118]> <unfinished ...>
110   1649362857.526647 <... close resumed>) = 0
111   1649362857.526737 mmap(NULL, 8192, PROT_READ|PROT_WRITE, MAP_PRIVATE|MAP_ANONYMOUS, -1, 0 <unfinished ...>
109   1649362857.526828 <... close resumed>) = 0
111   1649362857.526918 <... mmap resumed>) = 0x7fa21b857000
110   1649362857.527009 openat(AT_FDCWD, "/lib/x86_64-linux-gnu/libmpc.so.3", O_RDONLY|O_CLOEXEC <unfinished ...>
109   1649362857.527114 read(4<pipe:[2118]>,  <unfinished ...>
110   1649362857.527217 <... openat resumed>) = 3</usr/lib/x86_64-linux-gnu/libmpc.so.3.2.1>
111   1649362857.527310 openat(AT_FDCWD, "/etc/ld.so.cache", O_RDONLY|O_CLOEXEC <unfinished ...>
109   1649362857.527402 <... read resumed>"", 16) = 0
111   1649362857.527503 <... openat resumed>) = 3</etc/ld.so.cache>
110   1649362857.527595 read(3</usr/lib/x86_64-linux-gnu/libmpc.so.3.2.1>,  <unfinished ...>
109   1649362857.527699 close(4<pipe:[2118]> <unfinished ...>
110   1649362857.527803 <... read resumed>"\177"..., 832) = 832
111   1649362857.527901 mmap(NULL, 51763, PROT_READ, MAP_PRIVATE, 3</etc/ld.so.cache>, 0 <unfinished ...>
109   1649362857.527993 <... close resumed>) = 0
111   1649362857.528092 <... mmap resumed>) = 0x7fa21b84a000
111   1649362857.528193 close(3</etc/ld.so.cache> <unfinished ...>
109   1649362857.528286 close(3<pipe:[2116]> <unfinished ...>
111   1649362857.528384 <... close resumed>) = 0
109   1649362857.528493 <... close resumed>) = 0
111   1649362857.528601 openat(AT_FDCWD, "/lib/x86_64-linux-gnu/libopcodes-2.37-system.so", O_RDONLY|O_CLOEXEC <unfinished ...>
110   1649362857.528711 mmap(NULL, 116360, PROT_READ, MAP_PRIVATE|MAP_DENYWRITE, 3</usr/lib/x86_64-linux-gnu/libmpc.so.3.2.1>, 0 <unfinished ...>
111   1649362857.528825 <... openat resumed>) = 3</usr/lib/x86_64-linux-gnu/libopcodes-2.37-system.so>
111   1649362857.528940 read(3</usr/lib/x86_64-linux-gnu/libopcodes-2.37-system.so>,  <unfinished ...>
110   1649362857.529033 <... mmap resumed>) = 0x7ff6eeec5000
111   1649362857.529123 <... read resumed>"\177"..., 832) = 832
110   1649362857.529217 mmap(0x7ff6eeeca000, 77824, PROT_READ|PROT_EXEC, MAP_PRIVATE|MAP_FIXED|MAP_DENYWRITE, 3</usr/lib/x86_64-linux-gnu/libmpc.so.3.2.1>, 0x5000) = 0x7ff6eeeca000
110   1649362857.529420 mmap(0x7ff6eeedd000, 12288, PROT_READ, MAP_PRIVATE|MAP_FIXED|MAP_DENYWRITE, 3</usr/lib/x86_64-linux-gnu/libmpc.so.3.2.1>, 0x18000 <unfinished ...>
111   1649362857.529514 mmap(NULL, 1200984, PROT_READ, MAP_PRIVATE|MAP_DENYWRITE, 3</usr/lib/x86_64-linux-gnu/libopcodes-2.37-system.so>, 0 <unfinished ...>
110   1649362857.529608 <... mmap resumed>) = 0x7ff6eeedd000
111   1649362857.529698 <... mmap resumed>) = 0x7fa21b724000
110   1649362857.529788 mmap(0x7ff6eeee0000, 8192, PROT_READ|PROT_WRITE, MAP_PRIVATE|MAP_FIXED|MAP_DENYWRITE, 3</usr/lib/x86_64-linux-gnu/libmpc.so.3.2.1>, 0x1a000) = 0x7ff6eeee0000
111   1649362857.530008 mmap(0x7fa21b767000, 45056, PROT_READ|PROT_EXEC, MAP_PRIVATE|MAP_FIXED|MAP_DENYWRITE, 3</usr/lib/x86_64-linux-gnu/libopcodes-2.37-system.so>, 0x43000 <unfinished ...>
110   1649362857.530102 close(3</usr/lib/x86_64-linux-gnu/libmpc.so.3.2.1> <unfinished ...>
111   1649362857.530194 <... mmap resumed>) = 0x7fa21b767000
110   1649362857.530284 <... close resumed>) = 0
111   1649362857.530374 mmap(0x7fa21b772000, 32768, PROT_READ, MAP_PRIVATE|MAP_FIXED|MAP_DENYWRITE, 3</usr/lib/x86_64-linux-gnu/libopcodes-2.37-system.so>, 0x4e000 <unfinished ...>
110   1649362857.530473 openat(AT_FDCWD, "/lib/x86_64-linux-gnu/libmpfr.so.6", O_RDONLY|O_CLOEXEC <unfinished ...>
111   1649362857.530567 <... mmap resumed>) = 0x7fa21b772000
110   1649362857.530662 <... openat resumed>) = 3</usr/lib/x86_64-linux-gnu/libmpfr.so.6.1.0>
111   1649362857.530762 mmap(0x7fa21b77b000, 843776, PROT_READ|PROT_WRITE, MAP_PRIVATE|MAP_FIXED|MAP_DENYWRITE, 3</usr/lib/x86_64-linux-gnu/libopcodes-2.37-system.so>, 0x56000 <unfinished ...>
110   1649362857.530860 read(3</usr/lib/x86_64-linux-gnu/libmpfr.so.6.1.0>,  <unfinished ...>
111   1649362857.530954 <... mmap resumed>) = 0x7fa21b77b000
110   1649362857.531047 <... read resumed>"\177"..., 832) = 832
111   1649362857.531140 mmap(0x7fa21b849000, 856, PROT_READ|PROT_WRITE, MAP_PRIVATE|MAP_FIXED|MAP_ANONYMOUS, -1, 0) = 0x7fa21b849000
111   1649362857.531363 close(3</usr/lib/x86_64-linux-gnu/libopcodes-2.37-system.so> <unfinished ...>
110   1649362857.531464 mmap(NULL, 2816160, PROT_READ, MAP_PRIVATE|MAP_DENYWRITE, 3</usr/lib/x86_64-linux-gnu/libmpfr.so.6.1.0>, 0 <unfinished ...>
111   1649362857.531591 <... close resumed>) = 0
110   1649362857.531702 <... mmap resumed>) = 0x7ff6eec15000
111   1649362857.531810 openat(AT_FDCWD, "/lib/x86_64-linux-gnu/libbfd-2.37-system.so", O_RDONLY|O_CLOEXEC <unfinished ...>
110   1649362857.531909 mmap(0x7ff6eec23000, 589824, PROT_READ|PROT_EXEC, MAP_PRIVATE|MAP_FIXED|MAP_DENYWRITE, 3</usr/lib/x86_64-linux-gnu/libmpfr.so.6.1.0>, 0xe000 <unfinished ...>
111   1649362857.532030 <... openat resumed>) = 3</usr/lib/x86_64-linux-gnu/libbfd-2.37-system.so>
110   1649362857.532131 <... mmap resumed>) = 0x7ff6eec23000
111   1649362857.532227 read(3</usr/lib/x86_64-linux-gnu/libbfd-2.37-system.so>,  <unfinished ...>
110   1649362857.532338 mmap(0x7ff6eecb3000, 2121728, PROT_READ, MAP_PRIVATE|MAP_FIXED|MAP_DENYWRITE, 3</usr/lib/x86_64-linux-gnu/libmpfr.so.6.1.0>, 0x9e000 <unfinished ...>
111   1649362857.532459 <... read resumed>"\177"..., 832) = 832
110   1649362857.532558 <... mmap resumed>) = 0x7ff6eecb3000
110   1649362857.532676 mmap(0x7ff6eeeb9000, 49152, PROT_READ|PROT_WRITE, MAP_PRIVATE|MAP_FIXED|MAP_DENYWRITE, 3</usr/lib/x86_64-linux-gnu/libmpfr.so.6.1.0>, 0x2a3000) = 0x7ff6eeeb9000
111   1649362857.532875 mmap(NULL, 1496552, PROT_READ, MAP_PRIVATE|MAP_DENYWRITE, 3</usr/lib/x86_64-linux-gnu/libbfd-2.37-system.so>, 0 <unfinished ...>
110   1649362857.532970 close(3</usr/lib/x86_64-linux-gnu/libmpfr.so.6.1.0> <unfinished ...>
111   1649362857.533065 <... mmap resumed>) = 0x7fa21b5b6000
110   1649362857.533156 <... close resumed>) = 0
110   1649362857.533259 openat(AT_FDCWD, "/lib/x86_64-linux-gnu/libgmp.so.10", O_RDONLY|O_CLOEXEC) = 3</usr/lib/x86_64-linux-gnu/libgmp.so.10.4.1>
111   1649362857.533456 mmap(0x7fa21b5f6000, 901120, PROT_READ|PROT_EXEC, MAP_PRIVATE|MAP_FIXED|MAP_DENYWRITE, 3</usr/lib/x86_64-linux-gnu/libbfd-2.37-system.so>, 0x40000 <unfinished ...>
110   1649362857.533551 read(3</usr/lib/x86_64-linux-gnu/libgmp.so.10.4.1>,  <unfinished ...>
111   1649362857.533644 <... mmap resumed>) = 0x7fa21b5f6000
110   1649362857.533734 <... read resumed>"\177"..., 832) = 832
111   1649362857.533829 mmap(0x7fa21b6d2000, 233472, PROT_READ, MAP_PRIVATE|MAP_FIXED|MAP_DENYWRITE, 3</usr/lib/x86_64-linux-gnu/libbfd-2.37-system.so>, 0x11c000) = 0x7fa21b6d2000
111   1649362857.534033 mmap(0x7fa21b70c000, 98304, PROT_READ|PROT_WRITE, MAP_PRIVATE|MAP_FIXED|MAP_DENYWRITE, 3</usr/lib/x86_64-linux-gnu/libbfd-2.37-system.so>, 0x155000 <unfinished ...>
110   1649362857.534128 mmap(NULL, 527304, PROT_READ, MAP_PRIVATE|MAP_DENYWRITE, 3</usr/lib/x86_64-linux-gnu/libgmp.so.10.4.1>, 0 <unfinished ...>
111   1649362857.534222 <... mmap resumed>) = 0x7fa21b70c000
110   1649362857.534313 <... mmap resumed>) = 0x7ff6eeb94000
111   1649362857.534404 close(3</usr/lib/x86_64-linux-gnu/libbfd-2.37-system.so>) = 0
111   1649362857.534607 openat(AT_FDCWD, "/lib/x86_64-linux-gnu/libz.so.1", O_RDONLY|O_CLOEXEC <unfinished ...>
110   1649362857.534701 mmap(0x7ff6eeb9f000, 376832, PROT_READ|PROT_EXEC, MAP_PRIVATE|MAP_FIXED|MAP_DENYWRITE, 3</usr/lib/x86_64-linux-gnu/libgmp.so.10.4.1>, 0xb000 <unfinished ...>
111   1649362857.534804 <... openat resumed>) = 3</usr/lib/x86_64-linux-gnu/libz.so.1.2.11>
110   1649362857.534906 <... mmap resumed>) = 0x7ff6eeb9f000
111   1649362857.534998 read(3</usr/lib/x86_64-linux-gnu/libz.so.1.2.11>,  <unfinished ...>
110   1649362857.535092 mmap(0x7ff6eebfb000, 94208, PROT_READ, MAP_PRIVATE|MAP_FIXED|MAP_DENYWRITE, 3</usr/lib/x86_64-linux-gnu/libgmp.so.10.4.1>, 0x67000 <unfinished ...>
111   1649362857.535187 <... read resumed>"\177"..., 832) = 832
110   1649362857.535278 <... mmap resumed>) = 0x7ff6eebfb000
110   1649362857.535407 mmap(0x7ff6eec13000, 8192, PROT_READ|PROT_WRITE, MAP_PRIVATE|MAP_FIXED|MAP_DENYWRITE, 3</usr/lib/x86_64-linux-gnu/libgmp.so.10.4.1>, 0x7e000) = 0x7ff6eec13000
111   1649362857.535601 mmap(NULL, 115088, PROT_READ, MAP_PRIVATE|MAP_DENYWRITE, 3</usr/lib/x86_64-linux-gnu/libz.so.1.2.11>, 0 <unfinished ...>
110   1649362857.535694 close(3</usr/lib/x86_64-linux-gnu/libgmp.so.10.4.1> <unfinished ...>
111   1649362857.535787 <... mmap resumed>) = 0x7fa21b599000
110   1649362857.535878 <... close resumed>) = 0
110   1649362857.535979 openat(AT_FDCWD, "/lib/x86_64-linux-gnu/libdl.so.2", O_RDONLY|O_CLOEXEC) = 3</usr/lib/x86_64-linux-gnu/libdl-2.33.so>
111   1649362857.536174 mmap(0x7fa21b59c000, 69632, PROT_READ|PROT_EXEC, MAP_PRIVATE|MAP_FIXED|MAP_DENYWRITE, 3</usr/lib/x86_64-linux-gnu/libz.so.1.2.11>, 0x3000 <unfinished ...>
110   1649362857.536267 read(3</usr/lib/x86_64-linux-gnu/libdl-2.33.so>,  <unfinished ...>
111   1649362857.536361 <... mmap resumed>) = 0x7fa21b59c000
110   1649362857.536452 <... read resumed>"\177"..., 832) = 832
111   1649362857.536544 mmap(0x7fa21b5ad000, 24576, PROT_READ, MAP_PRIVATE|MAP_FIXED|MAP_DENYWRITE, 3</usr/lib/x86_64-linux-gnu/libz.so.1.2.11>, 0x14000) = 0x7fa21b5ad000
111   1649362857.536747 mmap(0x7fa21b5b4000, 8192, PROT_READ|PROT_WRITE, MAP_PRIVATE|MAP_FIXED|MAP_DENYWRITE, 3</usr/lib/x86_64-linux-gnu/libz.so.1.2.11>, 0x1a000 <unfinished ...>
110   1649362857.536841 mmap(NULL, 24816, PROT_READ, MAP_PRIVATE|MAP_DENYWRITE, 3</usr/lib/x86_64-linux-gnu/libdl-2.33.so>, 0 <unfinished ...>
111   1649362857.536934 <... mmap resumed>) = 0x7fa21b5b4000
110   1649362857.537026 <... mmap resumed>) = 0x7ff6eeb8d000
111   1649362857.537117 close(3</usr/lib/x86_64-linux-gnu/libz.so.1.2.11> <unfinished ...>
110   1649362857.537211 mmap(0x7ff6eeb8f000, 8192, PROT_READ|PROT_EXEC, MAP_PRIVATE|MAP_FIXED|MAP_DENYWRITE, 3</usr/lib/x86_64-linux-gnu/libdl-2.33.so>, 0x2000 <unfinished ...>
111   1649362857.537304 <... close resumed>) = 0
110   1649362857.537394 <... mmap resumed>) = 0x7ff6eeb8f000
111   1649362857.537507 openat(AT_FDCWD, "/lib/x86_64-linux-gnu/libc.so.6", O_RDONLY|O_CLOEXEC <unfinished ...>
110   1649362857.537601 mmap(0x7ff6eeb91000, 4096, PROT_READ, MAP_PRIVATE|MAP_FIXED|MAP_DENYWRITE, 3</usr/lib/x86_64-linux-gnu/libdl-2.33.so>, 0x4000 <unfinished ...>
111   1649362857.537694 <... openat resumed>) = 3</usr/lib/x86_64-linux-gnu/libc-2.33.so>
110   1649362857.537788 <... mmap resumed>) = 0x7ff6eeb91000
111   1649362857.537879 read(3</usr/lib/x86_64-linux-gnu/libc-2.33.so>,  <unfinished ...>
110   1649362857.537971 mmap(0x7ff6eeb92000, 8192, PROT_READ|PROT_WRITE, MAP_PRIVATE|MAP_FIXED|MAP_DENYWRITE, 3</usr/lib/x86_64-linux-gnu/libdl-2.33.so>, 0x4000 <unfinished ...>
111   1649362857.538064 <... read resumed>"\177"..., 832) = 832
110   1649362857.538156 <... mmap resumed>) = 0x7ff6eeb92000
110   1649362857.538282 close(3</usr/lib/x86_64-linux-gnu/libdl-2.33.so>) = 0
110   1649362857.538487 openat(AT_FDCWD, "/lib/x86_64-linux-gnu/libz.so.1", O_RDONLY|O_CLOEXEC) = 3</usr/lib/x86_64-linux-gnu/libz.so.1.2.11>
110   1649362857.538697 read(3</usr/lib/x86_64-linux-gnu/libz.so.1.2.11>, "\177"..., 832) = 832
110   1649362857.538942 mmap(NULL, 8192, PROT_READ|PROT_WRITE, MAP_PRIVATE|MAP_ANONYMOUS, -1, 0 <unfinished ...>
111   1649362857.539034 mmap(NULL, 1938296, PROT_READ, MAP_PRIVATE|MAP_DENYWRITE, 3</usr/lib/x86_64-linux-gnu/libc-2.33.so>, 0 <unfinished ...>
110   1649362857.539129 <... mmap resumed>) = 0x7ff6eeb8b000
111   1649362857.539220 <... mmap resumed>) = 0x7fa21b3bf000
110   1649362857.539311 mmap(NULL, 115088, PROT_READ, MAP_PRIVATE|MAP_DENYWRITE, 3</usr/lib/x86_64-linux-gnu/libz.so.1.2.11>, 0) = 0x7ff6eeb6e000
111   1649362857.539525 mmap(0x7fa21b3e5000, 1409024, PROT_READ|PROT_EXEC, MAP_PRIVATE|MAP_FIXED|MAP_DENYWRITE, 3</usr/lib/x86_64-linux-gnu/libc-2.33.so>, 0x26000) = 0x7fa21b3e5000
110   1649362857.539718 mmap(0x7ff6eeb71000, 69632, PROT_READ|PROT_EXEC, MAP_PRIVATE|MAP_FIXED|MAP_DENYWRITE, 3</usr/lib/x86_64-linux-gnu/libz.so.1.2.11>, 0x3000 <unfinished ...>
111   1649362857.539812 mmap(0x7fa21b53d000, 311296, PROT_READ, MAP_PRIVATE|MAP_FIXED|MAP_DENYWRITE, 3</usr/lib/x86_64-linux-gnu/libc-2.33.so>, 0x17e000 <unfinished ...>
110   1649362857.539905 <... mmap resumed>) = 0x7ff6eeb71000
111   1649362857.539996 <... mmap resumed>) = 0x7fa21b53d000
110   1649362857.540090 mmap(0x7ff6eeb82000, 24576, PROT_READ, MAP_PRIVATE|MAP_FIXED|MAP_DENYWRITE, 3</usr/lib/x86_64-linux-gnu/libz.so.1.2.11>, 0x14000 <unfinished ...>
111   1649362857.540183 mmap(0x7fa21b58a000, 24576, PROT_READ|PROT_WRITE, MAP_PRIVATE|MAP_FIXED|MAP_DENYWRITE, 3</usr/lib/x86_64-linux-gnu/libc-2.33.so>, 0x1ca000 <unfinished ...>
110   1649362857.540277 <... mmap resumed>) = 0x7ff6eeb82000
111   1649362857.540368 <... mmap resumed>) = 0x7fa21b58a000
110   1649362857.540465 mmap(0x7ff6eeb89000, 8192, PROT_READ|PROT_WRITE, MAP_PRIVATE|MAP_FIXED|MAP_DENYWRITE, 3</usr/lib/x86_64-linux-gnu/libz.so.1.2.11>, 0x1a000 <unfinished ...>
111   1649362857.540558 mmap(0x7fa21b590000, 33656, PROT_READ|PROT_WRITE, MAP_PRIVATE|MAP_FIXED|MAP_ANONYMOUS, -1, 0) = 0x7fa21b590000
110   1649362857.540756 <... mmap resumed>) = 0x7ff6eeb89000
111   1649362857.540850 close(3</usr/lib/x86_64-linux-gnu/libc-2.33.so> <unfinished ...>
110   1649362857.540944 close(3</usr/lib/x86_64-linux-gnu/libz.so.1.2.11> <unfinished ...>
111   1649362857.541036 <... close resumed>) = 0
110   1649362857.541126 <... close resumed>) = 0
111   1649362857.541217 openat(AT_FDCWD, "/lib/x86_64-linux-gnu/libdl.so.2", O_RDONLY|O_CLOEXEC <unfinished ...>
110   1649362857.541309 openat(AT_FDCWD, "/lib/x86_64-linux-gnu/libzstd.so.1", O_RDONLY|O_CLOEXEC <unfinished ...>
111   1649362857.541404 <... openat resumed>) = 3</usr/lib/x86_64-linux-gnu/libdl-2.33.so>
110   1649362857.541510 <... openat resumed>) = 3</usr/lib/x86_64-linux-gnu/libzstd.so.1.4.8>
111   1649362857.541602 read(3</usr/lib/x86_64-linux-gnu/libdl-2.33.so>,  <unfinished ...>
110   1649362857.541700 read(3</usr/lib/x86_64-linux-gnu/libzstd.so.1.4.8>,  <unfinished ...>
111   1649362857.541793 <... read resumed>"\177"..., 832) = 832
110   1649362857.541886 <... read resumed>"\177"..., 832) = 832
111   1649362857.542021 mmap(NULL, 24816, PROT_READ, MAP_PRIVATE|MAP_DENYWRITE, 3</usr/lib/x86_64-linux-gnu/libdl-2.33.so>, 0 <unfinished ...>
110   1649362857.542116 mmap(NULL, 892984, PROT_READ, MAP_PRIVATE|MAP_DENYWRITE, 3</usr/lib/x86_64-linux-gnu/libzstd.so.1.4.8>, 0 <unfinished ...>
111   1649362857.542211 <... mmap resumed>) = 0x7fa21b3b8000
110   1649362857.542302 <... mmap resumed>) = 0x7ff6eea93000
111   1649362857.542392 mmap(0x7fa21b3ba000, 8192, PROT_READ|PROT_EXEC, MAP_PRIVATE|MAP_FIXED|MAP_DENYWRITE, 3</usr/lib/x86_64-linux-gnu/libdl-2.33.so>, 0x2000) = 0x7fa21b3ba000
111   1649362857.542627 mmap(0x7fa21b3bc000, 4096, PROT_READ, MAP_PRIVATE|MAP_FIXED|MAP_DENYWRITE, 3</usr/lib/x86_64-linux-gnu/libdl-2.33.so>, 0x4000 <unfinished ...>
110   1649362857.542729 mmap(0x7ff6eea9e000, 765952, PROT_READ|PROT_EXEC, MAP_PRIVATE|MAP_FIXED|MAP_DENYWRITE, 3</usr/lib/x86_64-linux-gnu/libzstd.so.1.4.8>, 0xb000 <unfinished ...>
111   1649362857.542832 <... mmap resumed>) = 0x7fa21b3bc000
110   1649362857.542927 <... mmap resumed>) = 0x7ff6eea9e000
111   1649362857.543019 mmap(0x7fa21b3bd000, 8192, PROT_READ|PROT_WRITE, MAP_PRIVATE|MAP_FIXED|MAP_DENYWRITE, 3</usr/lib/x86_64-linux-gnu/libdl-2.33.so>, 0x4000 <unfinished ...>
110   1649362857.543115 mmap(0x7ff6eeb59000, 73728, PROT_READ, MAP_PRIVATE|MAP_FIXED|MAP_DENYWRITE, 3</usr/lib/x86_64-linux-gnu/libzstd.so.1.4.8>, 0xc6000 <unfinished ...>
111   1649362857.543211 <... mmap resumed>) = 0x7fa21b3bd000
110   1649362857.543302 <... mmap resumed>) = 0x7ff6eeb59000
111   1649362857.543393 close(3</usr/lib/x86_64-linux-gnu/libdl-2.33.so> <unfinished ...>
110   1649362857.543488 mmap(0x7ff6eeb6c000, 8192, PROT_READ|PROT_WRITE, MAP_PRIVATE|MAP_FIXED|MAP_DENYWRITE, 3</usr/lib/x86_64-linux-gnu/libzstd.so.1.4.8>, 0xd8000 <unfinished ...>
111   1649362857.543583 <... close resumed>) = 0
110   1649362857.543674 <... mmap resumed>) = 0x7ff6eeb6c000
111   1649362857.543765 mmap(NULL, 8192, PROT_READ|PROT_WRITE, MAP_PRIVATE|MAP_ANONYMOUS, -1, 0 <unfinished ...>
110   1649362857.543857 close(3</usr/lib/x86_64-linux-gnu/libzstd.so.1.4.8> <unfinished ...>
111   1649362857.543951 <... mmap resumed>) = 0x7fa21b3b6000
110   1649362857.544042 <... close resumed>) = 0
110   1649362857.544144 openat(AT_FDCWD, "/lib/x86_64-linux-gnu/libc.so.6", O_RDONLY|O_CLOEXEC) = 3</usr/lib/x86_64-linux-gnu/libc-2.33.so>
110   1649362857.544351 read(3</usr/lib/x86_64-linux-gnu/libc-2.33.so>, "\177"..., 832) = 832
110   1649362857.544822 mmap(NULL, 1938296, PROT_READ, MAP_PRIVATE|MAP_DENYWRITE, 3</usr/lib/x86_64-linux-gnu/libc-2.33.so>, 0) = 0x7ff6ee8b9000
110   1649362857.545163 mmap(0x7ff6ee8df000, 1409024, PROT_READ|PROT_EXEC, MAP_PRIVATE|MAP_FIXED|MAP_DENYWRITE, 3</usr/lib/x86_64-linux-gnu/libc-2.33.so>, 0x26000) = 0x7ff6ee8df000
110   1649362857.545369 mmap(0x7ff6eea37000, 311296, PROT_READ, MAP_PRIVATE|MAP_FIXED|MAP_DENYWRITE, 3</usr/lib/x86_64-linux-gnu/libc-2.33.so>, 0x17e000) = 0x7ff6eea37000
110   1649362857.545582 mmap(0x7ff6eea84000, 24576, PROT_READ|PROT_WRITE, MAP_PRIVATE|MAP_FIXED|MAP_DENYWRITE, 3</usr/lib/x86_64-linux-gnu/libc-2.33.so>, 0x1ca000) = 0x7ff6eea84000
110   1649362857.545786 mmap(0x7ff6eea8a000, 33656, PROT_READ|PROT_WRITE, MAP_PRIVATE|MAP_FIXED|MAP_ANONYMOUS, -1, 0) = 0x7ff6eea8a000
110   1649362857.545996 close(3</usr/lib/x86_64-linux-gnu/libc-2.33.so>) = 0
110   1649362857.546231 mmap(NULL, 8192, PROT_READ|PROT_WRITE, MAP_PRIVATE|MAP_ANONYMOUS, -1, 0) = 0x7ff6ee8b7000
111   1649362857.546644 openat(AT_FDCWD, "/usr/lib/locale/locale-archive", O_RDONLY|O_CLOEXEC) = -1 ENOENT (No such file or directory)
111   1649362857.546871 openat(AT_FDCWD, "/usr/share/locale/locale.alias", O_RDONLY|O_CLOEXEC) = -1 ENOENT (No such file or directory)
111   1649362857.547073 openat(AT_FDCWD, "/usr/lib/locale/en_US.UTF-8/LC_MESSAGES", O_RDONLY|O_CLOEXEC) = -1 ENOENT (No such file or directory)
111   1649362857.547277 openat(AT_FDCWD, "/usr/lib/locale/en_US.utf8/LC_MESSAGES", O_RDONLY|O_CLOEXEC) = 3</usr/lib/locale/en_US.utf8/LC_MESSAGES>
111   1649362857.547592 close(3</usr/lib/locale/en_US.utf8/LC_MESSAGES>) = 0
111   1649362857.547812 openat(AT_FDCWD, "/usr/lib/locale/en_US.utf8/LC_MESSAGES/SYS_LC_MESSAGES", O_RDONLY|O_CLOEXEC) = 3</usr/lib/locale/en_AG/LC_MESSAGES/SYS_LC_MESSAGES>
111   1649362857.548090 mmap(NULL, 57, PROT_READ, MAP_PRIVATE, 3</usr/lib/locale/en_AG/LC_MESSAGES/SYS_LC_MESSAGES>, 0) = 0x7fa21b856000
111   1649362857.548301 close(3</usr/lib/locale/en_AG/LC_MESSAGES/SYS_LC_MESSAGES>) = 0
111   1649362857.548524 openat(AT_FDCWD, "/usr/lib/x86_64-linux-gnu/gconv/gconv-modules.cache", O_RDONLY) = 3</usr/lib/x86_64-linux-gnu/gconv/gconv-modules.cache>
111   1649362857.548780 mmap(NULL, 27002, PROT_READ, MAP_SHARED, 3</usr/lib/x86_64-linux-gnu/gconv/gconv-modules.cache>, 0) = 0x7fa21b84f000
111   1649362857.548985 close(3</usr/lib/x86_64-linux-gnu/gconv/gconv-modules.cache>) = 0
111   1649362857.549225 openat(AT_FDCWD, "/usr/lib/locale/en_US.UTF-8/LC_CTYPE", O_RDONLY|O_CLOEXEC) = -1 ENOENT (No such file or directory)
110   1649362857.549420 openat(AT_FDCWD, "/usr/lib/locale/locale-archive", O_RDONLY|O_CLOEXEC <unfinished ...>
111   1649362857.549515 openat(AT_FDCWD, "/usr/lib/locale/en_US.utf8/LC_CTYPE", O_RDONLY|O_CLOEXEC <unfinished ...>
110   1649362857.549609 <... openat resumed>) = -1 ENOENT (No such file or directory)
111   1649362857.549703 <... openat resumed>) = 3</usr/lib/locale/aa_DJ.utf8/LC_CTYPE>
110   1649362857.549798 openat(AT_FDCWD, "/usr/share/locale/locale.alias", O_RDONLY|O_CLOEXEC) = -1 ENOENT (No such file or directory)
110   1649362857.550000 openat(AT_FDCWD, "/usr/lib/locale/en_US.UTF-8/LC_CTYPE", O_RDONLY|O_CLOEXEC <unfinished ...>
111   1649362857.550094 mmap(NULL, 346132, PROT_READ, MAP_PRIVATE, 3</usr/lib/locale/aa_DJ.utf8/LC_CTYPE>, 0 <unfinished ...>
110   1649362857.550187 <... openat resumed>) = -1 ENOENT (No such file or directory)
111   1649362857.550279 <... mmap resumed>) = 0x7fa21b361000
110   1649362857.550370 openat(AT_FDCWD, "/usr/lib/locale/en_US.utf8/LC_CTYPE", O_RDONLY|O_CLOEXEC <unfinished ...>
111   1649362857.550469 close(3</usr/lib/locale/aa_DJ.utf8/LC_CTYPE> <unfinished ...>
110   1649362857.550562 <... openat resumed>) = 3</usr/lib/locale/aa_DJ.utf8/LC_CTYPE>
111   1649362857.550661 <... close resumed>) = 0
110   1649362857.550814 mmap(NULL, 346132, PROT_READ, MAP_PRIVATE, 3</usr/lib/locale/aa_DJ.utf8/LC_CTYPE>, 0) = 0x7ff6ee862000
110   1649362857.551022 close(3</usr/lib/locale/aa_DJ.utf8/LC_CTYPE>) = 0
110   1649362857.551225 openat(AT_FDCWD, "/usr/lib/x86_64-linux-gnu/gconv/gconv-modules.cache", O_RDONLY <unfinished ...>
111   1649362857.551319 openat(AT_FDCWD, "/tmp/cc5RYgNF.o", O_RDWR|O_CREAT|O_TRUNC, 0666 <unfinished ...>
110   1649362857.551413 <... openat resumed>) = 3</usr/lib/x86_64-linux-gnu/gconv/gconv-modules.cache>
111   1649362857.551516 <... openat resumed>) = 3</tmp/cc5RYgNF.o>
110   1649362857.551654 mmap(NULL, 27002, PROT_READ, MAP_SHARED, 3</usr/lib/x86_64-linux-gnu/gconv/gconv-modules.cache>, 0) = 0x7ff6ef0ef000
110   1649362857.551900 close(3</usr/lib/x86_64-linux-gnu/gconv/gconv-modules.cache>) = 0
110   1649362857.552161 openat(AT_FDCWD, "/usr/lib/locale/en_US.UTF-8/LC_MESSAGES", O_RDONLY|O_CLOEXEC) = -1 ENOENT (No such file or directory)
110   1649362857.552422 openat(AT_FDCWD, "/usr/lib/locale/en_US.utf8/LC_MESSAGES", O_RDONLY|O_CLOEXEC) = 3</usr/lib/locale/en_US.utf8/LC_MESSAGES>
111   1649362857.552686 openat(AT_FDCWD, "/usr/share/locale/en_US.UTF-8/LC_MESSAGES/gas.mo", O_RDONLY <unfinished ...>
110   1649362857.552782 close(3</usr/lib/locale/en_US.utf8/LC_MESSAGES> <unfinished ...>
111   1649362857.552877 <... openat resumed>) = -1 ENOENT (No such file or directory)
110   1649362857.552970 <... close resumed>) = 0
111   1649362857.553062 openat(AT_FDCWD, "/usr/share/locale/en_US.utf8/LC_MESSAGES/gas.mo", O_RDONLY <unfinished ...>
110   1649362857.553156 openat(AT_FDCWD, "/usr/lib/locale/en_US.utf8/LC_MESSAGES/SYS_LC_MESSAGES", O_RDONLY|O_CLOEXEC <unfinished ...>
111   1649362857.553249 <... openat resumed>) = -1 ENOENT (No such file or directory)
110   1649362857.553341 <... openat resumed>) = 3</usr/lib/locale/en_AG/LC_MESSAGES/SYS_LC_MESSAGES>
111   1649362857.553439 openat(AT_FDCWD, "/usr/share/locale/en_US/LC_MESSAGES/gas.mo", O_RDONLY) = -1 ENOENT (No such file or directory)
111   1649362857.553651 openat(AT_FDCWD, "/usr/share/locale/en.UTF-8/LC_MESSAGES/gas.mo", O_RDONLY <unfinished ...>
110   1649362857.553744 mmap(NULL, 57, PROT_READ, MAP_PRIVATE, 3</usr/lib/locale/en_AG/LC_MESSAGES/SYS_LC_MESSAGES>, 0 <unfinished ...>
111   1649362857.553838 <... openat resumed>) = -1 ENOENT (No such file or directory)
110   1649362857.553930 <... mmap resumed>) = 0x7ff6ef0ee000
111   1649362857.554021 openat(AT_FDCWD, "/usr/share/locale/en.utf8/LC_MESSAGES/gas.mo", O_RDONLY <unfinished ...>
110   1649362857.554114 close(3</usr/lib/locale/en_AG/LC_MESSAGES/SYS_LC_MESSAGES> <unfinished ...>
111   1649362857.554207 <... openat resumed>) = -1 ENOENT (No such file or directory)
110   1649362857.554300 <... close resumed>) = 0
111   1649362857.554393 openat(AT_FDCWD, "/usr/share/locale/en/LC_MESSAGES/gas.mo", O_RDONLY <unfinished ...>
110   1649362857.554488 openat(AT_FDCWD, "/usr/share/locale/en_US.UTF-8/LC_MESSAGES/gcc-11.mo", O_RDONLY <unfinished ...>
111   1649362857.554581 <... openat resumed>) = -1 ENOENT (No such file or directory)
110   1649362857.554674 <... openat resumed>) = -1 ENOENT (No such file or directory)
110   1649362857.554779 openat(AT_FDCWD, "/usr/share/locale/en_US.utf8/LC_MESSAGES/gcc-11.mo", O_RDONLY) = -1 ENOENT (No such file or directory)
111   1649362857.554973 read(0<pipe:[2116]>,  <unfinished ...>
110   1649362857.555104 openat(AT_FDCWD, "/usr/share/locale/en_US/LC_MESSAGES/gcc-11.mo", O_RDONLY) = -1 ENOENT (No such file or directory)
110   1649362857.555324 openat(AT_FDCWD, "/usr/share/locale/en.UTF-8/LC_MESSAGES/gcc-11.mo", O_RDONLY) = -1 ENOENT (No such file or directory)
110   1649362857.555549 openat(AT_FDCWD, "/usr/share/locale/en.utf8/LC_MESSAGES/gcc-11.mo", O_RDONLY) = -1 ENOENT (No such file or directory)
110   1649362857.555767 openat(AT_FDCWD, "/usr/share/locale/en/LC_MESSAGES/gcc-11.mo", O_RDONLY) = -1 ENOENT (No such file or directory)
110   1649362857.556410 mmap(NULL, 4096, PROT_READ|PROT_WRITE, MAP_PRIVATE|MAP_ANONYMOUS, -1, 0) = 0x7ff6ef0ed000
110   1649362857.556692 mmap(NULL, 135168, PROT_READ|PROT_WRITE, MAP_PRIVATE|MAP_ANONYMOUS, -1, 0) = 0x7ff6ee841000
110   1649362857.556981 mmap(NULL, 2097152, PROT_READ|PROT_WRITE, MAP_PRIVATE|MAP_ANONYMOUS, -1, 0) = 0x7ff6ee641000
110   1649362857.557226 mmap(NULL, 8192, PROT_READ|PROT_WRITE, MAP_PRIVATE|MAP_ANONYMOUS, -1, 0) = 0x7ff6ef0eb000
110   1649362857.557454 mmap(NULL, 8192, PROT_READ|PROT_WRITE, MAP_PRIVATE|MAP_ANONYMOUS, -1, 0) = 0x7ff6ef0e9000
110   1649362857.557675 mmap(NULL, 8192, PROT_READ|PROT_WRITE, MAP_PRIVATE|MAP_ANONYMOUS, -1, 0) = 0x7ff6ee63f000
110   1649362857.557899 mmap(NULL, 16384, PROT_READ|PROT_WRITE, MAP_PRIVATE|MAP_ANONYMOUS, -1, 0) = 0x7ff6ee63b000
110   1649362857.564464 openat(AT_FDCWD, "server.cpp", O_RDONLY|O_NOCTTY) = 3</mnt/c/Users/heade/Documents/COP 5570/Assign3/server.cpp>
110   1649362857.565295 read(3</mnt/c/Users/heade/Documents/COP 5570/Assign3/server.cpp>, "#"..., 9215) = 9215
110   1649362857.565651 close(3</mnt/c/Users/heade/Documents/COP 5570/Assign3/server.cpp>) = 0
110   1649362857.566041 mmap(NULL, 8192, PROT_READ|PROT_WRITE, MAP_PRIVATE|MAP_ANONYMOUS, -1, 0) = 0x7ff6ee639000
110   1649362857.566360 mmap(NULL, 8192, PROT_READ|PROT_WRITE, MAP_PRIVATE|MAP_ANONYMOUS, -1, 0) = 0x7ff6ee637000
110   1649362857.567316 mmap(NULL, 8192, PROT_READ|PROT_WRITE, MAP_PRIVATE|MAP_ANONYMOUS, -1, 0) = 0x7ff6ee635000
110   1649362857.567904 mmap(NULL, 16384, PROT_READ|PROT_WRITE, MAP_PRIVATE|MAP_ANONYMOUS, -1, 0) = 0x7ff6ee631000
110   1649362857.568830 mmap(NULL, 32768, PROT_READ|PROT_WRITE, MAP_PRIVATE|MAP_ANONYMOUS, -1, 0) = 0x7ff6ee629000
110   1649362857.570371 openat(AT_FDCWD, "/usr/include/c++/11/stdc-predef.h", O_RDONLY|O_NOCTTY) = -1 ENOENT (No such file or directory)
110   1649362857.571071 openat(AT_FDCWD, "/usr/include/x86_64-linux-gnu/c++/11/stdc-predef.h", O_RDONLY|O_NOCTTY) = -1 ENOENT (No such file or directory)
110   1649362857.571719 openat(AT_FDCWD, "/usr/include/c++/11/backward/stdc-predef.h", O_RDONLY|O_NOCTTY) = -1 ENOENT (No such file or directory)
110   1649362857.572478 openat(AT_FDCWD, "/usr/lib/gcc/x86_64-linux-gnu/11/include/stdc-predef.h", O_RDONLY|O_NOCTTY) = -1 ENOENT (No such file or directory)
110   1649362857.573040 openat(AT_FDCWD, "/usr/local/include/stdc-predef.h", O_RDONLY|O_NOCTTY) = -1 ENOENT (No such file or directory)
110   1649362857.573600 openat(AT_FDCWD, "/usr/include/x86_64-linux-gnu/stdc-predef.h", O_RDONLY|O_NOCTTY) = -1 ENOENT (No such file or directory)
110   1649362857.574088 openat(AT_FDCWD, "/usr/include/stdc-predef.h", O_RDONLY|O_NOCTTY) = 3</usr/include/stdc-predef.h>
110   1649362857.574413 read(3</usr/include/stdc-predef.h>, "/"..., 2290) = 2290
110   1649362857.574639 close(3</usr/include/stdc-predef.h>) = 0
110   1649362857.575229 openat(AT_FDCWD, "/usr/include/c++/11/iostream", O_RDONLY|O_NOCTTY) = 3</usr/include/c++/11/iostream>
110   1649362857.575543 read(3</usr/include/c++/11/iostream>, "/"..., 2697) = 2697
110   1649362857.575762 close(3</usr/include/c++/11/iostream>) = 0
110   1649362857.576324 openat(AT_FDCWD, "/usr/include/c++/11/bits/c++config.h", O_RDONLY|O_NOCTTY) = -1 ENOENT (No such file or directory)
110   1649362857.576951 openat(AT_FDCWD, "/usr/include/x86_64-linux-gnu/c++/11/bits/c++config.h", O_RDONLY|O_NOCTTY) = 3</usr/include/x86_64-linux-gnu/c++/11/bits/c++config.h>
110   1649362857.577266 read(3</usr/include/x86_64-linux-gnu/c++/11/bits/c++config.h>, "/"..., 64238) = 64238
110   1649362857.577519 close(3</usr/include/x86_64-linux-gnu/c++/11/bits/c++config.h>) = 0
110   1649362857.577796 mmap(NULL, 524288, PROT_READ|PROT_WRITE, MAP_PRIVATE|MAP_ANONYMOUS, -1, 0) = 0x7ff6ee5a9000
110   1649362857.579122 openat(AT_FDCWD, "/usr/include/c++/11/bits/os_defines.h", O_RDONLY|O_NOCTTY) = -1 ENOENT (No such file or directory)
110   1649362857.579836 openat(AT_FDCWD, "/usr/include/x86_64-linux-gnu/c++/11/bits/os_defines.h", O_RDONLY|O_NOCTTY) = 3</usr/include/x86_64-linux-gnu/c++/11/bits/os_defines.h>
